<html>
<body>
<pre>
<h1>µVision Build Log</h1>
<h2>Tool Versions:</h2>
IDE-Version: £gVision V5.36.0.0
Copyright (C) 2021 ARM Ltd and ARM Germany GmbH. All rights reserved.
License Information: 123 P350, 123, LIC=FQQMA-176EF-E0LN4-FGVP1-C1LV4-YBPSS
 
Tool Versions:
Toolchain:       MDK-ARM Professional  Version: 5.36.0.0
Toolchain Path:  C:\Keil_v5\ARM\ARMCLANG\Bin
C Compiler:      ArmClang.exe V6.16
Assembler:       Armasm.exe V6.16
Linker/Locator:  ArmLink.exe V6.16
Library Manager: ArmAr.exe V6.16
Hex Converter:   FromElf.exe V6.16
CPU DLL:         SARMCM3.DLL V5.36.0.0
Dialog DLL:      DCM.DLL V1.17.3.0
Target DLL:      Segger\JL2CM3.dll V2.99.26.0
Dialog DLL:      TCM.DLL V1.53.0.0
 
<h2>Project:</h2>
D:\20240115\rafael-iot-sdk-das\examples\das_subg_thread\keil\das_subg_thread.uvprojx
Project File Date:  03/18/2024

<h2>Output:</h2>
*** Using Compiler 'V6.16', folder: 'C:\Keil_v5\ARM\ARMCLANG\Bin'
*** Warning: You are compiling one or more files of source type C++ and have selected 'use MicroLIB'. MicroLIB does not support C++!
  
Build target 'das_subg_thread'
Note: source file '..\..\..\components\network\thread\subg_openthread\src\core\utils\heap.cpp' - object file renamed from '.\Objects\heap.o' to '.\Objects\heap_1.o'.
Note: source file '..\..\..\components\network\thread\subg_openthread\third_party\mbedtls\repo\library\sha256.c' - object file renamed from '.\Objects\sha256.o' to '.\Objects\sha256_1.o'.
Note: source file '..\..\..\components\network\thread\subg_openthread\examples\platforms\utils\link_metrics.cpp' - object file renamed from '.\Objects\link_metrics.o' to '.\Objects\link_metrics_1.o'.
Note: source file '..\..\..\components\network\thread\subg_openthread\examples\platforms\utils\mac_frame.cpp' - object file renamed from '.\Objects\mac_frame.o' to '.\Objects\mac_frame_1.o'.
Note: source file '..\..\..\components\platform\soc\rt582\rt582_driver\Src\timer.c' - object file renamed from '.\Objects\timer.o' to '.\Objects\timer_1.o'.
Note: source file '..\..\..\components\platform\soc\rt582\rt582_dongle\dongle\src\debug.c' - object file renamed from '.\Objects\debug.o' to '.\Objects\debug_1.o'.
Note: source file '..\..\..\components\platform\soc\rt582\rt582_dongle\dongle\src\system_cm3_mcu.c' - object file renamed from '.\Objects\system_cm3_mcu.o' to '.\Objects\system_cm3_mcu_1.o'.
Note: source file '..\..\..\components\utility\cli\cli.c' - object file renamed from '.\Objects\cli.o' to '.\Objects\cli_1.o'.
Before Build - User command #1: python C:\Users\testo\Desktop\rafel_das_watchdog\rafael-iot-sdk-das-Release_v1.0.0\rafael-iot-sdk-das-Release_v1.0.0\update_version.py
Python was not found but can be installed from the Microsoft Store: ms-windows-store://pdp/?productid=9NJ46SX7X90P
creating list file for main.c...
compiling main.c...
compiling app_udp.c...
creating list file for app_udp.c...
compiling app_uart.c...
compiling app_task.c...
creating list file for app_uart.c...
creating list file for app_task.c...
compiling network_management.c...
creating list file for network_management.c...
creating list file for das_dlms_cmd.c...
compiling das_dlms_cmd.c...
linking...
Program Size: Code=335828 RO-data=92584 RW-data=960 ZI-data=92520  
FromELF: creating hex file...
After Build - User command #1: C:\Keil_v5\\ARM\ARMCC\bin\fromelf.exe --bin --output=Bin\das_subg_thread.bin .\Objects\das_subg_thread.axf
".\Objects\das_subg_thread.axf" - 0 Error(s), 0 Warning(s).

<h2>Software Packages used:</h2>

Package Vendor: ARM
                http://www.keil.com/pack/ARM.CMSIS.5.8.0.pack
                ARM.CMSIS.5.8.0
                CMSIS (Common Microcontroller Software Interface Standard)
   * Component: CORE Version: 5.5.0

<h2>Collection of Component include folders:</h2>
  .\RTE\_das_subg_thread
  C:\Users\P350\AppData\Local\Arm\Packs\ARM\CMSIS\5.8.0\CMSIS\Core\Include
  C:\Users\P350\AppData\Local\Arm\Packs\ARM\CMSIS\5.8.0\Device\ARM\ARMCM3\Include

<h2>Collection of Component Files used:</h2>

   * Component: ARM::CMSIS:CORE:5.5.0
Build Time Elapsed:  00:00:43
</pre>
</body>
</html>
