<html>
<body>
<pre>
<h1>µVision Build Log</h1>
<h2>Tool Versions:</h2>
IDE-Version: £gVision V5.36.0.0
Copyright (C) 2021 ARM Ltd and ARM Germany GmbH. All rights reserved.
License Information: 123 P350, 123, LIC=FQQMA-176EF-E0LN4-FGVP1-C1LV4-YBPSS
 
Tool Versions:
Toolchain:       MDK-ARM Professional  Version: 5.36.0.0
Toolchain Path:  C:\Keil_v5\ARM\ARMCLANG\Bin
C Compiler:      ArmClang.exe V6.16
Assembler:       Armasm.exe V6.16
Linker/Locator:  ArmLink.exe V6.16
Library Manager: ArmAr.exe V6.16
Hex Converter:   FromElf.exe V6.16
CPU DLL:         SARMCM3.DLL V5.36.0.0
Dialog DLL:      DCM.DLL V1.17.3.0
Target DLL:      Segger\JL2CM3.dll V2.99.26.0
Dialog DLL:      TCM.DLL V1.53.0.0
 
<h2>Project:</h2>
D:\20240115\rafael-iot-sdk-das\examples\das_subg_thread\keil\das_subg_thread.uvprojx
Project File Date:  03/18/2024

<h2>Output:</h2>
*** Using Compiler 'V6.16', folder: 'C:\Keil_v5\ARM\ARMCLANG\Bin'
*** Warning: You are compiling one or more files of source type C++ and have selected 'use MicroLIB'. MicroLIB does not support C++!
  
Rebuild target 'das_subg_thread'
Note: source file '..\..\..\components\network\thread\subg_openthread\src\core\utils\heap.cpp' - object file renamed from '.\Objects\heap.o' to '.\Objects\heap_1.o'.
Note: source file '..\..\..\components\network\thread\subg_openthread\third_party\mbedtls\repo\library\sha256.c' - object file renamed from '.\Objects\sha256.o' to '.\Objects\sha256_1.o'.
Note: source file '..\..\..\components\network\thread\subg_openthread\examples\platforms\utils\link_metrics.cpp' - object file renamed from '.\Objects\link_metrics.o' to '.\Objects\link_metrics_1.o'.
Note: source file '..\..\..\components\network\thread\subg_openthread\examples\platforms\utils\mac_frame.cpp' - object file renamed from '.\Objects\mac_frame.o' to '.\Objects\mac_frame_1.o'.
Note: source file '..\..\..\components\platform\soc\rt582\rt582_driver\Src\timer.c' - object file renamed from '.\Objects\timer.o' to '.\Objects\timer_1.o'.
Note: source file '..\..\..\components\platform\soc\rt582\rt582_dongle\dongle\src\debug.c' - object file renamed from '.\Objects\debug.o' to '.\Objects\debug_1.o'.
Note: source file '..\..\..\components\platform\soc\rt582\rt582_dongle\dongle\src\system_cm3_mcu.c' - object file renamed from '.\Objects\system_cm3_mcu.o' to '.\Objects\system_cm3_mcu_1.o'.
Note: source file '..\..\..\components\utility\cli\cli.c' - object file renamed from '.\Objects\cli.o' to '.\Objects\cli_1.o'.
Before Build - User command #1: python C:\Users\testo\Desktop\rafel_das_watchdog\rafael-iot-sdk-das-Release_v1.0.0\rafael-iot-sdk-das-Release_v1.0.0\update_version.py
Python was not found but can be installed from the Microsoft Store: ms-windows-store://pdp/?productid=9NJ46SX7X90P
creating list file for backbone_router_ftd_api.cpp...
compiling backbone_router_ftd_api.cpp...
compiling border_router_api.cpp...
creating list file for border_router_api.cpp...
creating list file for channel_manager_api.cpp...
creating list file for border_routing_api.cpp...
creating list file for border_agent_api.cpp...
compiling border_agent_api.cpp...
creating list file for channel_monitor_api.cpp...
compiling border_routing_api.cpp...
compiling channel_manager_api.cpp...
compiling channel_monitor_api.cpp...
creating list file for coap_secure_api.cpp...
compiling coap_secure_api.cpp...
creating list file for commissioner_api.cpp...
compiling commissioner_api.cpp...
compiling backbone_router_api.cpp...
creating list file for backbone_router_api.cpp...
creating list file for child_supervision_api.cpp...
creating list file for dataset_updater_api.cpp...
creating list file for diags_api.cpp...
compiling dataset_updater_api.cpp...
compiling diags_api.cpp...
compiling child_supervision_api.cpp...
compiling crypto_api.cpp...
compiling coap_api.cpp...
compiling dataset_api.cpp...
creating list file for dataset_ftd_api.cpp...
creating list file for crypto_api.cpp...
creating list file for coap_api.cpp...
creating list file for dataset_api.cpp...
creating list file for error_api.cpp...
compiling error_api.cpp...
compiling dataset_ftd_api.cpp...
creating list file for history_tracker_api.cpp...
creating list file for heap_api.cpp...
compiling history_tracker_api.cpp...
compiling heap_api.cpp...
compiling dns_api.cpp...
creating list file for dns_api.cpp...
creating list file for dns_server_api.cpp...
compiling dns_server_api.cpp...
compiling jam_detection_api.cpp...
creating list file for jam_detection_api.cpp...
creating list file for link_metrics_api.cpp...
compiling icmp6_api.cpp...
compiling instance_api.cpp...
compiling link_metrics_api.cpp...
creating list file for link_raw_api.cpp...
compiling link_raw_api.cpp...
creating list file for icmp6_api.cpp...
creating list file for instance_api.cpp...
compiling ip6_api.cpp...
creating list file for ip6_api.cpp...
compiling joiner_api.cpp...
creating list file for mesh_diag_api.cpp...
compiling mesh_diag_api.cpp...
creating list file for joiner_api.cpp...
creating list file for multi_radio_api.cpp...
compiling multi_radio_api.cpp...
compiling link_api.cpp...
creating list file for link_api.cpp...
creating list file for netdata_publisher_api.cpp...
compiling netdata_publisher_api.cpp...
creating list file for logging_api.cpp...
creating list file for network_time_api.cpp...
compiling logging_api.cpp...
compiling message_api.cpp...
compiling network_time_api.cpp...
creating list file for message_api.cpp...
compiling nat64_api.cpp...
creating list file for nat64_api.cpp...
compiling netdata_api.cpp...
creating list file for netdata_api.cpp...
compiling random_crypto_api.cpp...
creating list file for random_crypto_api.cpp...
creating list file for server_api.cpp...
compiling server_api.cpp...
creating list file for random_noncrypto_api.cpp...
compiling random_noncrypto_api.cpp...
compiling netdiag_api.cpp...
creating list file for sntp_api.cpp...
creating list file for netdiag_api.cpp...
compiling sntp_api.cpp...
creating list file for srp_client_api.cpp...
compiling srp_client_api.cpp...
creating list file for ping_sender_api.cpp...
compiling ping_sender_api.cpp...
creating list file for srp_server_api.cpp...
compiling srp_server_api.cpp...
creating list file for tcp_api.cpp...
compiling tcp_api.cpp...
creating list file for tcp_ext_api.cpp...
compiling tcp_ext_api.cpp...
creating list file for trel_api.cpp...
compiling trel_api.cpp...
creating list file for srp_client_buffers_api.cpp...
compiling srp_client_buffers_api.cpp...
creating list file for backbone_tmf.cpp...
compiling backbone_tmf.cpp...
compiling tasklet_api.cpp...
creating list file for tasklet_api.cpp...
creating list file for bbr_local.cpp...
creating list file for bbr_manager.cpp...
compiling bbr_local.cpp...
compiling bbr_manager.cpp...
compiling thread_api.cpp...
compiling thread_ftd_api.cpp...
creating list file for multicast_listeners_table.cpp...
compiling multicast_listeners_table.cpp...
creating list file for thread_api.cpp...
compiling udp_api.cpp...
creating list file for thread_ftd_api.cpp...
creating list file for ndproxy_table.cpp...
creating list file for udp_api.cpp...
compiling ndproxy_table.cpp...
creating list file for infra_if.cpp...
compiling infra_if.cpp...
compiling bbr_leader.cpp...
creating list file for bbr_leader.cpp...
creating list file for routing_manager.cpp...
compiling routing_manager.cpp...
creating list file for binary_search.cpp...
compiling binary_search.cpp...
creating list file for crc16.cpp...
compiling crc16.cpp...
creating list file for appender.cpp...
compiling error.cpp...
creating list file for data.cpp...
creating list file for error.cpp...
compiling data.cpp...
compiling appender.cpp...
compiling coap_secure.cpp...
compiling coap_message.cpp...
creating list file for coap_secure.cpp...
compiling coap.cpp...
creating list file for coap_message.cpp...
compiling frame_builder.cpp...
creating list file for coap.cpp...
creating list file for frame_data.cpp...
creating list file for heap.cpp...
compiling frame_data.cpp...
creating list file for frame_builder.cpp...
creating list file for heap_string.cpp...
compiling heap_string.cpp...
compiling heap_data.cpp...
creating list file for heap_data.cpp...
creating list file for preference.cpp...
compiling heap.cpp...
compiling preference.cpp...
creating list file for random.cpp...
compiling random.cpp...
compiling instance.cpp...
creating list file for instance.cpp...
compiling log.cpp...
creating list file for log.cpp...
compiling notifier.cpp...
creating list file for string.cpp...
compiling string.cpp...
creating list file for notifier.cpp...
creating list file for timer.cpp...
compiling message.cpp...
creating list file for message.cpp...
compiling settings.cpp...
creating list file for settings.cpp...
creating list file for uptime.cpp...
compiling uptime.cpp...
compiling tasklet.cpp...
creating list file for tlvs.cpp...
compiling trickle_timer.cpp...
creating list file for trickle_timer.cpp...
creating list file for tasklet.cpp...
compiling time_ticker.cpp...
compiling tlvs.cpp...
creating list file for time_ticker.cpp...
compiling timer.cpp...
creating list file for aes_ccm.cpp...
creating list file for aes_ecb.cpp...
compiling aes_ccm.cpp...
compiling aes_ecb.cpp...
compiling hkdf_sha256.cpp...
creating list file for hkdf_sha256.cpp...
creating list file for mbedtls.cpp...
compiling hmac_sha256.cpp...
creating list file for factory_diags.cpp...
creating list file for hmac_sha256.cpp...
creating list file for sha256.cpp...
creating list file for storage.cpp...
compiling mbedtls.cpp...
compiling factory_diags.cpp...
compiling storage.cpp...
compiling sha256.cpp...
creating list file for channel_mask.cpp...
compiling crypto_platform.cpp...
creating list file for crypto_platform.cpp...
creating list file for link_raw.cpp...
compiling link_raw.cpp...
compiling channel_mask.cpp...
creating list file for mac_frame.cpp...
creating list file for mac_filter.cpp...
compiling mac_filter.cpp...
compiling data_poll_handler.cpp...
compiling mac_types.cpp...
creating list file for mac_types.cpp...
creating list file for data_poll_handler.cpp...
compiling data_poll_sender.cpp...
creating list file for data_poll_sender.cpp...
compiling mac_frame.cpp...
creating list file for announce_begin_client.cpp...
compiling announce_begin_client.cpp...
creating list file for border_agent.cpp...
compiling mac.cpp...
compiling mac_links.cpp...
compiling border_agent.cpp...
creating list file for commissioner.cpp...
creating list file for mac_links.cpp...
creating list file for mac.cpp...
compiling commissioner.cpp...
creating list file for sub_mac.cpp...
compiling sub_mac_callbacks.cpp...
compiling sub_mac.cpp...
creating list file for sub_mac_callbacks.cpp...
creating list file for dataset_updater.cpp...
compiling dataset_updater.cpp...
creating list file for energy_scan_client.cpp...
compiling energy_scan_client.cpp...
compiling dataset_local.cpp...
creating list file for dataset_local.cpp...
compiling dataset.cpp...
compiling dataset_manager_ftd.cpp...
creating list file for dataset.cpp...
compiling dataset_manager.cpp...
creating list file for dataset_manager.cpp...
creating list file for dataset_manager_ftd.cpp...
creating list file for dtls.cpp...
compiling dtls.cpp...
compiling extended_panid.cpp...
creating list file for extended_panid.cpp...
creating list file for joiner.cpp...
creating list file for panid_query_client.cpp...
compiling panid_query_client.cpp...
compiling joiner.cpp...
creating list file for meshcop_tlvs.cpp...
compiling meshcop_tlvs.cpp...
compiling joiner_router.cpp...
creating list file for timestamp.cpp...
creating list file for joiner_router.cpp...
compiling meshcop.cpp...
compiling meshcop_leader.cpp...
creating list file for meshcop_leader.cpp...
creating list file for meshcop.cpp...
compiling network_name.cpp...
creating list file for network_name.cpp...
creating list file for dhcp6_client.cpp...
compiling dhcp6_client.cpp...
creating list file for dhcp6_server.cpp...
compiling dhcp6_server.cpp...
compiling timestamp.cpp...
creating list file for dns_client.cpp...
compiling dns_client.cpp...
creating list file for dns_dso.cpp...
compiling dns_dso.cpp...
compiling checksum.cpp...
creating list file for checksum.cpp...
creating list file for dnssd_server.cpp...
compiling dnssd_server.cpp...
compiling dns_platform.cpp...
creating list file for dns_platform.cpp...
compiling ip4_types.cpp...
creating list file for ip4_types.cpp...
compiling icmp6.cpp...
compiling dns_types.cpp...
creating list file for ip6_headers.cpp...
creating list file for icmp6.cpp...
creating list file for ip6_address.cpp...
creating list file for dns_types.cpp...
compiling ip6_address.cpp...
creating list file for ip6_filter.cpp...
creating list file for nd_agent.cpp...
compiling ip6_headers.cpp...
compiling ip6_filter.cpp...
creating list file for nat64_translator.cpp...
compiling ip6.cpp...
creating list file for ip6.cpp...
compiling nd_agent.cpp...
compiling nat64_translator.cpp...
creating list file for sntp_client.cpp...
compiling ip6_mpl.cpp...
compiling nd6.cpp...
creating list file for nd6.cpp...
compiling sntp_client.cpp...
creating list file for srp_client.cpp...
creating list file for srp_server.cpp...
compiling srp_client.cpp...
creating list file for ip6_mpl.cpp...
compiling srp_server.cpp...
creating list file for tcp6.cpp...
compiling socket.cpp...
creating list file for socket.cpp...
compiling tcp6.cpp...
creating list file for tcp6_ext.cpp...
compiling tcp6_ext.cpp...
creating list file for netif.cpp...
compiling netif.cpp...
creating list file for trel_interface.cpp...
compiling trel_interface.cpp...
creating list file for trel_link.cpp...
compiling trel_link.cpp...
creating list file for trel_packet.cpp...
compiling trel_packet.cpp...
compiling radio.cpp...
compiling radio_callbacks.cpp...
compiling udp6.cpp...
creating list file for radio.cpp...
creating list file for radio_callbacks.cpp...
creating list file for radio_platform.cpp...
compiling radio_platform.cpp...
creating list file for udp6.cpp...
creating list file for anycast_locator.cpp...
compiling anycast_locator.cpp...
compiling announce_begin_server.cpp...
creating list file for announce_begin_server.cpp...
compiling announce_sender.cpp...
creating list file for announce_sender.cpp...
compiling address_resolver.cpp...
creating list file for address_resolver.cpp...
compiling child_supervision.cpp...
creating list file for child_supervision.cpp...
compiling child_table.cpp...
compiling csl_tx_scheduler.cpp...
creating list file for csl_tx_scheduler.cpp...
creating list file for child_table.cpp...
compiling discover_scanner.cpp...
creating list file for discover_scanner.cpp...
creating list file for link_metrics_types.cpp...
compiling link_metrics.cpp...
creating list file for dua_manager.cpp...
compiling link_metrics_types.cpp...
creating list file for link_metrics.cpp...
compiling energy_scan_server.cpp...
compiling dua_manager.cpp...
creating list file for energy_scan_server.cpp...
compiling indirect_sender.cpp...
creating list file for indirect_sender.cpp...
creating list file for key_manager.cpp...
compiling key_manager.cpp...
compiling link_quality.cpp...
creating list file for link_quality.cpp...
compiling mesh_forwarder_mtd.cpp...
compiling lowpan.cpp...
compiling mesh_forwarder_ftd.cpp...
creating list file for mesh_forwarder_mtd.cpp...
creating list file for mle_tlvs.cpp...
compiling mle_tlvs.cpp...
creating list file for mle_types.cpp...
compiling mesh_forwarder.cpp...
creating list file for lowpan.cpp...
creating list file for mesh_forwarder_ftd.cpp...
creating list file for mesh_forwarder.cpp...
compiling mle_types.cpp...
compiling mle.cpp...
compiling mle_router.cpp...
creating list file for mle.cpp...
creating list file for network_data_local.cpp...
compiling neighbor_table.cpp...
creating list file for mle_router.cpp...
compiling mlr_manager.cpp...
compiling network_data.cpp...
compiling network_data_leader.cpp...
compiling network_data_leader_ftd.cpp...
creating list file for neighbor_table.cpp...
creating list file for network_data_leader.cpp...
creating list file for mlr_manager.cpp...
creating list file for network_data.cpp...
compiling network_data_local.cpp...
creating list file for network_data_leader_ftd.cpp...
creating list file for network_data_publisher.cpp...
compiling network_data_publisher.cpp...
creating list file for radio_selector.cpp...
compiling network_data_tlvs.cpp...
compiling network_data_notifier.cpp...
compiling network_data_service.cpp...
creating list file for network_data_tlvs.cpp...
compiling network_data_types.cpp...
creating list file for network_data_notifier.cpp...
creating list file for network_data_service.cpp...
creating list file for network_data_types.cpp...
compiling panid_query_server.cpp...
compiling radio_selector.cpp...
creating list file for panid_query_server.cpp...
compiling network_diagnostic.cpp...
creating list file for network_diagnostic.cpp...
creating list file for time_sync_service.cpp...
compiling time_sync_service.cpp...
creating list file for router_table.cpp...
creating list file for uri_paths.cpp...
creating list file for channel_manager.cpp...
compiling uri_paths.cpp...
compiling channel_manager.cpp...
compiling thread_netif.cpp...
creating list file for channel_monitor.cpp...
compiling src_match_controller.cpp...
creating list file for thread_netif.cpp...
compiling channel_monitor.cpp...
creating list file for src_match_controller.cpp...
compiling tmf.cpp...
creating list file for flash.cpp...
compiling flash.cpp...
compiling router_table.cpp...
creating list file for tmf.cpp...
creating list file for heap.cpp...
compiling topology.cpp...
compiling heap.cpp...
creating list file for history_tracker.cpp...
compiling history_tracker.cpp...
creating list file for jam_detector.cpp...
creating list file for topology.cpp...
creating list file for mesh_diag.cpp...
compiling jam_detector.cpp...
compiling mesh_diag.cpp...
creating list file for otns.cpp...
compiling otns.cpp...
creating list file for power_calibration.cpp...
compiling power_calibration.cpp...
creating list file for srp_client_buffers.cpp...
compiling srp_client_buffers.cpp...
compiling parse_cmdline.cpp...
creating list file for parse_cmdline.cpp...
creating list file for cli.cpp...
creating list file for cli_br.cpp...
compiling cli_br.cpp...
creating list file for cli_coap_secure.cpp...
compiling cli_coap_secure.cpp...
compiling ping_sender.cpp...
creating list file for ping_sender.cpp...
creating list file for slaac_address.cpp...
creating list file for cli_history.cpp...
compiling slaac_address.cpp...
compiling cli_history.cpp...
creating list file for cli_coap.cpp...
compiling cli_coap.cpp...
creating list file for cli_commissioner.cpp...
compiling cli_commissioner.cpp...
creating list file for cli_srp_client.cpp...
compiling cli_srp_client.cpp...
creating list file for cli_joiner.cpp...
compiling cli_dataset.cpp...
compiling cli_joiner.cpp...
creating list file for cli_tcp.cpp...
compiling cli_tcp.cpp...
creating list file for cli_dataset.cpp...
compiling cli.cpp...
creating list file for cli_network_data.cpp...
compiling cli_uart.cpp...
compiling cli_srp_server.cpp...
compiling cli_output.cpp...
creating list file for cli_srp_server.cpp...
compiling cli_network_data.cpp...
creating list file for cli_uart.cpp...
creating list file for aes.c...
creating list file for asn1parse.c...
compiling asn1parse.c...
creating list file for cli_output.cpp...
compiling aes.c...
creating list file for asn1write.c...
compiling base64.c...
compiling cipher_wrap.c...
compiling ccm.c...
compiling asn1write.c...
compiling cipher.c...
compiling cmac.c...
compiling cli_udp.cpp...
creating list file for cli_udp.cpp...
creating list file for base64.c...
compiling bignum.c...
creating list file for cipher_wrap.c...
creating list file for cmac.c...
creating list file for ccm.c...
creating list file for cipher.c...
compiling ecdh.c...
creating list file for ecdh.c...
creating list file for constant_time.c...
creating list file for ctr_drbg.c...
compiling ctr_drbg.c...
creating list file for ecdsa.c...
compiling constant_time.c...
compiling ecdsa.c...
creating list file for bignum.c...
creating list file for ecp_curves.c...
compiling ecjpake.c...
creating list file for ecjpake.c...
compiling ecp_curves.c...
creating list file for entropy.c...
creating list file for ecp.c...
compiling entropy.c...
compiling ecp.c...
creating list file for hmac_drbg.c...
compiling hmac_drbg.c...
compiling gcm.c...
creating list file for gcm.c...
creating list file for mps_reader.c...
creating list file for md.c...
compiling md.c...
creating list file for mps_trace.c...
compiling mps_reader.c...
compiling mps_trace.c...
creating list file for oid.c...
creating list file for pem.c...
compiling pem.c...
creating list file for pk.c...
creating list file for pk_wrap.c...
compiling pk_wrap.c...
compiling pk.c...
compiling pkwrite.c...
creating list file for pkwrite.c...
compiling oid.c...
creating list file for pkparse.c...
compiling pkparse.c...
creating list file for platform.c...
compiling platform.c...
creating list file for platform_util.c...
compiling platform_util.c...
creating list file for psa_crypto.c...
compiling psa_crypto.c...
creating list file for psa_crypto_aead.c...
compiling psa_crypto_aead.c...
creating list file for psa_crypto_cipher.c...
compiling psa_crypto_cipher.c...
creating list file for psa_crypto_client.c...
creating list file for psa_crypto_ecp.c...
compiling psa_crypto_client.c...
creating list file for psa_crypto_driver_wrappers.c...
compiling psa_crypto_driver_wrappers.c...
compiling psa_crypto_ecp.c...
creating list file for psa_crypto_hash.c...
compiling psa_crypto_hash.c...
creating list file for psa_crypto_mac.c...
compiling psa_crypto_mac.c...
creating list file for psa_crypto_rsa.c...
compiling psa_crypto_rsa.c...
creating list file for psa_crypto_se.c...
creating list file for psa_crypto_slot_management.c...
compiling psa_crypto_se.c...
creating list file for psa_crypto_storage.c...
compiling psa_crypto_slot_management.c...
compiling psa_crypto_storage.c...
creating list file for psa_its_file.c...
compiling psa_its_file.c...
creating list file for sha256.c...
compiling sha256.c...
creating list file for ssl_ciphersuites.c...
compiling ssl_ciphersuites.c...
creating list file for ssl_cookie.c...
compiling ssl_cookie.c...
creating list file for ssl_srv.c...
compiling ssl_srv.c...
creating list file for ssl_tls13_keys.c...
creating list file for ssl_cli.c...
compiling ssl_cli.c...
compiling x509.c...
creating list file for x509.c...
compiling ssl_tls13_keys.c...
creating list file for x509_create.c...
compiling ssl_tls.c...
creating list file for ssl_tls.c...
compiling x509_create.c...
creating list file for x509_crt.c...
compiling ssl_msg.c...
creating list file for ssl_msg.c...
creating list file for debug_uart.c...
compiling debug_uart.c...
compiling x509_crt.c...
creating list file for otns_utils.cpp...
compiling otns_utils.cpp...
compiling link_metrics.cpp...
creating list file for link_metrics.cpp...
compiling comparator.c...
creating list file for comparator.c...
creating list file for hosal_uart.c...
compiling hosal_uart.c...
creating list file for mac_frame.cpp...
creating list file for dma.c...
compiling dma.c...
compiling mac_frame.cpp...
creating list file for flashctl.c...
creating list file for gpio.c...
compiling gpio.c...
compiling flashctl.c...
creating list file for lpm.c...
creating list file for hosal_rf.c...
compiling hosal_rf.c...
compiling lpm.c...
compiling sysctrl.c...
creating list file for sysctrl.c...
creating list file for timer.c...
compiling timer.c...
compiling sysfun.c...
creating list file for sysfun.c...
compiling mp_sector.c...
creating list file for mp_sector.c...
creating list file for wdt.c...
compiling wdt.c...
creating list file for rt_aes.c...
creating list file for rt_crypto_util.c...
compiling rt_aes.c...
compiling rt_crypto.c...
compiling rt_crypto_util.c...
creating list file for rt_crypto.c...
creating list file for memmove.c...
creating list file for rt_hmac_drbg.c...
creating list file for rt_ecjpake.c...
compiling rt_ecjpake.c...
compiling rt_hmac_drbg.c...
creating list file for rt_sha256.c...
compiling memmove.c...
creating list file for debug.c...
creating list file for sscanf.c...
compiling debug.c...
assembling startup_cm3_mcu.s...
compiling sscanf.c...
compiling rt_sha256.c...
compiling strntoumax.c...
compiling vsscanf.c...
compiling system_cm3_mcu.c...
creating list file for strntoumax.c...
creating list file for system_cm3_mcu.c...
creating list file for vsscanf.c...
compiling rt_main.c...
creating list file for rt_main.c...
compiling util_list.c...
creating list file for util_list.c...
creating list file for cli.c...
creating list file for util_string.c...
compiling util_string.c...
creating list file for shell.c...
compiling shell.c...
compiling cli.c...
creating list file for uart_stdio.c...
compiling uart_stdio.c...
creating list file for event_groups.c...
creating list file for list.c...
compiling event_groups.c...
compiling list.c...
creating list file for port.c...
compiling stream_buffer.c...
compiling port.c...
creating list file for stream_buffer.c...
creating list file for heap_5.c...
creating list file for timers.c...
creating list file for queue.c...
compiling timers.c...
compiling heap_5.c...
compiling queue.c...
compiling tasks.c...
creating list file for main.c...
compiling main.c...
creating list file for tasks.c...
creating list file for app_task.c...
compiling app_task.c...
creating list file for app_udp.c...
compiling app_uart.c...
creating list file for app_uart.c...
compiling app_udp.c...
creating list file for efd_iap.c...
compiling efd_iap.c...
creating list file for efd_log.c...
compiling efd_log.c...
creating list file for efd_kv.c...
compiling network_management.c...
creating list file for efd_utils.c...
creating list file for network_management.c...
compiling efd_utils.c...
creating list file for EnhancedFlashDataset.c...
compiling efd_kv.c...
creating list file for efd_port.c...
compiling efd_port.c...
compiling EnhancedFlashDataset.c...
compiling das_dlms_cmd.c...
creating list file for das_dlms_cmd.c...
linking...
Program Size: Code=335828 RO-data=92584 RW-data=960 ZI-data=92520  
FromELF: creating hex file...
After Build - User command #1: C:\Keil_v5\\ARM\ARMCC\bin\fromelf.exe --bin --output=Bin\das_subg_thread.bin .\Objects\das_subg_thread.axf
".\Objects\das_subg_thread.axf" - 0 Error(s), 0 Warning(s).

<h2>Software Packages used:</h2>

Package Vendor: ARM
                http://www.keil.com/pack/ARM.CMSIS.5.8.0.pack
                ARM.CMSIS.5.8.0
                CMSIS (Common Microcontroller Software Interface Standard)
   * Component: CORE Version: 5.5.0

<h2>Collection of Component include folders:</h2>
  .\RTE\_das_subg_thread
  C:\Users\P350\AppData\Local\Arm\Packs\ARM\CMSIS\5.8.0\CMSIS\Core\Include
  C:\Users\P350\AppData\Local\Arm\Packs\ARM\CMSIS\5.8.0\Device\ARM\ARMCM3\Include

<h2>Collection of Component Files used:</h2>

   * Component: ARM::CMSIS:CORE:5.5.0
Build Time Elapsed:  00:01:11
</pre>
</body>
</html>
