	.text
	.syntax unified
	.eabi_attribute	67, "2.09"	@ Tag_conformance
	.cpu	cortex-m3
	.eabi_attribute	6, 10	@ Tag_CPU_arch
	.eabi_attribute	7, 77	@ Tag_CPU_arch_profile
	.eabi_attribute	8, 0	@ Tag_ARM_ISA_use
	.eabi_attribute	9, 2	@ Tag_THUMB_ISA_use
	.eabi_attribute	34, 1	@ Tag_CPU_unaligned_access
	.eabi_attribute	17, 1	@ Tag_ABI_PCS_GOT_use
	.eabi_attribute	20, 2	@ Tag_ABI_FP_denormal
	.eabi_attribute	21, 0	@ Tag_ABI_FP_exceptions
	.eabi_attribute	23, 1	@ Tag_ABI_FP_number_model
	.eabi_attribute	24, 1	@ Tag_ABI_align_needed
	.eabi_attribute	25, 1	@ Tag_ABI_align_preserved
	.eabi_attribute	38, 1	@ Tag_ABI_FP_16bit_format
	.eabi_attribute	18, 4	@ Tag_ABI_PCS_wchar_t
	.eabi_attribute	26, 2	@ Tag_ABI_enum_size
	.eabi_attribute	14, 0	@ Tag_ABI_PCS_R9_use
	.file	"debug_uart.c"
	.file	1 "D:\\20240115\\rafael-iot-sdk-das\\examples\\das_subg_thread\\keil" "../../../components/network/thread/subg_openthread/include\\openthread/error.h"
	.section	.text.otPlatDebugUart_printf,"ax",%progbits
	.hidden	otPlatDebugUart_printf          @ -- Begin function otPlatDebugUart_printf
	.weak	otPlatDebugUart_printf
	.p2align	1
	.type	otPlatDebugUart_printf,%function
	.code	16                              @ @otPlatDebugUart_printf
	.thumb_func
otPlatDebugUart_printf:
.Lfunc_begin0:
	.file	2 "D:\\20240115\\rafael-iot-sdk-das\\examples\\das_subg_thread\\keil" "../../../components/network/thread/subg_openthread/examples/platforms/utils/debug_uart.c"
	.loc	2 44 0                          @ ../../../components/network/thread/subg_openthread/examples/platforms/utils/debug_uart.c:44:0
	.fnstart
	.cfi_sections .debug_frame
	.cfi_startproc
@ %bb.0:
	@DEBUG_VALUE: otPlatDebugUart_printf:fmt <- $r0
	.pad	#12
	sub	sp, #12
	.cfi_def_cfa_offset 12
	.save	{r7, lr}
	push	{r7, lr}
	.cfi_def_cfa_offset 20
	.cfi_offset lr, -16
	.cfi_offset r7, -20
	.pad	#4
	sub	sp, #4
	.cfi_def_cfa_offset 24
	add.w	r12, sp, #12
	stm.w	r12, {r1, r2, r3}
	add	r1, sp, #12
	@DEBUG_VALUE: otPlatDebugUart_printf:fmt <- $r0
.Ltmp0:
	.loc	2 46 5 prologue_end             @ ../../../components/network/thread/subg_openthread/examples/platforms/utils/debug_uart.c:46:5
	str	r1, [sp]
	@DEBUG_VALUE: otPlatDebugUart_printf:fmt <- $r0
	.loc	2 47 5                          @ ../../../components/network/thread/subg_openthread/examples/platforms/utils/debug_uart.c:47:5
	bl	otPlatDebugUart_vprintf
.Ltmp1:
	@DEBUG_VALUE: otPlatDebugUart_printf:fmt <- [DW_OP_LLVM_entry_value 1] $r0
	.loc	2 49 1                          @ ../../../components/network/thread/subg_openthread/examples/platforms/utils/debug_uart.c:49:1
	add	sp, #4
	pop.w	{r7, lr}
	add	sp, #12
	bx	lr
.Ltmp2:
.Lfunc_end0:
	.size	otPlatDebugUart_printf, .Lfunc_end0-otPlatDebugUart_printf
	.cfi_endproc
	.cantunwind
	.fnend
                                        @ -- End function
	.section	.text.otPlatDebugUart_vprintf,"ax",%progbits
	.hidden	otPlatDebugUart_vprintf         @ -- Begin function otPlatDebugUart_vprintf
	.weak	otPlatDebugUart_vprintf
	.p2align	1
	.type	otPlatDebugUart_vprintf,%function
	.code	16                              @ @otPlatDebugUart_vprintf
	.thumb_func
otPlatDebugUart_vprintf:
.Lfunc_begin1:
	.loc	2 53 0                          @ ../../../components/network/thread/subg_openthread/examples/platforms/utils/debug_uart.c:53:0
	.fnstart
	.cfi_startproc
@ %bb.0:
	@DEBUG_VALUE: otPlatDebugUart_vprintf:fmt <- $r0
	.save	{r4, lr}
	push	{r4, lr}
	.cfi_def_cfa_offset 8
	.cfi_offset lr, -4
	.cfi_offset r4, -8
	.pad	#128
	sub	sp, #128
	.cfi_def_cfa_offset 136
	mov	r4, sp
	mov	r3, r1
	mov	r2, r0
	@DEBUG_VALUE: otPlatDebugUart_vprintf:ap <- undef
.Ltmp3:
	@DEBUG_VALUE: otPlatDebugUart_vprintf:fmt <- $r2
	.loc	2 58 5 prologue_end             @ ../../../components/network/thread/subg_openthread/examples/platforms/utils/debug_uart.c:58:5
	mov	r0, r4
	movs	r1, #128
	@DEBUG_VALUE: otPlatDebugUart_vprintf:fmt <- $r2
	bl	vsnprintf
.Ltmp4:
	.loc	2 0 5 is_stmt 0                 @ ../../../components/network/thread/subg_openthread/examples/platforms/utils/debug_uart.c:0:5
	movs	r0, #0
	.loc	2 60 26 is_stmt 1               @ ../../../components/network/thread/subg_openthread/examples/platforms/utils/debug_uart.c:60:26
	strb.w	r0, [sp, #127]
	.loc	2 61 5                          @ ../../../components/network/thread/subg_openthread/examples/platforms/utils/debug_uart.c:61:5
	mov	r0, r4
	bl	otPlatDebugUart_puts_no_nl
.Ltmp5:
	.loc	2 62 1                          @ ../../../components/network/thread/subg_openthread/examples/platforms/utils/debug_uart.c:62:1
	add	sp, #128
	pop	{r4, pc}
.Ltmp6:
.Lfunc_end1:
	.size	otPlatDebugUart_vprintf, .Lfunc_end1-otPlatDebugUart_vprintf
	.cfi_endproc
	.cantunwind
	.fnend
                                        @ -- End function
	.section	.text.otPlatDebugUart_puts_no_nl,"ax",%progbits
	.hidden	otPlatDebugUart_puts_no_nl      @ -- Begin function otPlatDebugUart_puts_no_nl
	.weak	otPlatDebugUart_puts_no_nl
	.p2align	1
	.type	otPlatDebugUart_puts_no_nl,%function
	.code	16                              @ @otPlatDebugUart_puts_no_nl
	.thumb_func
otPlatDebugUart_puts_no_nl:
.Lfunc_begin2:
	.loc	2 77 0                          @ ../../../components/network/thread/subg_openthread/examples/platforms/utils/debug_uart.c:77:0
	.fnstart
	.cfi_startproc
@ %bb.0:
	@DEBUG_VALUE: otPlatDebugUart_puts_no_nl:s <- $r0
	.save	{r4, lr}
	push	{r4, lr}
	.cfi_def_cfa_offset 8
	.cfi_offset lr, -4
	.cfi_offset r4, -8
	mov	r1, r0
.Ltmp7:
	@DEBUG_VALUE: otPlatDebugUart_puts_no_nl:s <- $r1
	.loc	2 78 12 prologue_end            @ ../../../components/network/thread/subg_openthread/examples/platforms/utils/debug_uart.c:78:12
	ldrb	r0, [r0]
	.loc	2 78 5 is_stmt 0                @ ../../../components/network/thread/subg_openthread/examples/platforms/utils/debug_uart.c:78:5
	cbz	r0, .LBB2_3
.Ltmp8:
@ %bb.1:
	@DEBUG_VALUE: otPlatDebugUart_puts_no_nl:s <- $r1
	adds	r4, r1, #1
.Ltmp9:
	.p2align	2
.LBB2_2:                                @ =>This Inner Loop Header: Depth=1
	@DEBUG_VALUE: otPlatDebugUart_puts_no_nl:s <- [DW_OP_constu 1, DW_OP_minus, DW_OP_stack_value] $r4
	.loc	2 80 9 is_stmt 1                @ ../../../components/network/thread/subg_openthread/examples/platforms/utils/debug_uart.c:80:9
	bl	otPlatDebugUart_putchar
.Ltmp10:
	@DEBUG_VALUE: otPlatDebugUart_puts_no_nl:s <- $r4
	.loc	2 78 12                         @ ../../../components/network/thread/subg_openthread/examples/platforms/utils/debug_uart.c:78:12
	ldrb	r0, [r4], #1
.Ltmp11:
	.loc	2 78 5 is_stmt 0                @ ../../../components/network/thread/subg_openthread/examples/platforms/utils/debug_uart.c:78:5
	cmp	r0, #0
	bne	.LBB2_2
.LBB2_3:
	.loc	2 83 1 is_stmt 1                @ ../../../components/network/thread/subg_openthread/examples/platforms/utils/debug_uart.c:83:1
	pop	{r4, pc}
.Ltmp12:
.Lfunc_end2:
	.size	otPlatDebugUart_puts_no_nl, .Lfunc_end2-otPlatDebugUart_puts_no_nl
	.cfi_endproc
	.cantunwind
	.fnend
                                        @ -- End function
	.section	.text.otPlatDebugUart_write_bytes,"ax",%progbits
	.hidden	otPlatDebugUart_write_bytes     @ -- Begin function otPlatDebugUart_write_bytes
	.weak	otPlatDebugUart_write_bytes
	.p2align	1
	.type	otPlatDebugUart_write_bytes,%function
	.code	16                              @ @otPlatDebugUart_write_bytes
	.thumb_func
otPlatDebugUart_write_bytes:
.Lfunc_begin3:
	.loc	2 66 0                          @ ../../../components/network/thread/subg_openthread/examples/platforms/utils/debug_uart.c:66:0
	.fnstart
	.cfi_startproc
@ %bb.0:
	@DEBUG_VALUE: otPlatDebugUart_write_bytes:pBytes <- $r0
	@DEBUG_VALUE: otPlatDebugUart_write_bytes:nBytes <- $r1
	@DEBUG_VALUE: otPlatDebugUart_write_bytes:nBytes <- $r1
	.save	{r4, r5, r7, lr}
	push	{r4, r5, r7, lr}
	.cfi_def_cfa_offset 16
	.cfi_offset lr, -4
	.cfi_offset r7, -8
	.cfi_offset r5, -12
	.cfi_offset r4, -16
.Ltmp13:
	.loc	2 67 5 prologue_end             @ ../../../components/network/thread/subg_openthread/examples/platforms/utils/debug_uart.c:67:5
	cmp	r1, #1
	@DEBUG_VALUE: otPlatDebugUart_write_bytes:pBytes <- $r0
	.loc	2 73 1                          @ ../../../components/network/thread/subg_openthread/examples/platforms/utils/debug_uart.c:73:1
	it	lt
	poplt	{r4, r5, r7, pc}
.Ltmp14:
.LBB3_1:
	@DEBUG_VALUE: otPlatDebugUart_write_bytes:nBytes <- $r1
	@DEBUG_VALUE: otPlatDebugUart_write_bytes:pBytes <- $r0
	.loc	2 0 1 is_stmt 0                 @ ../../../components/network/thread/subg_openthread/examples/platforms/utils/debug_uart.c:0:1
	mov	r4, r0
.Ltmp15:
	@DEBUG_VALUE: otPlatDebugUart_write_bytes:pBytes <- $r4
	@DEBUG_VALUE: otPlatDebugUart_write_bytes:pBytes <- $r4
	.loc	2 67 5 is_stmt 1                @ ../../../components/network/thread/subg_openthread/examples/platforms/utils/debug_uart.c:67:5
	adds	r5, r1, #1
.Ltmp16:
	.p2align	2
.LBB3_2:                                @ =>This Inner Loop Header: Depth=1
	@DEBUG_VALUE: otPlatDebugUart_write_bytes:pBytes <- $r4
	@DEBUG_VALUE: otPlatDebugUart_write_bytes:pBytes <- $r4
	@DEBUG_VALUE: otPlatDebugUart_write_bytes:nBytes <- [DW_OP_constu 1, DW_OP_minus, DW_OP_stack_value] $r5
	.loc	2 69 39                         @ ../../../components/network/thread/subg_openthread/examples/platforms/utils/debug_uart.c:69:39
	ldrb	r0, [r4], #1
.Ltmp17:
	.loc	2 69 9 is_stmt 0                @ ../../../components/network/thread/subg_openthread/examples/platforms/utils/debug_uart.c:69:9
	bl	otPlatDebugUart_putchar
.Ltmp18:
	@DEBUG_VALUE: otPlatDebugUart_write_bytes:nBytes <- [DW_OP_constu 2, DW_OP_minus, DW_OP_stack_value] $r5
	@DEBUG_VALUE: otPlatDebugUart_write_bytes:pBytes <- $r4
	.loc	2 67 19 is_stmt 1               @ ../../../components/network/thread/subg_openthread/examples/platforms/utils/debug_uart.c:67:19
	subs	r5, #1
.Ltmp19:
	.loc	2 67 5 is_stmt 0                @ ../../../components/network/thread/subg_openthread/examples/platforms/utils/debug_uart.c:67:5
	cmp	r5, #1
	bgt	.LBB3_2
.Ltmp20:
@ %bb.3:
	@DEBUG_VALUE: otPlatDebugUart_write_bytes:pBytes <- $r4
	.loc	2 73 1 is_stmt 1                @ ../../../components/network/thread/subg_openthread/examples/platforms/utils/debug_uart.c:73:1
	pop	{r4, r5, r7, pc}
.Ltmp21:
.Lfunc_end3:
	.size	otPlatDebugUart_write_bytes, .Lfunc_end3-otPlatDebugUart_write_bytes
	.cfi_endproc
	.cantunwind
	.fnend
                                        @ -- End function
	.section	.text.otPlatDebugUart_putchar,"ax",%progbits
	.hidden	otPlatDebugUart_putchar         @ -- Begin function otPlatDebugUart_putchar
	.weak	otPlatDebugUart_putchar
	.p2align	1
	.type	otPlatDebugUart_putchar,%function
	.code	16                              @ @otPlatDebugUart_putchar
	.thumb_func
otPlatDebugUart_putchar:
.Lfunc_begin4:
	.loc	2 94 0                          @ ../../../components/network/thread/subg_openthread/examples/platforms/utils/debug_uart.c:94:0
	.fnstart
	.cfi_startproc
@ %bb.0:
	@DEBUG_VALUE: otPlatDebugUart_putchar:c <- $r0
	.save	{r4, lr}
	push	{r4, lr}
	.cfi_def_cfa_offset 8
	.cfi_offset lr, -4
	.cfi_offset r4, -8
	mov	r4, r0
.Ltmp22:
	@DEBUG_VALUE: otPlatDebugUart_putchar:c <- $r4
	.loc	2 96 9 prologue_end             @ ../../../components/network/thread/subg_openthread/examples/platforms/utils/debug_uart.c:96:9
	cmp	r0, #10
	bne	.LBB4_2
.Ltmp23:
@ %bb.1:
	@DEBUG_VALUE: otPlatDebugUart_putchar:c <- $r4
	.loc	2 98 9                          @ ../../../components/network/thread/subg_openthread/examples/platforms/utils/debug_uart.c:98:9
	movs	r0, #13
	bl	otPlatDebugUart_putchar_raw
.Ltmp24:
.LBB4_2:
	@DEBUG_VALUE: otPlatDebugUart_putchar:c <- $r4
	.loc	2 101 5                         @ ../../../components/network/thread/subg_openthread/examples/platforms/utils/debug_uart.c:101:5
	mov	r0, r4
	pop.w	{r4, lr}
.Ltmp25:
	@DEBUG_VALUE: otPlatDebugUart_putchar:c <- [DW_OP_LLVM_entry_value 1] $r0
	b	otPlatDebugUart_putchar_raw
.Ltmp26:
.Lfunc_end4:
	.size	otPlatDebugUart_putchar, .Lfunc_end4-otPlatDebugUart_putchar
	.cfi_endproc
	.cantunwind
	.fnend
                                        @ -- End function
	.section	.text.otPlatDebugUart_puts,"ax",%progbits
	.hidden	otPlatDebugUart_puts            @ -- Begin function otPlatDebugUart_puts
	.weak	otPlatDebugUart_puts
	.p2align	1
	.type	otPlatDebugUart_puts,%function
	.code	16                              @ @otPlatDebugUart_puts
	.thumb_func
otPlatDebugUart_puts:
.Lfunc_begin5:
	.loc	2 87 0                          @ ../../../components/network/thread/subg_openthread/examples/platforms/utils/debug_uart.c:87:0
	.fnstart
	.cfi_startproc
@ %bb.0:
	@DEBUG_VALUE: otPlatDebugUart_puts:s <- $r0
	@DEBUG_VALUE: otPlatDebugUart_puts:s <- $r0
	@DEBUG_VALUE: otPlatDebugUart_puts:s <- $r0
	.save	{r7, lr}
	push	{r7, lr}
	.cfi_def_cfa_offset 8
	.cfi_offset lr, -4
	.cfi_offset r7, -8
.Ltmp27:
	.loc	2 88 5 prologue_end             @ ../../../components/network/thread/subg_openthread/examples/platforms/utils/debug_uart.c:88:5
	bl	otPlatDebugUart_puts_no_nl
.Ltmp28:
	@DEBUG_VALUE: otPlatDebugUart_puts:s <- [DW_OP_LLVM_entry_value 1] $r0
	.loc	2 89 5                          @ ../../../components/network/thread/subg_openthread/examples/platforms/utils/debug_uart.c:89:5
	movs	r0, #10
	pop.w	{r7, lr}
.Ltmp29:
	b	otPlatDebugUart_putchar
.Ltmp30:
.Lfunc_end5:
	.size	otPlatDebugUart_puts, .Lfunc_end5-otPlatDebugUart_puts
	.cfi_endproc
	.cantunwind
	.fnend
                                        @ -- End function
	.section	.text.otPlatDebugUart_putchar_raw,"ax",%progbits
	.hidden	otPlatDebugUart_putchar_raw     @ -- Begin function otPlatDebugUart_putchar_raw
	.weak	otPlatDebugUart_putchar_raw
	.p2align	1
	.type	otPlatDebugUart_putchar_raw,%function
	.code	16                              @ @otPlatDebugUart_putchar_raw
	.thumb_func
otPlatDebugUart_putchar_raw:
.Lfunc_begin6:
	.loc	2 107 0                         @ ../../../components/network/thread/subg_openthread/examples/platforms/utils/debug_uart.c:107:0
	.fnstart
	.cfi_startproc
@ %bb.0:
	@DEBUG_VALUE: otPlatDebugUart_putchar_raw:c <- $r0
	.loc	2 109 1 prologue_end            @ ../../../components/network/thread/subg_openthread/examples/platforms/utils/debug_uart.c:109:1
	bx	lr
.Ltmp31:
.Lfunc_end6:
	.size	otPlatDebugUart_putchar_raw, .Lfunc_end6-otPlatDebugUart_putchar_raw
	.cfi_endproc
	.cantunwind
	.fnend
                                        @ -- End function
	.section	.text.otPlatDebugUart_kbhit,"ax",%progbits
	.hidden	otPlatDebugUart_kbhit           @ -- Begin function otPlatDebugUart_kbhit
	.weak	otPlatDebugUart_kbhit
	.p2align	1
	.type	otPlatDebugUart_kbhit,%function
	.code	16                              @ @otPlatDebugUart_kbhit
	.thumb_func
otPlatDebugUart_kbhit:
.Lfunc_begin7:
	.loc	2 113 0                         @ ../../../components/network/thread/subg_openthread/examples/platforms/utils/debug_uart.c:113:0
	.fnstart
	.cfi_startproc
@ %bb.0:
	.loc	2 114 5 prologue_end            @ ../../../components/network/thread/subg_openthread/examples/platforms/utils/debug_uart.c:114:5
	movs	r0, #0
	bx	lr
.Ltmp32:
.Lfunc_end7:
	.size	otPlatDebugUart_kbhit, .Lfunc_end7-otPlatDebugUart_kbhit
	.cfi_endproc
	.cantunwind
	.fnend
                                        @ -- End function
	.section	.text.otPlatDebugUart_getc,"ax",%progbits
	.hidden	otPlatDebugUart_getc            @ -- Begin function otPlatDebugUart_getc
	.weak	otPlatDebugUart_getc
	.p2align	1
	.type	otPlatDebugUart_getc,%function
	.code	16                              @ @otPlatDebugUart_getc
	.thumb_func
otPlatDebugUart_getc:
.Lfunc_begin8:
	.loc	2 119 0                         @ ../../../components/network/thread/subg_openthread/examples/platforms/utils/debug_uart.c:119:0
	.fnstart
	.cfi_startproc
@ %bb.0:
	.loc	2 120 5 prologue_end            @ ../../../components/network/thread/subg_openthread/examples/platforms/utils/debug_uart.c:120:5
	mov.w	r0, #-1
	bx	lr
.Ltmp33:
.Lfunc_end8:
	.size	otPlatDebugUart_getc, .Lfunc_end8-otPlatDebugUart_getc
	.cfi_endproc
	.cantunwind
	.fnend
                                        @ -- End function
	.section	.text.otPlatDebugUart_logfile,"ax",%progbits
	.hidden	otPlatDebugUart_logfile         @ -- Begin function otPlatDebugUart_logfile
	.weak	otPlatDebugUart_logfile
	.p2align	1
	.type	otPlatDebugUart_logfile,%function
	.code	16                              @ @otPlatDebugUart_logfile
	.thumb_func
otPlatDebugUart_logfile:
.Lfunc_begin9:
	.loc	2 125 0                         @ ../../../components/network/thread/subg_openthread/examples/platforms/utils/debug_uart.c:125:0
	.fnstart
	.cfi_startproc
@ %bb.0:
	@DEBUG_VALUE: otPlatDebugUart_logfile:filename <- $r0
	.loc	2 128 5 prologue_end            @ ../../../components/network/thread/subg_openthread/examples/platforms/utils/debug_uart.c:128:5
	movs	r0, #1
.Ltmp34:
	@DEBUG_VALUE: otPlatDebugUart_logfile:filename <- [DW_OP_LLVM_entry_value 1] $r0
	bx	lr
.Ltmp35:
.Lfunc_end9:
	.size	otPlatDebugUart_logfile, .Lfunc_end9-otPlatDebugUart_logfile
	.cfi_endproc
	.cantunwind
	.fnend
                                        @ -- End function
	.file	3 "D:\\20240115\\rafael-iot-sdk-das\\examples\\das_subg_thread\\keil" "../../../components/network/thread/subg_openthread/examples/platforms/utils\\debug_uart.c"
	.file	4 "C:\\Keil_v5\\ARM\\ARMCLANG\\Bin\\..\\include" "stdarg.h"
	.file	5 "C:\\Keil_v5\\ARM\\ARMCLANG\\Bin\\..\\include" "stdint.h"
	.section	.debug_loc,"",%progbits
.Ldebug_loc0:
	.long	-1
	.long	.Lfunc_begin0                   @   base address
	.long	.Lfunc_begin0-.Lfunc_begin0
	.long	.Ltmp1-.Lfunc_begin0
	.short	1                               @ Loc expr size
	.byte	80                              @ DW_OP_reg0
	.long	.Ltmp1-.Lfunc_begin0
	.long	.Lfunc_end0-.Lfunc_begin0
	.short	4                               @ Loc expr size
	.byte	243                             @ DW_OP_GNU_entry_value
	.byte	1                               @ 1
	.byte	80                              @ DW_OP_reg0
	.byte	159                             @ DW_OP_stack_value
	.long	0
	.long	0
.Ldebug_loc1:
	.long	-1
	.long	.Lfunc_begin1                   @   base address
	.long	.Lfunc_begin1-.Lfunc_begin1
	.long	.Ltmp3-.Lfunc_begin1
	.short	1                               @ Loc expr size
	.byte	80                              @ DW_OP_reg0
	.long	.Ltmp3-.Lfunc_begin1
	.long	.Ltmp4-.Lfunc_begin1
	.short	1                               @ Loc expr size
	.byte	82                              @ DW_OP_reg2
	.long	0
	.long	0
.Ldebug_loc2:
	.long	-1
	.long	.Lfunc_begin2                   @   base address
	.long	.Lfunc_begin2-.Lfunc_begin2
	.long	.Ltmp7-.Lfunc_begin2
	.short	1                               @ Loc expr size
	.byte	80                              @ DW_OP_reg0
	.long	.Ltmp7-.Lfunc_begin2
	.long	.Ltmp9-.Lfunc_begin2
	.short	1                               @ Loc expr size
	.byte	81                              @ DW_OP_reg1
	.long	.Ltmp9-.Lfunc_begin2
	.long	.Ltmp10-.Lfunc_begin2
	.short	3                               @ Loc expr size
	.byte	116                             @ DW_OP_breg4
	.byte	127                             @ -1
	.byte	159                             @ DW_OP_stack_value
	.long	.Ltmp10-.Lfunc_begin2
	.long	.Ltmp11-.Lfunc_begin2
	.short	1                               @ Loc expr size
	.byte	84                              @ DW_OP_reg4
	.long	0
	.long	0
.Ldebug_loc3:
	.long	-1
	.long	.Lfunc_begin3                   @   base address
	.long	.Lfunc_begin3-.Lfunc_begin3
	.long	.Ltmp15-.Lfunc_begin3
	.short	1                               @ Loc expr size
	.byte	80                              @ DW_OP_reg0
	.long	.Ltmp15-.Lfunc_begin3
	.long	.Ltmp17-.Lfunc_begin3
	.short	1                               @ Loc expr size
	.byte	84                              @ DW_OP_reg4
	.long	.Ltmp18-.Lfunc_begin3
	.long	.Ltmp21-.Lfunc_begin3
	.short	1                               @ Loc expr size
	.byte	84                              @ DW_OP_reg4
	.long	0
	.long	0
.Ldebug_loc4:
	.long	-1
	.long	.Lfunc_begin3                   @   base address
	.long	.Lfunc_begin3-.Lfunc_begin3
	.long	.Ltmp16-.Lfunc_begin3
	.short	1                               @ Loc expr size
	.byte	81                              @ DW_OP_reg1
	.long	.Ltmp16-.Lfunc_begin3
	.long	.Ltmp18-.Lfunc_begin3
	.short	3                               @ Loc expr size
	.byte	117                             @ DW_OP_breg5
	.byte	127                             @ -1
	.byte	159                             @ DW_OP_stack_value
	.long	.Ltmp18-.Lfunc_begin3
	.long	.Ltmp19-.Lfunc_begin3
	.short	3                               @ Loc expr size
	.byte	117                             @ DW_OP_breg5
	.byte	126                             @ -2
	.byte	159                             @ DW_OP_stack_value
	.long	0
	.long	0
.Ldebug_loc5:
	.long	-1
	.long	.Lfunc_begin4                   @   base address
	.long	.Lfunc_begin4-.Lfunc_begin4
	.long	.Ltmp22-.Lfunc_begin4
	.short	1                               @ Loc expr size
	.byte	80                              @ DW_OP_reg0
	.long	.Ltmp22-.Lfunc_begin4
	.long	.Ltmp25-.Lfunc_begin4
	.short	1                               @ Loc expr size
	.byte	84                              @ DW_OP_reg4
	.long	.Ltmp25-.Lfunc_begin4
	.long	.Lfunc_end4-.Lfunc_begin4
	.short	4                               @ Loc expr size
	.byte	243                             @ DW_OP_GNU_entry_value
	.byte	1                               @ 1
	.byte	80                              @ DW_OP_reg0
	.byte	159                             @ DW_OP_stack_value
	.long	0
	.long	0
.Ldebug_loc6:
	.long	-1
	.long	.Lfunc_begin5                   @   base address
	.long	.Lfunc_begin5-.Lfunc_begin5
	.long	.Ltmp28-.Lfunc_begin5
	.short	1                               @ Loc expr size
	.byte	80                              @ DW_OP_reg0
	.long	.Ltmp28-.Lfunc_begin5
	.long	.Lfunc_end5-.Lfunc_begin5
	.short	4                               @ Loc expr size
	.byte	243                             @ DW_OP_GNU_entry_value
	.byte	1                               @ 1
	.byte	80                              @ DW_OP_reg0
	.byte	159                             @ DW_OP_stack_value
	.long	0
	.long	0
.Ldebug_loc7:
	.long	-1
	.long	.Lfunc_begin9                   @   base address
	.long	.Lfunc_begin9-.Lfunc_begin9
	.long	.Ltmp34-.Lfunc_begin9
	.short	1                               @ Loc expr size
	.byte	80                              @ DW_OP_reg0
	.long	.Ltmp34-.Lfunc_begin9
	.long	.Lfunc_end9-.Lfunc_begin9
	.short	4                               @ Loc expr size
	.byte	243                             @ DW_OP_GNU_entry_value
	.byte	1                               @ 1
	.byte	80                              @ DW_OP_reg0
	.byte	159                             @ DW_OP_stack_value
	.long	0
	.long	0
	.section	.debug_abbrev,"",%progbits
	.byte	1                               @ Abbreviation Code
	.byte	17                              @ DW_TAG_compile_unit
	.byte	1                               @ DW_CHILDREN_yes
	.byte	37                              @ DW_AT_producer
	.byte	14                              @ DW_FORM_strp
	.byte	19                              @ DW_AT_language
	.byte	5                               @ DW_FORM_data2
	.byte	3                               @ DW_AT_name
	.byte	14                              @ DW_FORM_strp
	.byte	16                              @ DW_AT_stmt_list
	.byte	23                              @ DW_FORM_sec_offset
	.byte	27                              @ DW_AT_comp_dir
	.byte	14                              @ DW_FORM_strp
	.byte	17                              @ DW_AT_low_pc
	.byte	1                               @ DW_FORM_addr
	.byte	85                              @ DW_AT_ranges
	.byte	23                              @ DW_FORM_sec_offset
	.byte	0                               @ EOM(1)
	.byte	0                               @ EOM(2)
	.byte	2                               @ Abbreviation Code
	.byte	4                               @ DW_TAG_enumeration_type
	.byte	1                               @ DW_CHILDREN_yes
	.byte	73                              @ DW_AT_type
	.byte	19                              @ DW_FORM_ref4
	.byte	3                               @ DW_AT_name
	.byte	14                              @ DW_FORM_strp
	.byte	11                              @ DW_AT_byte_size
	.byte	11                              @ DW_FORM_data1
	.byte	58                              @ DW_AT_decl_file
	.byte	11                              @ DW_FORM_data1
	.byte	59                              @ DW_AT_decl_line
	.byte	11                              @ DW_FORM_data1
	.byte	0                               @ EOM(1)
	.byte	0                               @ EOM(2)
	.byte	3                               @ Abbreviation Code
	.byte	40                              @ DW_TAG_enumerator
	.byte	0                               @ DW_CHILDREN_no
	.byte	3                               @ DW_AT_name
	.byte	14                              @ DW_FORM_strp
	.byte	28                              @ DW_AT_const_value
	.byte	15                              @ DW_FORM_udata
	.byte	0                               @ EOM(1)
	.byte	0                               @ EOM(2)
	.byte	4                               @ Abbreviation Code
	.byte	36                              @ DW_TAG_base_type
	.byte	0                               @ DW_CHILDREN_no
	.byte	3                               @ DW_AT_name
	.byte	14                              @ DW_FORM_strp
	.byte	62                              @ DW_AT_encoding
	.byte	11                              @ DW_FORM_data1
	.byte	11                              @ DW_AT_byte_size
	.byte	11                              @ DW_FORM_data1
	.byte	0                               @ EOM(1)
	.byte	0                               @ EOM(2)
	.byte	5                               @ Abbreviation Code
	.byte	46                              @ DW_TAG_subprogram
	.byte	1                               @ DW_CHILDREN_yes
	.byte	17                              @ DW_AT_low_pc
	.byte	1                               @ DW_FORM_addr
	.byte	18                              @ DW_AT_high_pc
	.byte	6                               @ DW_FORM_data4
	.byte	64                              @ DW_AT_frame_base
	.byte	24                              @ DW_FORM_exprloc
	.ascii	"\227B"                         @ DW_AT_GNU_all_call_sites
	.byte	25                              @ DW_FORM_flag_present
	.byte	3                               @ DW_AT_name
	.byte	14                              @ DW_FORM_strp
	.byte	58                              @ DW_AT_decl_file
	.byte	11                              @ DW_FORM_data1
	.byte	59                              @ DW_AT_decl_line
	.byte	11                              @ DW_FORM_data1
	.byte	39                              @ DW_AT_prototyped
	.byte	25                              @ DW_FORM_flag_present
	.byte	63                              @ DW_AT_external
	.byte	25                              @ DW_FORM_flag_present
	.byte	0                               @ EOM(1)
	.byte	0                               @ EOM(2)
	.byte	6                               @ Abbreviation Code
	.byte	5                               @ DW_TAG_formal_parameter
	.byte	0                               @ DW_CHILDREN_no
	.byte	2                               @ DW_AT_location
	.byte	23                              @ DW_FORM_sec_offset
	.byte	3                               @ DW_AT_name
	.byte	14                              @ DW_FORM_strp
	.byte	58                              @ DW_AT_decl_file
	.byte	11                              @ DW_FORM_data1
	.byte	59                              @ DW_AT_decl_line
	.byte	11                              @ DW_FORM_data1
	.byte	73                              @ DW_AT_type
	.byte	19                              @ DW_FORM_ref4
	.byte	0                               @ EOM(1)
	.byte	0                               @ EOM(2)
	.byte	7                               @ Abbreviation Code
	.byte	52                              @ DW_TAG_variable
	.byte	0                               @ DW_CHILDREN_no
	.byte	2                               @ DW_AT_location
	.byte	24                              @ DW_FORM_exprloc
	.byte	3                               @ DW_AT_name
	.byte	14                              @ DW_FORM_strp
	.byte	58                              @ DW_AT_decl_file
	.byte	11                              @ DW_FORM_data1
	.byte	59                              @ DW_AT_decl_line
	.byte	11                              @ DW_FORM_data1
	.byte	73                              @ DW_AT_type
	.byte	19                              @ DW_FORM_ref4
	.byte	0                               @ EOM(1)
	.byte	0                               @ EOM(2)
	.byte	8                               @ Abbreviation Code
	.byte	24                              @ DW_TAG_unspecified_parameters
	.byte	0                               @ DW_CHILDREN_no
	.byte	0                               @ EOM(1)
	.byte	0                               @ EOM(2)
	.byte	9                               @ Abbreviation Code
	.byte	5                               @ DW_TAG_formal_parameter
	.byte	0                               @ DW_CHILDREN_no
	.byte	3                               @ DW_AT_name
	.byte	14                              @ DW_FORM_strp
	.byte	58                              @ DW_AT_decl_file
	.byte	11                              @ DW_FORM_data1
	.byte	59                              @ DW_AT_decl_line
	.byte	11                              @ DW_FORM_data1
	.byte	73                              @ DW_AT_type
	.byte	19                              @ DW_FORM_ref4
	.byte	0                               @ EOM(1)
	.byte	0                               @ EOM(2)
	.byte	10                              @ Abbreviation Code
	.ascii	"\211\202\001"                  @ DW_TAG_GNU_call_site
	.byte	0                               @ DW_CHILDREN_no
	.byte	49                              @ DW_AT_abstract_origin
	.byte	19                              @ DW_FORM_ref4
	.ascii	"\225B"                         @ DW_AT_GNU_tail_call
	.byte	25                              @ DW_FORM_flag_present
	.byte	17                              @ DW_AT_low_pc
	.byte	1                               @ DW_FORM_addr
	.byte	0                               @ EOM(1)
	.byte	0                               @ EOM(2)
	.byte	11                              @ Abbreviation Code
	.byte	5                               @ DW_TAG_formal_parameter
	.byte	0                               @ DW_CHILDREN_no
	.byte	2                               @ DW_AT_location
	.byte	24                              @ DW_FORM_exprloc
	.byte	3                               @ DW_AT_name
	.byte	14                              @ DW_FORM_strp
	.byte	58                              @ DW_AT_decl_file
	.byte	11                              @ DW_FORM_data1
	.byte	59                              @ DW_AT_decl_line
	.byte	11                              @ DW_FORM_data1
	.byte	73                              @ DW_AT_type
	.byte	19                              @ DW_FORM_ref4
	.byte	0                               @ EOM(1)
	.byte	0                               @ EOM(2)
	.byte	12                              @ Abbreviation Code
	.byte	46                              @ DW_TAG_subprogram
	.byte	0                               @ DW_CHILDREN_no
	.byte	17                              @ DW_AT_low_pc
	.byte	1                               @ DW_FORM_addr
	.byte	18                              @ DW_AT_high_pc
	.byte	6                               @ DW_FORM_data4
	.byte	64                              @ DW_AT_frame_base
	.byte	24                              @ DW_FORM_exprloc
	.ascii	"\227B"                         @ DW_AT_GNU_all_call_sites
	.byte	25                              @ DW_FORM_flag_present
	.byte	3                               @ DW_AT_name
	.byte	14                              @ DW_FORM_strp
	.byte	58                              @ DW_AT_decl_file
	.byte	11                              @ DW_FORM_data1
	.byte	59                              @ DW_AT_decl_line
	.byte	11                              @ DW_FORM_data1
	.byte	39                              @ DW_AT_prototyped
	.byte	25                              @ DW_FORM_flag_present
	.byte	73                              @ DW_AT_type
	.byte	19                              @ DW_FORM_ref4
	.byte	63                              @ DW_AT_external
	.byte	25                              @ DW_FORM_flag_present
	.byte	0                               @ EOM(1)
	.byte	0                               @ EOM(2)
	.byte	13                              @ Abbreviation Code
	.byte	46                              @ DW_TAG_subprogram
	.byte	1                               @ DW_CHILDREN_yes
	.byte	17                              @ DW_AT_low_pc
	.byte	1                               @ DW_FORM_addr
	.byte	18                              @ DW_AT_high_pc
	.byte	6                               @ DW_FORM_data4
	.byte	64                              @ DW_AT_frame_base
	.byte	24                              @ DW_FORM_exprloc
	.ascii	"\227B"                         @ DW_AT_GNU_all_call_sites
	.byte	25                              @ DW_FORM_flag_present
	.byte	3                               @ DW_AT_name
	.byte	14                              @ DW_FORM_strp
	.byte	58                              @ DW_AT_decl_file
	.byte	11                              @ DW_FORM_data1
	.byte	59                              @ DW_AT_decl_line
	.byte	11                              @ DW_FORM_data1
	.byte	39                              @ DW_AT_prototyped
	.byte	25                              @ DW_FORM_flag_present
	.byte	73                              @ DW_AT_type
	.byte	19                              @ DW_FORM_ref4
	.byte	63                              @ DW_AT_external
	.byte	25                              @ DW_FORM_flag_present
	.byte	0                               @ EOM(1)
	.byte	0                               @ EOM(2)
	.byte	14                              @ Abbreviation Code
	.byte	22                              @ DW_TAG_typedef
	.byte	0                               @ DW_CHILDREN_no
	.byte	73                              @ DW_AT_type
	.byte	19                              @ DW_FORM_ref4
	.byte	3                               @ DW_AT_name
	.byte	14                              @ DW_FORM_strp
	.byte	58                              @ DW_AT_decl_file
	.byte	11                              @ DW_FORM_data1
	.byte	59                              @ DW_AT_decl_line
	.byte	11                              @ DW_FORM_data1
	.byte	0                               @ EOM(1)
	.byte	0                               @ EOM(2)
	.byte	15                              @ Abbreviation Code
	.byte	22                              @ DW_TAG_typedef
	.byte	0                               @ DW_CHILDREN_no
	.byte	73                              @ DW_AT_type
	.byte	19                              @ DW_FORM_ref4
	.byte	3                               @ DW_AT_name
	.byte	14                              @ DW_FORM_strp
	.byte	0                               @ EOM(1)
	.byte	0                               @ EOM(2)
	.byte	16                              @ Abbreviation Code
	.byte	19                              @ DW_TAG_structure_type
	.byte	1                               @ DW_CHILDREN_yes
	.byte	3                               @ DW_AT_name
	.byte	14                              @ DW_FORM_strp
	.byte	11                              @ DW_AT_byte_size
	.byte	11                              @ DW_FORM_data1
	.byte	0                               @ EOM(1)
	.byte	0                               @ EOM(2)
	.byte	17                              @ Abbreviation Code
	.byte	13                              @ DW_TAG_member
	.byte	0                               @ DW_CHILDREN_no
	.byte	3                               @ DW_AT_name
	.byte	14                              @ DW_FORM_strp
	.byte	73                              @ DW_AT_type
	.byte	19                              @ DW_FORM_ref4
	.byte	58                              @ DW_AT_decl_file
	.byte	11                              @ DW_FORM_data1
	.byte	59                              @ DW_AT_decl_line
	.byte	11                              @ DW_FORM_data1
	.byte	56                              @ DW_AT_data_member_location
	.byte	11                              @ DW_FORM_data1
	.byte	0                               @ EOM(1)
	.byte	0                               @ EOM(2)
	.byte	18                              @ Abbreviation Code
	.byte	15                              @ DW_TAG_pointer_type
	.byte	0                               @ DW_CHILDREN_no
	.byte	0                               @ EOM(1)
	.byte	0                               @ EOM(2)
	.byte	19                              @ Abbreviation Code
	.byte	15                              @ DW_TAG_pointer_type
	.byte	0                               @ DW_CHILDREN_no
	.byte	73                              @ DW_AT_type
	.byte	19                              @ DW_FORM_ref4
	.byte	0                               @ EOM(1)
	.byte	0                               @ EOM(2)
	.byte	20                              @ Abbreviation Code
	.byte	38                              @ DW_TAG_const_type
	.byte	0                               @ DW_CHILDREN_no
	.byte	73                              @ DW_AT_type
	.byte	19                              @ DW_FORM_ref4
	.byte	0                               @ EOM(1)
	.byte	0                               @ EOM(2)
	.byte	21                              @ Abbreviation Code
	.byte	1                               @ DW_TAG_array_type
	.byte	1                               @ DW_CHILDREN_yes
	.byte	73                              @ DW_AT_type
	.byte	19                              @ DW_FORM_ref4
	.byte	0                               @ EOM(1)
	.byte	0                               @ EOM(2)
	.byte	22                              @ Abbreviation Code
	.byte	33                              @ DW_TAG_subrange_type
	.byte	0                               @ DW_CHILDREN_no
	.byte	73                              @ DW_AT_type
	.byte	19                              @ DW_FORM_ref4
	.byte	55                              @ DW_AT_count
	.byte	11                              @ DW_FORM_data1
	.byte	0                               @ EOM(1)
	.byte	0                               @ EOM(2)
	.byte	23                              @ Abbreviation Code
	.byte	36                              @ DW_TAG_base_type
	.byte	0                               @ DW_CHILDREN_no
	.byte	3                               @ DW_AT_name
	.byte	14                              @ DW_FORM_strp
	.byte	11                              @ DW_AT_byte_size
	.byte	11                              @ DW_FORM_data1
	.byte	62                              @ DW_AT_encoding
	.byte	11                              @ DW_FORM_data1
	.byte	0                               @ EOM(1)
	.byte	0                               @ EOM(2)
	.byte	0                               @ EOM(3)
	.section	.debug_info,"",%progbits
.Lcu_begin0:
	.long	.Ldebug_info_end0-.Ldebug_info_start0 @ Length of Unit
.Ldebug_info_start0:
	.short	4                               @ DWARF version number
	.long	.debug_abbrev                   @ Offset Into Abbrev. Section
	.byte	4                               @ Address Size (in bytes)
	.byte	1                               @ Abbrev [1] 0xb:0x30c DW_TAG_compile_unit
	.long	.Linfo_string0                  @ DW_AT_producer
	.short	12                              @ DW_AT_language
	.long	.Linfo_string1                  @ DW_AT_name
	.long	.Lline_table_start0             @ DW_AT_stmt_list
	.long	.Linfo_string2                  @ DW_AT_comp_dir
	.long	0                               @ DW_AT_low_pc
	.long	.Ldebug_ranges0                 @ DW_AT_ranges
	.byte	2                               @ Abbrev [2] 0x26:0xf2 DW_TAG_enumeration_type
	.long	280                             @ DW_AT_type
	.long	.Linfo_string42                 @ DW_AT_name
	.byte	4                               @ DW_AT_byte_size
	.byte	1                               @ DW_AT_decl_file
	.byte	58                              @ DW_AT_decl_line
	.byte	3                               @ Abbrev [3] 0x32:0x6 DW_TAG_enumerator
	.long	.Linfo_string4                  @ DW_AT_name
	.byte	0                               @ DW_AT_const_value
	.byte	3                               @ Abbrev [3] 0x38:0x6 DW_TAG_enumerator
	.long	.Linfo_string5                  @ DW_AT_name
	.byte	1                               @ DW_AT_const_value
	.byte	3                               @ Abbrev [3] 0x3e:0x6 DW_TAG_enumerator
	.long	.Linfo_string6                  @ DW_AT_name
	.byte	2                               @ DW_AT_const_value
	.byte	3                               @ Abbrev [3] 0x44:0x6 DW_TAG_enumerator
	.long	.Linfo_string7                  @ DW_AT_name
	.byte	3                               @ DW_AT_const_value
	.byte	3                               @ Abbrev [3] 0x4a:0x6 DW_TAG_enumerator
	.long	.Linfo_string8                  @ DW_AT_name
	.byte	4                               @ DW_AT_const_value
	.byte	3                               @ Abbrev [3] 0x50:0x6 DW_TAG_enumerator
	.long	.Linfo_string9                  @ DW_AT_name
	.byte	5                               @ DW_AT_const_value
	.byte	3                               @ Abbrev [3] 0x56:0x6 DW_TAG_enumerator
	.long	.Linfo_string10                 @ DW_AT_name
	.byte	6                               @ DW_AT_const_value
	.byte	3                               @ Abbrev [3] 0x5c:0x6 DW_TAG_enumerator
	.long	.Linfo_string11                 @ DW_AT_name
	.byte	7                               @ DW_AT_const_value
	.byte	3                               @ Abbrev [3] 0x62:0x6 DW_TAG_enumerator
	.long	.Linfo_string12                 @ DW_AT_name
	.byte	8                               @ DW_AT_const_value
	.byte	3                               @ Abbrev [3] 0x68:0x6 DW_TAG_enumerator
	.long	.Linfo_string13                 @ DW_AT_name
	.byte	9                               @ DW_AT_const_value
	.byte	3                               @ Abbrev [3] 0x6e:0x6 DW_TAG_enumerator
	.long	.Linfo_string14                 @ DW_AT_name
	.byte	10                              @ DW_AT_const_value
	.byte	3                               @ Abbrev [3] 0x74:0x6 DW_TAG_enumerator
	.long	.Linfo_string15                 @ DW_AT_name
	.byte	11                              @ DW_AT_const_value
	.byte	3                               @ Abbrev [3] 0x7a:0x6 DW_TAG_enumerator
	.long	.Linfo_string16                 @ DW_AT_name
	.byte	12                              @ DW_AT_const_value
	.byte	3                               @ Abbrev [3] 0x80:0x6 DW_TAG_enumerator
	.long	.Linfo_string17                 @ DW_AT_name
	.byte	13                              @ DW_AT_const_value
	.byte	3                               @ Abbrev [3] 0x86:0x6 DW_TAG_enumerator
	.long	.Linfo_string18                 @ DW_AT_name
	.byte	14                              @ DW_AT_const_value
	.byte	3                               @ Abbrev [3] 0x8c:0x6 DW_TAG_enumerator
	.long	.Linfo_string19                 @ DW_AT_name
	.byte	15                              @ DW_AT_const_value
	.byte	3                               @ Abbrev [3] 0x92:0x6 DW_TAG_enumerator
	.long	.Linfo_string20                 @ DW_AT_name
	.byte	16                              @ DW_AT_const_value
	.byte	3                               @ Abbrev [3] 0x98:0x6 DW_TAG_enumerator
	.long	.Linfo_string21                 @ DW_AT_name
	.byte	17                              @ DW_AT_const_value
	.byte	3                               @ Abbrev [3] 0x9e:0x6 DW_TAG_enumerator
	.long	.Linfo_string22                 @ DW_AT_name
	.byte	18                              @ DW_AT_const_value
	.byte	3                               @ Abbrev [3] 0xa4:0x6 DW_TAG_enumerator
	.long	.Linfo_string23                 @ DW_AT_name
	.byte	19                              @ DW_AT_const_value
	.byte	3                               @ Abbrev [3] 0xaa:0x6 DW_TAG_enumerator
	.long	.Linfo_string24                 @ DW_AT_name
	.byte	20                              @ DW_AT_const_value
	.byte	3                               @ Abbrev [3] 0xb0:0x6 DW_TAG_enumerator
	.long	.Linfo_string25                 @ DW_AT_name
	.byte	21                              @ DW_AT_const_value
	.byte	3                               @ Abbrev [3] 0xb6:0x6 DW_TAG_enumerator
	.long	.Linfo_string26                 @ DW_AT_name
	.byte	22                              @ DW_AT_const_value
	.byte	3                               @ Abbrev [3] 0xbc:0x6 DW_TAG_enumerator
	.long	.Linfo_string27                 @ DW_AT_name
	.byte	23                              @ DW_AT_const_value
	.byte	3                               @ Abbrev [3] 0xc2:0x6 DW_TAG_enumerator
	.long	.Linfo_string28                 @ DW_AT_name
	.byte	24                              @ DW_AT_const_value
	.byte	3                               @ Abbrev [3] 0xc8:0x6 DW_TAG_enumerator
	.long	.Linfo_string29                 @ DW_AT_name
	.byte	26                              @ DW_AT_const_value
	.byte	3                               @ Abbrev [3] 0xce:0x6 DW_TAG_enumerator
	.long	.Linfo_string30                 @ DW_AT_name
	.byte	27                              @ DW_AT_const_value
	.byte	3                               @ Abbrev [3] 0xd4:0x6 DW_TAG_enumerator
	.long	.Linfo_string31                 @ DW_AT_name
	.byte	28                              @ DW_AT_const_value
	.byte	3                               @ Abbrev [3] 0xda:0x6 DW_TAG_enumerator
	.long	.Linfo_string32                 @ DW_AT_name
	.byte	29                              @ DW_AT_const_value
	.byte	3                               @ Abbrev [3] 0xe0:0x6 DW_TAG_enumerator
	.long	.Linfo_string33                 @ DW_AT_name
	.byte	30                              @ DW_AT_const_value
	.byte	3                               @ Abbrev [3] 0xe6:0x6 DW_TAG_enumerator
	.long	.Linfo_string34                 @ DW_AT_name
	.byte	31                              @ DW_AT_const_value
	.byte	3                               @ Abbrev [3] 0xec:0x6 DW_TAG_enumerator
	.long	.Linfo_string35                 @ DW_AT_name
	.byte	32                              @ DW_AT_const_value
	.byte	3                               @ Abbrev [3] 0xf2:0x6 DW_TAG_enumerator
	.long	.Linfo_string36                 @ DW_AT_name
	.byte	34                              @ DW_AT_const_value
	.byte	3                               @ Abbrev [3] 0xf8:0x6 DW_TAG_enumerator
	.long	.Linfo_string37                 @ DW_AT_name
	.byte	35                              @ DW_AT_const_value
	.byte	3                               @ Abbrev [3] 0xfe:0x6 DW_TAG_enumerator
	.long	.Linfo_string38                 @ DW_AT_name
	.byte	36                              @ DW_AT_const_value
	.byte	3                               @ Abbrev [3] 0x104:0x6 DW_TAG_enumerator
	.long	.Linfo_string39                 @ DW_AT_name
	.byte	37                              @ DW_AT_const_value
	.byte	3                               @ Abbrev [3] 0x10a:0x6 DW_TAG_enumerator
	.long	.Linfo_string40                 @ DW_AT_name
	.byte	38                              @ DW_AT_const_value
	.byte	3                               @ Abbrev [3] 0x110:0x7 DW_TAG_enumerator
	.long	.Linfo_string41                 @ DW_AT_name
	.ascii	"\377\001"                      @ DW_AT_const_value
	.byte	0                               @ End Of Children Mark
	.byte	4                               @ Abbrev [4] 0x118:0x7 DW_TAG_base_type
	.long	.Linfo_string3                  @ DW_AT_name
	.byte	7                               @ DW_AT_encoding
	.byte	4                               @ DW_AT_byte_size
	.byte	4                               @ Abbrev [4] 0x11f:0x7 DW_TAG_base_type
	.long	.Linfo_string43                 @ DW_AT_name
	.byte	5                               @ DW_AT_encoding
	.byte	4                               @ DW_AT_byte_size
	.byte	5                               @ Abbrev [5] 0x126:0x30 DW_TAG_subprogram
	.long	.Lfunc_begin0                   @ DW_AT_low_pc
	.long	.Lfunc_end0-.Lfunc_begin0       @ DW_AT_high_pc
	.byte	1                               @ DW_AT_frame_base
	.byte	93
                                        @ DW_AT_GNU_all_call_sites
	.long	.Linfo_string44                 @ DW_AT_name
	.byte	2                               @ DW_AT_decl_file
	.byte	43                              @ DW_AT_decl_line
                                        @ DW_AT_prototyped
                                        @ DW_AT_external
	.byte	6                               @ Abbrev [6] 0x137:0xf DW_TAG_formal_parameter
	.long	.Ldebug_loc0                    @ DW_AT_location
	.long	.Linfo_string59                 @ DW_AT_name
	.byte	2                               @ DW_AT_decl_file
	.byte	43                              @ DW_AT_decl_line
	.long	726                             @ DW_AT_type
	.byte	7                               @ Abbrev [7] 0x146:0xe DW_TAG_variable
	.byte	2                               @ DW_AT_location
	.byte	145
	.byte	0
	.long	.Linfo_string54                 @ DW_AT_name
	.byte	2                               @ DW_AT_decl_file
	.byte	45                              @ DW_AT_decl_line
	.long	686                             @ DW_AT_type
	.byte	8                               @ Abbrev [8] 0x154:0x1 DW_TAG_unspecified_parameters
	.byte	0                               @ End Of Children Mark
	.byte	5                               @ Abbrev [5] 0x156:0x3a DW_TAG_subprogram
	.long	.Lfunc_begin1                   @ DW_AT_low_pc
	.long	.Lfunc_end1-.Lfunc_begin1       @ DW_AT_high_pc
	.byte	1                               @ DW_AT_frame_base
	.byte	93
                                        @ DW_AT_GNU_all_call_sites
	.long	.Linfo_string45                 @ DW_AT_name
	.byte	2                               @ DW_AT_decl_file
	.byte	52                              @ DW_AT_decl_line
                                        @ DW_AT_prototyped
                                        @ DW_AT_external
	.byte	6                               @ Abbrev [6] 0x167:0xf DW_TAG_formal_parameter
	.long	.Ldebug_loc1                    @ DW_AT_location
	.long	.Linfo_string59                 @ DW_AT_name
	.byte	2                               @ DW_AT_decl_file
	.byte	52                              @ DW_AT_decl_line
	.long	726                             @ DW_AT_type
	.byte	9                               @ Abbrev [9] 0x176:0xb DW_TAG_formal_parameter
	.long	.Linfo_string54                 @ DW_AT_name
	.byte	2                               @ DW_AT_decl_file
	.byte	52                              @ DW_AT_decl_line
	.long	686                             @ DW_AT_type
	.byte	7                               @ Abbrev [7] 0x181:0xe DW_TAG_variable
	.byte	2                               @ DW_AT_location
	.byte	145
	.byte	0
	.long	.Linfo_string61                 @ DW_AT_name
	.byte	2                               @ DW_AT_decl_file
	.byte	54                              @ DW_AT_decl_line
	.long	743                             @ DW_AT_type
	.byte	0                               @ End Of Children Mark
	.byte	5                               @ Abbrev [5] 0x190:0x21 DW_TAG_subprogram
	.long	.Lfunc_begin2                   @ DW_AT_low_pc
	.long	.Lfunc_end2-.Lfunc_begin2       @ DW_AT_high_pc
	.byte	1                               @ DW_AT_frame_base
	.byte	93
                                        @ DW_AT_GNU_all_call_sites
	.long	.Linfo_string46                 @ DW_AT_name
	.byte	2                               @ DW_AT_decl_file
	.byte	76                              @ DW_AT_decl_line
                                        @ DW_AT_prototyped
                                        @ DW_AT_external
	.byte	6                               @ Abbrev [6] 0x1a1:0xf DW_TAG_formal_parameter
	.long	.Ldebug_loc2                    @ DW_AT_location
	.long	.Linfo_string63                 @ DW_AT_name
	.byte	2                               @ DW_AT_decl_file
	.byte	76                              @ DW_AT_decl_line
	.long	726                             @ DW_AT_type
	.byte	0                               @ End Of Children Mark
	.byte	5                               @ Abbrev [5] 0x1b1:0x30 DW_TAG_subprogram
	.long	.Lfunc_begin3                   @ DW_AT_low_pc
	.long	.Lfunc_end3-.Lfunc_begin3       @ DW_AT_high_pc
	.byte	1                               @ DW_AT_frame_base
	.byte	93
                                        @ DW_AT_GNU_all_call_sites
	.long	.Linfo_string47                 @ DW_AT_name
	.byte	2                               @ DW_AT_decl_file
	.byte	65                              @ DW_AT_decl_line
                                        @ DW_AT_prototyped
                                        @ DW_AT_external
	.byte	6                               @ Abbrev [6] 0x1c2:0xf DW_TAG_formal_parameter
	.long	.Ldebug_loc3                    @ DW_AT_location
	.long	.Linfo_string64                 @ DW_AT_name
	.byte	2                               @ DW_AT_decl_file
	.byte	65                              @ DW_AT_decl_line
	.long	762                             @ DW_AT_type
	.byte	6                               @ Abbrev [6] 0x1d1:0xf DW_TAG_formal_parameter
	.long	.Ldebug_loc4                    @ DW_AT_location
	.long	.Linfo_string67                 @ DW_AT_name
	.byte	2                               @ DW_AT_decl_file
	.byte	65                              @ DW_AT_decl_line
	.long	287                             @ DW_AT_type
	.byte	0                               @ End Of Children Mark
	.byte	5                               @ Abbrev [5] 0x1e1:0x2a DW_TAG_subprogram
	.long	.Lfunc_begin4                   @ DW_AT_low_pc
	.long	.Lfunc_end4-.Lfunc_begin4       @ DW_AT_high_pc
	.byte	1                               @ DW_AT_frame_base
	.byte	93
                                        @ DW_AT_GNU_all_call_sites
	.long	.Linfo_string48                 @ DW_AT_name
	.byte	2                               @ DW_AT_decl_file
	.byte	93                              @ DW_AT_decl_line
                                        @ DW_AT_prototyped
                                        @ DW_AT_external
	.byte	6                               @ Abbrev [6] 0x1f2:0xf DW_TAG_formal_parameter
	.long	.Ldebug_loc5                    @ DW_AT_location
	.long	.Linfo_string68                 @ DW_AT_name
	.byte	2                               @ DW_AT_decl_file
	.byte	93                              @ DW_AT_decl_line
	.long	287                             @ DW_AT_type
	.byte	10                              @ Abbrev [10] 0x201:0x9 DW_TAG_GNU_call_site
	.long	523                             @ DW_AT_abstract_origin
                                        @ DW_AT_GNU_tail_call
	.long	.Ltmp26                         @ DW_AT_low_pc
	.byte	0                               @ End Of Children Mark
	.byte	5                               @ Abbrev [5] 0x20b:0x1f DW_TAG_subprogram
	.long	.Lfunc_begin6                   @ DW_AT_low_pc
	.long	.Lfunc_end6-.Lfunc_begin6       @ DW_AT_high_pc
	.byte	1                               @ DW_AT_frame_base
	.byte	93
                                        @ DW_AT_GNU_all_call_sites
	.long	.Linfo_string50                 @ DW_AT_name
	.byte	2                               @ DW_AT_decl_file
	.byte	106                             @ DW_AT_decl_line
                                        @ DW_AT_prototyped
                                        @ DW_AT_external
	.byte	11                              @ Abbrev [11] 0x21c:0xd DW_TAG_formal_parameter
	.byte	1                               @ DW_AT_location
	.byte	80
	.long	.Linfo_string68                 @ DW_AT_name
	.byte	2                               @ DW_AT_decl_file
	.byte	106                             @ DW_AT_decl_line
	.long	287                             @ DW_AT_type
	.byte	0                               @ End Of Children Mark
	.byte	5                               @ Abbrev [5] 0x22a:0x2a DW_TAG_subprogram
	.long	.Lfunc_begin5                   @ DW_AT_low_pc
	.long	.Lfunc_end5-.Lfunc_begin5       @ DW_AT_high_pc
	.byte	1                               @ DW_AT_frame_base
	.byte	93
                                        @ DW_AT_GNU_all_call_sites
	.long	.Linfo_string49                 @ DW_AT_name
	.byte	2                               @ DW_AT_decl_file
	.byte	86                              @ DW_AT_decl_line
                                        @ DW_AT_prototyped
                                        @ DW_AT_external
	.byte	6                               @ Abbrev [6] 0x23b:0xf DW_TAG_formal_parameter
	.long	.Ldebug_loc6                    @ DW_AT_location
	.long	.Linfo_string63                 @ DW_AT_name
	.byte	2                               @ DW_AT_decl_file
	.byte	86                              @ DW_AT_decl_line
	.long	726                             @ DW_AT_type
	.byte	10                              @ Abbrev [10] 0x24a:0x9 DW_TAG_GNU_call_site
	.long	481                             @ DW_AT_abstract_origin
                                        @ DW_AT_GNU_tail_call
	.long	.Ltmp30                         @ DW_AT_low_pc
	.byte	0                               @ End Of Children Mark
	.byte	12                              @ Abbrev [12] 0x254:0x15 DW_TAG_subprogram
	.long	.Lfunc_begin7                   @ DW_AT_low_pc
	.long	.Lfunc_end7-.Lfunc_begin7       @ DW_AT_high_pc
	.byte	1                               @ DW_AT_frame_base
	.byte	93
                                        @ DW_AT_GNU_all_call_sites
	.long	.Linfo_string51                 @ DW_AT_name
	.byte	2                               @ DW_AT_decl_file
	.byte	112                             @ DW_AT_decl_line
                                        @ DW_AT_prototyped
	.long	287                             @ DW_AT_type
                                        @ DW_AT_external
	.byte	12                              @ Abbrev [12] 0x269:0x15 DW_TAG_subprogram
	.long	.Lfunc_begin8                   @ DW_AT_low_pc
	.long	.Lfunc_end8-.Lfunc_begin8       @ DW_AT_high_pc
	.byte	1                               @ DW_AT_frame_base
	.byte	93
                                        @ DW_AT_GNU_all_call_sites
	.long	.Linfo_string52                 @ DW_AT_name
	.byte	2                               @ DW_AT_decl_file
	.byte	118                             @ DW_AT_decl_line
                                        @ DW_AT_prototyped
	.long	287                             @ DW_AT_type
                                        @ DW_AT_external
	.byte	13                              @ Abbrev [13] 0x27e:0x25 DW_TAG_subprogram
	.long	.Lfunc_begin9                   @ DW_AT_low_pc
	.long	.Lfunc_end9-.Lfunc_begin9       @ DW_AT_high_pc
	.byte	1                               @ DW_AT_frame_base
	.byte	93
                                        @ DW_AT_GNU_all_call_sites
	.long	.Linfo_string53                 @ DW_AT_name
	.byte	2                               @ DW_AT_decl_file
	.byte	124                             @ DW_AT_decl_line
                                        @ DW_AT_prototyped
	.long	675                             @ DW_AT_type
                                        @ DW_AT_external
	.byte	6                               @ Abbrev [6] 0x293:0xf DW_TAG_formal_parameter
	.long	.Ldebug_loc7                    @ DW_AT_location
	.long	.Linfo_string69                 @ DW_AT_name
	.byte	2                               @ DW_AT_decl_file
	.byte	124                             @ DW_AT_decl_line
	.long	726                             @ DW_AT_type
	.byte	0                               @ End Of Children Mark
	.byte	14                              @ Abbrev [14] 0x2a3:0xb DW_TAG_typedef
	.long	38                              @ DW_AT_type
	.long	.Linfo_string42                 @ DW_AT_name
	.byte	1                               @ DW_AT_decl_file
	.byte	251                             @ DW_AT_decl_line
	.byte	14                              @ Abbrev [14] 0x2ae:0xb DW_TAG_typedef
	.long	697                             @ DW_AT_type
	.long	.Linfo_string58                 @ DW_AT_name
	.byte	4                               @ DW_AT_decl_file
	.byte	40                              @ DW_AT_decl_line
	.byte	15                              @ Abbrev [15] 0x2b9:0x9 DW_TAG_typedef
	.long	706                             @ DW_AT_type
	.long	.Linfo_string57                 @ DW_AT_name
	.byte	16                              @ Abbrev [16] 0x2c2:0x13 DW_TAG_structure_type
	.long	.Linfo_string56                 @ DW_AT_name
	.byte	4                               @ DW_AT_byte_size
	.byte	17                              @ Abbrev [17] 0x2c8:0xc DW_TAG_member
	.long	.Linfo_string55                 @ DW_AT_name
	.long	725                             @ DW_AT_type
	.byte	3                               @ DW_AT_decl_file
	.byte	45                              @ DW_AT_decl_line
	.byte	0                               @ DW_AT_data_member_location
	.byte	0                               @ End Of Children Mark
	.byte	18                              @ Abbrev [18] 0x2d5:0x1 DW_TAG_pointer_type
	.byte	19                              @ Abbrev [19] 0x2d6:0x5 DW_TAG_pointer_type
	.long	731                             @ DW_AT_type
	.byte	20                              @ Abbrev [20] 0x2db:0x5 DW_TAG_const_type
	.long	736                             @ DW_AT_type
	.byte	4                               @ Abbrev [4] 0x2e0:0x7 DW_TAG_base_type
	.long	.Linfo_string60                 @ DW_AT_name
	.byte	8                               @ DW_AT_encoding
	.byte	1                               @ DW_AT_byte_size
	.byte	21                              @ Abbrev [21] 0x2e7:0xc DW_TAG_array_type
	.long	736                             @ DW_AT_type
	.byte	22                              @ Abbrev [22] 0x2ec:0x6 DW_TAG_subrange_type
	.long	755                             @ DW_AT_type
	.byte	128                             @ DW_AT_count
	.byte	0                               @ End Of Children Mark
	.byte	23                              @ Abbrev [23] 0x2f3:0x7 DW_TAG_base_type
	.long	.Linfo_string62                 @ DW_AT_name
	.byte	8                               @ DW_AT_byte_size
	.byte	7                               @ DW_AT_encoding
	.byte	19                              @ Abbrev [19] 0x2fa:0x5 DW_TAG_pointer_type
	.long	767                             @ DW_AT_type
	.byte	20                              @ Abbrev [20] 0x2ff:0x5 DW_TAG_const_type
	.long	772                             @ DW_AT_type
	.byte	14                              @ Abbrev [14] 0x304:0xb DW_TAG_typedef
	.long	783                             @ DW_AT_type
	.long	.Linfo_string66                 @ DW_AT_name
	.byte	5                               @ DW_AT_decl_file
	.byte	62                              @ DW_AT_decl_line
	.byte	4                               @ Abbrev [4] 0x30f:0x7 DW_TAG_base_type
	.long	.Linfo_string65                 @ DW_AT_name
	.byte	8                               @ DW_AT_encoding
	.byte	1                               @ DW_AT_byte_size
	.byte	0                               @ End Of Children Mark
.Ldebug_info_end0:
	.section	.debug_ranges,"",%progbits
.Ldebug_ranges0:
	.long	.Lfunc_begin0
	.long	.Lfunc_end0
	.long	.Lfunc_begin1
	.long	.Lfunc_end1
	.long	.Lfunc_begin2
	.long	.Lfunc_end2
	.long	.Lfunc_begin3
	.long	.Lfunc_end3
	.long	.Lfunc_begin4
	.long	.Lfunc_end4
	.long	.Lfunc_begin5
	.long	.Lfunc_end5
	.long	.Lfunc_begin6
	.long	.Lfunc_end6
	.long	.Lfunc_begin7
	.long	.Lfunc_end7
	.long	.Lfunc_begin8
	.long	.Lfunc_end8
	.long	.Lfunc_begin9
	.long	.Lfunc_end9
	.long	0
	.long	0
	.section	.debug_str,"MS",%progbits,1
.Linfo_string0:
	.asciz	"Component: ARM Compiler 6.16 Tool: armclang [5dfeb700]" @ string offset=0
.Linfo_string1:
	.asciz	"../../../components/network/thread/subg_openthread/examples/platforms/utils\\debug_uart.c" @ string offset=55
.Linfo_string2:
	.asciz	"D:\\20240115\\rafael-iot-sdk-das\\examples\\das_subg_thread\\keil" @ string offset=144
.Linfo_string3:
	.asciz	"unsigned int"                  @ string offset=205
.Linfo_string4:
	.asciz	"OT_ERROR_NONE"                 @ string offset=218
.Linfo_string5:
	.asciz	"OT_ERROR_FAILED"               @ string offset=232
.Linfo_string6:
	.asciz	"OT_ERROR_DROP"                 @ string offset=248
.Linfo_string7:
	.asciz	"OT_ERROR_NO_BUFS"              @ string offset=262
.Linfo_string8:
	.asciz	"OT_ERROR_NO_ROUTE"             @ string offset=279
.Linfo_string9:
	.asciz	"OT_ERROR_BUSY"                 @ string offset=297
.Linfo_string10:
	.asciz	"OT_ERROR_PARSE"                @ string offset=311
.Linfo_string11:
	.asciz	"OT_ERROR_INVALID_ARGS"         @ string offset=326
.Linfo_string12:
	.asciz	"OT_ERROR_SECURITY"             @ string offset=348
.Linfo_string13:
	.asciz	"OT_ERROR_ADDRESS_QUERY"        @ string offset=366
.Linfo_string14:
	.asciz	"OT_ERROR_NO_ADDRESS"           @ string offset=389
.Linfo_string15:
	.asciz	"OT_ERROR_ABORT"                @ string offset=409
.Linfo_string16:
	.asciz	"OT_ERROR_NOT_IMPLEMENTED"      @ string offset=424
.Linfo_string17:
	.asciz	"OT_ERROR_INVALID_STATE"        @ string offset=449
.Linfo_string18:
	.asciz	"OT_ERROR_NO_ACK"               @ string offset=472
.Linfo_string19:
	.asciz	"OT_ERROR_CHANNEL_ACCESS_FAILURE" @ string offset=488
.Linfo_string20:
	.asciz	"OT_ERROR_DETACHED"             @ string offset=520
.Linfo_string21:
	.asciz	"OT_ERROR_FCS"                  @ string offset=538
.Linfo_string22:
	.asciz	"OT_ERROR_NO_FRAME_RECEIVED"    @ string offset=551
.Linfo_string23:
	.asciz	"OT_ERROR_UNKNOWN_NEIGHBOR"     @ string offset=578
.Linfo_string24:
	.asciz	"OT_ERROR_INVALID_SOURCE_ADDRESS" @ string offset=604
.Linfo_string25:
	.asciz	"OT_ERROR_ADDRESS_FILTERED"     @ string offset=636
.Linfo_string26:
	.asciz	"OT_ERROR_DESTINATION_ADDRESS_FILTERED" @ string offset=662
.Linfo_string27:
	.asciz	"OT_ERROR_NOT_FOUND"            @ string offset=700
.Linfo_string28:
	.asciz	"OT_ERROR_ALREADY"              @ string offset=719
.Linfo_string29:
	.asciz	"OT_ERROR_IP6_ADDRESS_CREATION_FAILURE" @ string offset=736
.Linfo_string30:
	.asciz	"OT_ERROR_NOT_CAPABLE"          @ string offset=774
.Linfo_string31:
	.asciz	"OT_ERROR_RESPONSE_TIMEOUT"     @ string offset=795
.Linfo_string32:
	.asciz	"OT_ERROR_DUPLICATED"           @ string offset=821
.Linfo_string33:
	.asciz	"OT_ERROR_REASSEMBLY_TIMEOUT"   @ string offset=841
.Linfo_string34:
	.asciz	"OT_ERROR_NOT_TMF"              @ string offset=869
.Linfo_string35:
	.asciz	"OT_ERROR_NOT_LOWPAN_DATA_FRAME" @ string offset=886
.Linfo_string36:
	.asciz	"OT_ERROR_LINK_MARGIN_LOW"      @ string offset=917
.Linfo_string37:
	.asciz	"OT_ERROR_INVALID_COMMAND"      @ string offset=942
.Linfo_string38:
	.asciz	"OT_ERROR_PENDING"              @ string offset=967
.Linfo_string39:
	.asciz	"OT_ERROR_REJECTED"             @ string offset=984
.Linfo_string40:
	.asciz	"OT_NUM_ERRORS"                 @ string offset=1002
.Linfo_string41:
	.asciz	"OT_ERROR_GENERIC"              @ string offset=1016
.Linfo_string42:
	.asciz	"otError"                       @ string offset=1033
.Linfo_string43:
	.asciz	"int"                           @ string offset=1041
.Linfo_string44:
	.asciz	"otPlatDebugUart_printf"        @ string offset=1045
.Linfo_string45:
	.asciz	"otPlatDebugUart_vprintf"       @ string offset=1068
.Linfo_string46:
	.asciz	"otPlatDebugUart_puts_no_nl"    @ string offset=1092
.Linfo_string47:
	.asciz	"otPlatDebugUart_write_bytes"   @ string offset=1119
.Linfo_string48:
	.asciz	"otPlatDebugUart_putchar"       @ string offset=1147
.Linfo_string49:
	.asciz	"otPlatDebugUart_puts"          @ string offset=1171
.Linfo_string50:
	.asciz	"otPlatDebugUart_putchar_raw"   @ string offset=1192
.Linfo_string51:
	.asciz	"otPlatDebugUart_kbhit"         @ string offset=1220
.Linfo_string52:
	.asciz	"otPlatDebugUart_getc"          @ string offset=1242
.Linfo_string53:
	.asciz	"otPlatDebugUart_logfile"       @ string offset=1263
.Linfo_string54:
	.asciz	"ap"                            @ string offset=1287
.Linfo_string55:
	.asciz	"__ap"                          @ string offset=1290
.Linfo_string56:
	.asciz	"__va_list"                     @ string offset=1295
.Linfo_string57:
	.asciz	"__builtin_va_list"             @ string offset=1305
.Linfo_string58:
	.asciz	"va_list"                       @ string offset=1323
.Linfo_string59:
	.asciz	"fmt"                           @ string offset=1331
.Linfo_string60:
	.asciz	"char"                          @ string offset=1335
.Linfo_string61:
	.asciz	"buf"                           @ string offset=1340
.Linfo_string62:
	.asciz	"__ARRAY_SIZE_TYPE__"           @ string offset=1344
.Linfo_string63:
	.asciz	"s"                             @ string offset=1364
.Linfo_string64:
	.asciz	"pBytes"                        @ string offset=1366
.Linfo_string65:
	.asciz	"unsigned char"                 @ string offset=1373
.Linfo_string66:
	.asciz	"uint8_t"                       @ string offset=1387
.Linfo_string67:
	.asciz	"nBytes"                        @ string offset=1395
.Linfo_string68:
	.asciz	"c"                             @ string offset=1402
.Linfo_string69:
	.asciz	"filename"                      @ string offset=1404
	.ident	"Component: ARM Compiler 6.16 Tool: armclang [5dfeb700]"
	.section	".note.GNU-stack","",%progbits
	.eabi_attribute	30, 3	@ Tag_ABI_optimization_goals
	.ARM_attribute	16, 1	@ Tag_AV_eba
	.section	.debug_line,"",%progbits
.Lline_table_start0:
