	.text
	.syntax unified
	.eabi_attribute	67, "2.09"	@ Tag_conformance
	.cpu	cortex-m3
	.eabi_attribute	6, 10	@ Tag_CPU_arch
	.eabi_attribute	7, 77	@ Tag_CPU_arch_profile
	.eabi_attribute	8, 0	@ Tag_ARM_ISA_use
	.eabi_attribute	9, 2	@ Tag_THUMB_ISA_use
	.eabi_attribute	34, 1	@ Tag_CPU_unaligned_access
	.eabi_attribute	17, 1	@ Tag_ABI_PCS_GOT_use
	.eabi_attribute	20, 2	@ Tag_ABI_FP_denormal
	.eabi_attribute	21, 0	@ Tag_ABI_FP_exceptions
	.eabi_attribute	23, 1	@ Tag_ABI_FP_number_model
	.eabi_attribute	24, 1	@ Tag_ABI_align_needed
	.eabi_attribute	25, 1	@ Tag_ABI_align_preserved
	.eabi_attribute	38, 1	@ Tag_ABI_FP_16bit_format
	.eabi_attribute	18, 4	@ Tag_ABI_PCS_wchar_t
	.eabi_attribute	26, 2	@ Tag_ABI_enum_size
	.eabi_attribute	14, 0	@ Tag_ABI_PCS_R9_use
	.file	"error_api.cpp"
	.file	1 "D:\\Rafael-IoT-SDK-Internal-main\\examples\\das_subg_thread\\keil" "../../../components/network/thread/subg_openthread/include\\openthread/error.h"
	.file	2 "C:\\Keil_v5\\ARM\\ARMCLANG\\Bin\\..\\include" "stdint.h"
	.file	3 "D:\\Rafael-IoT-SDK-Internal-main\\examples\\das_subg_thread\\keil" "../../../components/network/thread/subg_openthread/src/core/api/error_api.cpp"
	.section	.text.otThreadErrorToString,"ax",%progbits
	.hidden	otThreadErrorToString           @ -- Begin function otThreadErrorToString
	.globl	otThreadErrorToString
	.p2align	1
	.type	otThreadErrorToString,%function
	.code	16                              @ @otThreadErrorToString
	.thumb_func
otThreadErrorToString:
.Lfunc_begin0:
	.loc	3 40 0                          @ ../../../components/network/thread/subg_openthread/src/core/api/error_api.cpp:40:0
	.fnstart
	.cfi_sections .debug_frame
	.cfi_startproc
@ %bb.0:
	@DEBUG_VALUE: otThreadErrorToString:aError <- $r0
	@DEBUG_VALUE: otThreadErrorToString:aError <- $r0
	@DEBUG_VALUE: otThreadErrorToString:aError <- $r0
	.loc	3 40 60 prologue_end            @ ../../../components/network/thread/subg_openthread/src/core/api/error_api.cpp:40:60
	b	_ZN2ot13ErrorToStringE7otError
.Ltmp0:
.Lfunc_end0:
	.size	otThreadErrorToString, .Lfunc_end0-otThreadErrorToString
	.cfi_endproc
	.file	4 "D:\\Rafael-IoT-SDK-Internal-main\\examples\\das_subg_thread\\keil" "../../../components/network/thread/subg_openthread/src/core\\common/error.hpp"
	.cantunwind
	.fnend
                                        @ -- End function
	.section	.debug_abbrev,"",%progbits
	.byte	1                               @ Abbreviation Code
	.byte	17                              @ DW_TAG_compile_unit
	.byte	1                               @ DW_CHILDREN_yes
	.byte	37                              @ DW_AT_producer
	.byte	14                              @ DW_FORM_strp
	.byte	19                              @ DW_AT_language
	.byte	5                               @ DW_FORM_data2
	.byte	3                               @ DW_AT_name
	.byte	14                              @ DW_FORM_strp
	.byte	16                              @ DW_AT_stmt_list
	.byte	23                              @ DW_FORM_sec_offset
	.byte	27                              @ DW_AT_comp_dir
	.byte	14                              @ DW_FORM_strp
	.byte	17                              @ DW_AT_low_pc
	.byte	1                               @ DW_FORM_addr
	.byte	18                              @ DW_AT_high_pc
	.byte	6                               @ DW_FORM_data4
	.byte	0                               @ EOM(1)
	.byte	0                               @ EOM(2)
	.byte	2                               @ Abbreviation Code
	.byte	4                               @ DW_TAG_enumeration_type
	.byte	1                               @ DW_CHILDREN_yes
	.byte	73                              @ DW_AT_type
	.byte	19                              @ DW_FORM_ref4
	.byte	3                               @ DW_AT_name
	.byte	14                              @ DW_FORM_strp
	.byte	11                              @ DW_AT_byte_size
	.byte	11                              @ DW_FORM_data1
	.byte	58                              @ DW_AT_decl_file
	.byte	11                              @ DW_FORM_data1
	.byte	59                              @ DW_AT_decl_line
	.byte	11                              @ DW_FORM_data1
	.byte	0                               @ EOM(1)
	.byte	0                               @ EOM(2)
	.byte	3                               @ Abbreviation Code
	.byte	40                              @ DW_TAG_enumerator
	.byte	0                               @ DW_CHILDREN_no
	.byte	3                               @ DW_AT_name
	.byte	14                              @ DW_FORM_strp
	.byte	28                              @ DW_AT_const_value
	.byte	15                              @ DW_FORM_udata
	.byte	0                               @ EOM(1)
	.byte	0                               @ EOM(2)
	.byte	4                               @ Abbreviation Code
	.byte	36                              @ DW_TAG_base_type
	.byte	0                               @ DW_CHILDREN_no
	.byte	3                               @ DW_AT_name
	.byte	14                              @ DW_FORM_strp
	.byte	62                              @ DW_AT_encoding
	.byte	11                              @ DW_FORM_data1
	.byte	11                              @ DW_AT_byte_size
	.byte	11                              @ DW_FORM_data1
	.byte	0                               @ EOM(1)
	.byte	0                               @ EOM(2)
	.byte	5                               @ Abbreviation Code
	.byte	22                              @ DW_TAG_typedef
	.byte	0                               @ DW_CHILDREN_no
	.byte	73                              @ DW_AT_type
	.byte	19                              @ DW_FORM_ref4
	.byte	3                               @ DW_AT_name
	.byte	14                              @ DW_FORM_strp
	.byte	58                              @ DW_AT_decl_file
	.byte	11                              @ DW_FORM_data1
	.byte	59                              @ DW_AT_decl_line
	.byte	11                              @ DW_FORM_data1
	.byte	0                               @ EOM(1)
	.byte	0                               @ EOM(2)
	.byte	6                               @ Abbreviation Code
	.byte	8                               @ DW_TAG_imported_declaration
	.byte	0                               @ DW_CHILDREN_no
	.byte	58                              @ DW_AT_decl_file
	.byte	11                              @ DW_FORM_data1
	.byte	59                              @ DW_AT_decl_line
	.byte	5                               @ DW_FORM_data2
	.byte	24                              @ DW_AT_import
	.byte	19                              @ DW_FORM_ref4
	.byte	0                               @ EOM(1)
	.byte	0                               @ EOM(2)
	.byte	7                               @ Abbreviation Code
	.byte	57                              @ DW_TAG_namespace
	.byte	1                               @ DW_CHILDREN_yes
	.byte	3                               @ DW_AT_name
	.byte	14                              @ DW_FORM_strp
	.byte	0                               @ EOM(1)
	.byte	0                               @ EOM(2)
	.byte	8                               @ Abbreviation Code
	.byte	46                              @ DW_TAG_subprogram
	.byte	1                               @ DW_CHILDREN_yes
	.byte	110                             @ DW_AT_linkage_name
	.byte	14                              @ DW_FORM_strp
	.byte	3                               @ DW_AT_name
	.byte	14                              @ DW_FORM_strp
	.byte	58                              @ DW_AT_decl_file
	.byte	11                              @ DW_FORM_data1
	.byte	59                              @ DW_AT_decl_line
	.byte	11                              @ DW_FORM_data1
	.byte	73                              @ DW_AT_type
	.byte	19                              @ DW_FORM_ref4
	.byte	60                              @ DW_AT_declaration
	.byte	25                              @ DW_FORM_flag_present
	.byte	63                              @ DW_AT_external
	.byte	25                              @ DW_FORM_flag_present
	.byte	0                               @ EOM(1)
	.byte	0                               @ EOM(2)
	.byte	9                               @ Abbreviation Code
	.byte	5                               @ DW_TAG_formal_parameter
	.byte	0                               @ DW_CHILDREN_no
	.byte	73                              @ DW_AT_type
	.byte	19                              @ DW_FORM_ref4
	.byte	0                               @ EOM(1)
	.byte	0                               @ EOM(2)
	.byte	10                              @ Abbreviation Code
	.byte	58                              @ DW_TAG_imported_module
	.byte	0                               @ DW_CHILDREN_no
	.byte	58                              @ DW_AT_decl_file
	.byte	11                              @ DW_FORM_data1
	.byte	59                              @ DW_AT_decl_line
	.byte	11                              @ DW_FORM_data1
	.byte	24                              @ DW_AT_import
	.byte	19                              @ DW_FORM_ref4
	.byte	0                               @ EOM(1)
	.byte	0                               @ EOM(2)
	.byte	11                              @ Abbreviation Code
	.byte	46                              @ DW_TAG_subprogram
	.byte	1                               @ DW_CHILDREN_yes
	.byte	17                              @ DW_AT_low_pc
	.byte	1                               @ DW_FORM_addr
	.byte	18                              @ DW_AT_high_pc
	.byte	6                               @ DW_FORM_data4
	.byte	64                              @ DW_AT_frame_base
	.byte	24                              @ DW_FORM_exprloc
	.ascii	"\227B"                         @ DW_AT_GNU_all_call_sites
	.byte	25                              @ DW_FORM_flag_present
	.byte	3                               @ DW_AT_name
	.byte	14                              @ DW_FORM_strp
	.byte	58                              @ DW_AT_decl_file
	.byte	11                              @ DW_FORM_data1
	.byte	59                              @ DW_AT_decl_line
	.byte	11                              @ DW_FORM_data1
	.byte	73                              @ DW_AT_type
	.byte	19                              @ DW_FORM_ref4
	.byte	63                              @ DW_AT_external
	.byte	25                              @ DW_FORM_flag_present
	.byte	0                               @ EOM(1)
	.byte	0                               @ EOM(2)
	.byte	12                              @ Abbreviation Code
	.byte	5                               @ DW_TAG_formal_parameter
	.byte	0                               @ DW_CHILDREN_no
	.byte	2                               @ DW_AT_location
	.byte	24                              @ DW_FORM_exprloc
	.byte	3                               @ DW_AT_name
	.byte	14                              @ DW_FORM_strp
	.byte	58                              @ DW_AT_decl_file
	.byte	11                              @ DW_FORM_data1
	.byte	59                              @ DW_AT_decl_line
	.byte	11                              @ DW_FORM_data1
	.byte	73                              @ DW_AT_type
	.byte	19                              @ DW_FORM_ref4
	.byte	0                               @ EOM(1)
	.byte	0                               @ EOM(2)
	.byte	13                              @ Abbreviation Code
	.ascii	"\211\202\001"                  @ DW_TAG_GNU_call_site
	.byte	0                               @ DW_CHILDREN_no
	.byte	49                              @ DW_AT_abstract_origin
	.byte	19                              @ DW_FORM_ref4
	.ascii	"\225B"                         @ DW_AT_GNU_tail_call
	.byte	25                              @ DW_FORM_flag_present
	.byte	17                              @ DW_AT_low_pc
	.byte	1                               @ DW_FORM_addr
	.byte	0                               @ EOM(1)
	.byte	0                               @ EOM(2)
	.byte	14                              @ Abbreviation Code
	.byte	15                              @ DW_TAG_pointer_type
	.byte	0                               @ DW_CHILDREN_no
	.byte	73                              @ DW_AT_type
	.byte	19                              @ DW_FORM_ref4
	.byte	0                               @ EOM(1)
	.byte	0                               @ EOM(2)
	.byte	15                              @ Abbreviation Code
	.byte	38                              @ DW_TAG_const_type
	.byte	0                               @ DW_CHILDREN_no
	.byte	73                              @ DW_AT_type
	.byte	19                              @ DW_FORM_ref4
	.byte	0                               @ EOM(1)
	.byte	0                               @ EOM(2)
	.byte	0                               @ EOM(3)
	.section	.debug_info,"",%progbits
.Lcu_begin0:
	.long	.Ldebug_info_end0-.Ldebug_info_start0 @ Length of Unit
.Ldebug_info_start0:
	.short	4                               @ DWARF version number
	.long	.debug_abbrev                   @ Offset Into Abbrev. Section
	.byte	4                               @ Address Size (in bytes)
	.byte	1                               @ Abbrev [1] 0xb:0x3c4 DW_TAG_compile_unit
	.long	.Linfo_string0                  @ DW_AT_producer
	.short	26                              @ DW_AT_language
	.long	.Linfo_string1                  @ DW_AT_name
	.long	.Lline_table_start0             @ DW_AT_stmt_list
	.long	.Linfo_string2                  @ DW_AT_comp_dir
	.long	.Lfunc_begin0                   @ DW_AT_low_pc
	.long	.Lfunc_end0-.Lfunc_begin0       @ DW_AT_high_pc
	.byte	2                               @ Abbrev [2] 0x26:0xf2 DW_TAG_enumeration_type
	.long	280                             @ DW_AT_type
	.long	.Linfo_string42                 @ DW_AT_name
	.byte	4                               @ DW_AT_byte_size
	.byte	1                               @ DW_AT_decl_file
	.byte	58                              @ DW_AT_decl_line
	.byte	3                               @ Abbrev [3] 0x32:0x6 DW_TAG_enumerator
	.long	.Linfo_string4                  @ DW_AT_name
	.byte	0                               @ DW_AT_const_value
	.byte	3                               @ Abbrev [3] 0x38:0x6 DW_TAG_enumerator
	.long	.Linfo_string5                  @ DW_AT_name
	.byte	1                               @ DW_AT_const_value
	.byte	3                               @ Abbrev [3] 0x3e:0x6 DW_TAG_enumerator
	.long	.Linfo_string6                  @ DW_AT_name
	.byte	2                               @ DW_AT_const_value
	.byte	3                               @ Abbrev [3] 0x44:0x6 DW_TAG_enumerator
	.long	.Linfo_string7                  @ DW_AT_name
	.byte	3                               @ DW_AT_const_value
	.byte	3                               @ Abbrev [3] 0x4a:0x6 DW_TAG_enumerator
	.long	.Linfo_string8                  @ DW_AT_name
	.byte	4                               @ DW_AT_const_value
	.byte	3                               @ Abbrev [3] 0x50:0x6 DW_TAG_enumerator
	.long	.Linfo_string9                  @ DW_AT_name
	.byte	5                               @ DW_AT_const_value
	.byte	3                               @ Abbrev [3] 0x56:0x6 DW_TAG_enumerator
	.long	.Linfo_string10                 @ DW_AT_name
	.byte	6                               @ DW_AT_const_value
	.byte	3                               @ Abbrev [3] 0x5c:0x6 DW_TAG_enumerator
	.long	.Linfo_string11                 @ DW_AT_name
	.byte	7                               @ DW_AT_const_value
	.byte	3                               @ Abbrev [3] 0x62:0x6 DW_TAG_enumerator
	.long	.Linfo_string12                 @ DW_AT_name
	.byte	8                               @ DW_AT_const_value
	.byte	3                               @ Abbrev [3] 0x68:0x6 DW_TAG_enumerator
	.long	.Linfo_string13                 @ DW_AT_name
	.byte	9                               @ DW_AT_const_value
	.byte	3                               @ Abbrev [3] 0x6e:0x6 DW_TAG_enumerator
	.long	.Linfo_string14                 @ DW_AT_name
	.byte	10                              @ DW_AT_const_value
	.byte	3                               @ Abbrev [3] 0x74:0x6 DW_TAG_enumerator
	.long	.Linfo_string15                 @ DW_AT_name
	.byte	11                              @ DW_AT_const_value
	.byte	3                               @ Abbrev [3] 0x7a:0x6 DW_TAG_enumerator
	.long	.Linfo_string16                 @ DW_AT_name
	.byte	12                              @ DW_AT_const_value
	.byte	3                               @ Abbrev [3] 0x80:0x6 DW_TAG_enumerator
	.long	.Linfo_string17                 @ DW_AT_name
	.byte	13                              @ DW_AT_const_value
	.byte	3                               @ Abbrev [3] 0x86:0x6 DW_TAG_enumerator
	.long	.Linfo_string18                 @ DW_AT_name
	.byte	14                              @ DW_AT_const_value
	.byte	3                               @ Abbrev [3] 0x8c:0x6 DW_TAG_enumerator
	.long	.Linfo_string19                 @ DW_AT_name
	.byte	15                              @ DW_AT_const_value
	.byte	3                               @ Abbrev [3] 0x92:0x6 DW_TAG_enumerator
	.long	.Linfo_string20                 @ DW_AT_name
	.byte	16                              @ DW_AT_const_value
	.byte	3                               @ Abbrev [3] 0x98:0x6 DW_TAG_enumerator
	.long	.Linfo_string21                 @ DW_AT_name
	.byte	17                              @ DW_AT_const_value
	.byte	3                               @ Abbrev [3] 0x9e:0x6 DW_TAG_enumerator
	.long	.Linfo_string22                 @ DW_AT_name
	.byte	18                              @ DW_AT_const_value
	.byte	3                               @ Abbrev [3] 0xa4:0x6 DW_TAG_enumerator
	.long	.Linfo_string23                 @ DW_AT_name
	.byte	19                              @ DW_AT_const_value
	.byte	3                               @ Abbrev [3] 0xaa:0x6 DW_TAG_enumerator
	.long	.Linfo_string24                 @ DW_AT_name
	.byte	20                              @ DW_AT_const_value
	.byte	3                               @ Abbrev [3] 0xb0:0x6 DW_TAG_enumerator
	.long	.Linfo_string25                 @ DW_AT_name
	.byte	21                              @ DW_AT_const_value
	.byte	3                               @ Abbrev [3] 0xb6:0x6 DW_TAG_enumerator
	.long	.Linfo_string26                 @ DW_AT_name
	.byte	22                              @ DW_AT_const_value
	.byte	3                               @ Abbrev [3] 0xbc:0x6 DW_TAG_enumerator
	.long	.Linfo_string27                 @ DW_AT_name
	.byte	23                              @ DW_AT_const_value
	.byte	3                               @ Abbrev [3] 0xc2:0x6 DW_TAG_enumerator
	.long	.Linfo_string28                 @ DW_AT_name
	.byte	24                              @ DW_AT_const_value
	.byte	3                               @ Abbrev [3] 0xc8:0x6 DW_TAG_enumerator
	.long	.Linfo_string29                 @ DW_AT_name
	.byte	26                              @ DW_AT_const_value
	.byte	3                               @ Abbrev [3] 0xce:0x6 DW_TAG_enumerator
	.long	.Linfo_string30                 @ DW_AT_name
	.byte	27                              @ DW_AT_const_value
	.byte	3                               @ Abbrev [3] 0xd4:0x6 DW_TAG_enumerator
	.long	.Linfo_string31                 @ DW_AT_name
	.byte	28                              @ DW_AT_const_value
	.byte	3                               @ Abbrev [3] 0xda:0x6 DW_TAG_enumerator
	.long	.Linfo_string32                 @ DW_AT_name
	.byte	29                              @ DW_AT_const_value
	.byte	3                               @ Abbrev [3] 0xe0:0x6 DW_TAG_enumerator
	.long	.Linfo_string33                 @ DW_AT_name
	.byte	30                              @ DW_AT_const_value
	.byte	3                               @ Abbrev [3] 0xe6:0x6 DW_TAG_enumerator
	.long	.Linfo_string34                 @ DW_AT_name
	.byte	31                              @ DW_AT_const_value
	.byte	3                               @ Abbrev [3] 0xec:0x6 DW_TAG_enumerator
	.long	.Linfo_string35                 @ DW_AT_name
	.byte	32                              @ DW_AT_const_value
	.byte	3                               @ Abbrev [3] 0xf2:0x6 DW_TAG_enumerator
	.long	.Linfo_string36                 @ DW_AT_name
	.byte	34                              @ DW_AT_const_value
	.byte	3                               @ Abbrev [3] 0xf8:0x6 DW_TAG_enumerator
	.long	.Linfo_string37                 @ DW_AT_name
	.byte	35                              @ DW_AT_const_value
	.byte	3                               @ Abbrev [3] 0xfe:0x6 DW_TAG_enumerator
	.long	.Linfo_string38                 @ DW_AT_name
	.byte	36                              @ DW_AT_const_value
	.byte	3                               @ Abbrev [3] 0x104:0x6 DW_TAG_enumerator
	.long	.Linfo_string39                 @ DW_AT_name
	.byte	37                              @ DW_AT_const_value
	.byte	3                               @ Abbrev [3] 0x10a:0x6 DW_TAG_enumerator
	.long	.Linfo_string40                 @ DW_AT_name
	.byte	38                              @ DW_AT_const_value
	.byte	3                               @ Abbrev [3] 0x110:0x7 DW_TAG_enumerator
	.long	.Linfo_string41                 @ DW_AT_name
	.ascii	"\377\001"                      @ DW_AT_const_value
	.byte	0                               @ End Of Children Mark
	.byte	4                               @ Abbrev [4] 0x118:0x7 DW_TAG_base_type
	.long	.Linfo_string3                  @ DW_AT_name
	.byte	7                               @ DW_AT_encoding
	.byte	4                               @ DW_AT_byte_size
	.byte	5                               @ Abbrev [5] 0x11f:0xb DW_TAG_typedef
	.long	298                             @ DW_AT_type
	.long	.Linfo_string44                 @ DW_AT_name
	.byte	2                               @ DW_AT_decl_file
	.byte	56                              @ DW_AT_decl_line
	.byte	4                               @ Abbrev [4] 0x12a:0x7 DW_TAG_base_type
	.long	.Linfo_string43                 @ DW_AT_name
	.byte	6                               @ DW_AT_encoding
	.byte	1                               @ DW_AT_byte_size
	.byte	6                               @ Abbrev [6] 0x131:0x8 DW_TAG_imported_declaration
	.byte	2                               @ DW_AT_decl_file
	.short	275                             @ DW_AT_decl_line
	.long	287                             @ DW_AT_import
	.byte	5                               @ Abbrev [5] 0x139:0xb DW_TAG_typedef
	.long	324                             @ DW_AT_type
	.long	.Linfo_string46                 @ DW_AT_name
	.byte	2                               @ DW_AT_decl_file
	.byte	57                              @ DW_AT_decl_line
	.byte	4                               @ Abbrev [4] 0x144:0x7 DW_TAG_base_type
	.long	.Linfo_string45                 @ DW_AT_name
	.byte	5                               @ DW_AT_encoding
	.byte	2                               @ DW_AT_byte_size
	.byte	6                               @ Abbrev [6] 0x14b:0x8 DW_TAG_imported_declaration
	.byte	2                               @ DW_AT_decl_file
	.short	276                             @ DW_AT_decl_line
	.long	313                             @ DW_AT_import
	.byte	5                               @ Abbrev [5] 0x153:0xb DW_TAG_typedef
	.long	350                             @ DW_AT_type
	.long	.Linfo_string48                 @ DW_AT_name
	.byte	2                               @ DW_AT_decl_file
	.byte	58                              @ DW_AT_decl_line
	.byte	4                               @ Abbrev [4] 0x15e:0x7 DW_TAG_base_type
	.long	.Linfo_string47                 @ DW_AT_name
	.byte	5                               @ DW_AT_encoding
	.byte	4                               @ DW_AT_byte_size
	.byte	6                               @ Abbrev [6] 0x165:0x8 DW_TAG_imported_declaration
	.byte	2                               @ DW_AT_decl_file
	.short	277                             @ DW_AT_decl_line
	.long	339                             @ DW_AT_import
	.byte	5                               @ Abbrev [5] 0x16d:0xb DW_TAG_typedef
	.long	376                             @ DW_AT_type
	.long	.Linfo_string50                 @ DW_AT_name
	.byte	2                               @ DW_AT_decl_file
	.byte	59                              @ DW_AT_decl_line
	.byte	4                               @ Abbrev [4] 0x178:0x7 DW_TAG_base_type
	.long	.Linfo_string49                 @ DW_AT_name
	.byte	5                               @ DW_AT_encoding
	.byte	8                               @ DW_AT_byte_size
	.byte	6                               @ Abbrev [6] 0x17f:0x8 DW_TAG_imported_declaration
	.byte	2                               @ DW_AT_decl_file
	.short	278                             @ DW_AT_decl_line
	.long	365                             @ DW_AT_import
	.byte	5                               @ Abbrev [5] 0x187:0xb DW_TAG_typedef
	.long	402                             @ DW_AT_type
	.long	.Linfo_string52                 @ DW_AT_name
	.byte	2                               @ DW_AT_decl_file
	.byte	62                              @ DW_AT_decl_line
	.byte	4                               @ Abbrev [4] 0x192:0x7 DW_TAG_base_type
	.long	.Linfo_string51                 @ DW_AT_name
	.byte	8                               @ DW_AT_encoding
	.byte	1                               @ DW_AT_byte_size
	.byte	6                               @ Abbrev [6] 0x199:0x8 DW_TAG_imported_declaration
	.byte	2                               @ DW_AT_decl_file
	.short	279                             @ DW_AT_decl_line
	.long	391                             @ DW_AT_import
	.byte	5                               @ Abbrev [5] 0x1a1:0xb DW_TAG_typedef
	.long	428                             @ DW_AT_type
	.long	.Linfo_string54                 @ DW_AT_name
	.byte	2                               @ DW_AT_decl_file
	.byte	63                              @ DW_AT_decl_line
	.byte	4                               @ Abbrev [4] 0x1ac:0x7 DW_TAG_base_type
	.long	.Linfo_string53                 @ DW_AT_name
	.byte	7                               @ DW_AT_encoding
	.byte	2                               @ DW_AT_byte_size
	.byte	6                               @ Abbrev [6] 0x1b3:0x8 DW_TAG_imported_declaration
	.byte	2                               @ DW_AT_decl_file
	.short	280                             @ DW_AT_decl_line
	.long	417                             @ DW_AT_import
	.byte	5                               @ Abbrev [5] 0x1bb:0xb DW_TAG_typedef
	.long	280                             @ DW_AT_type
	.long	.Linfo_string55                 @ DW_AT_name
	.byte	2                               @ DW_AT_decl_file
	.byte	64                              @ DW_AT_decl_line
	.byte	6                               @ Abbrev [6] 0x1c6:0x8 DW_TAG_imported_declaration
	.byte	2                               @ DW_AT_decl_file
	.short	281                             @ DW_AT_decl_line
	.long	443                             @ DW_AT_import
	.byte	5                               @ Abbrev [5] 0x1ce:0xb DW_TAG_typedef
	.long	473                             @ DW_AT_type
	.long	.Linfo_string57                 @ DW_AT_name
	.byte	2                               @ DW_AT_decl_file
	.byte	65                              @ DW_AT_decl_line
	.byte	4                               @ Abbrev [4] 0x1d9:0x7 DW_TAG_base_type
	.long	.Linfo_string56                 @ DW_AT_name
	.byte	7                               @ DW_AT_encoding
	.byte	8                               @ DW_AT_byte_size
	.byte	6                               @ Abbrev [6] 0x1e0:0x8 DW_TAG_imported_declaration
	.byte	2                               @ DW_AT_decl_file
	.short	282                             @ DW_AT_decl_line
	.long	462                             @ DW_AT_import
	.byte	5                               @ Abbrev [5] 0x1e8:0xb DW_TAG_typedef
	.long	298                             @ DW_AT_type
	.long	.Linfo_string58                 @ DW_AT_name
	.byte	2                               @ DW_AT_decl_file
	.byte	71                              @ DW_AT_decl_line
	.byte	6                               @ Abbrev [6] 0x1f3:0x8 DW_TAG_imported_declaration
	.byte	2                               @ DW_AT_decl_file
	.short	283                             @ DW_AT_decl_line
	.long	488                             @ DW_AT_import
	.byte	5                               @ Abbrev [5] 0x1fb:0xb DW_TAG_typedef
	.long	324                             @ DW_AT_type
	.long	.Linfo_string59                 @ DW_AT_name
	.byte	2                               @ DW_AT_decl_file
	.byte	72                              @ DW_AT_decl_line
	.byte	6                               @ Abbrev [6] 0x206:0x8 DW_TAG_imported_declaration
	.byte	2                               @ DW_AT_decl_file
	.short	284                             @ DW_AT_decl_line
	.long	507                             @ DW_AT_import
	.byte	5                               @ Abbrev [5] 0x20e:0xb DW_TAG_typedef
	.long	350                             @ DW_AT_type
	.long	.Linfo_string60                 @ DW_AT_name
	.byte	2                               @ DW_AT_decl_file
	.byte	73                              @ DW_AT_decl_line
	.byte	6                               @ Abbrev [6] 0x219:0x8 DW_TAG_imported_declaration
	.byte	2                               @ DW_AT_decl_file
	.short	285                             @ DW_AT_decl_line
	.long	526                             @ DW_AT_import
	.byte	5                               @ Abbrev [5] 0x221:0xb DW_TAG_typedef
	.long	376                             @ DW_AT_type
	.long	.Linfo_string61                 @ DW_AT_name
	.byte	2                               @ DW_AT_decl_file
	.byte	74                              @ DW_AT_decl_line
	.byte	6                               @ Abbrev [6] 0x22c:0x8 DW_TAG_imported_declaration
	.byte	2                               @ DW_AT_decl_file
	.short	286                             @ DW_AT_decl_line
	.long	545                             @ DW_AT_import
	.byte	5                               @ Abbrev [5] 0x234:0xb DW_TAG_typedef
	.long	402                             @ DW_AT_type
	.long	.Linfo_string62                 @ DW_AT_name
	.byte	2                               @ DW_AT_decl_file
	.byte	77                              @ DW_AT_decl_line
	.byte	6                               @ Abbrev [6] 0x23f:0x8 DW_TAG_imported_declaration
	.byte	2                               @ DW_AT_decl_file
	.short	287                             @ DW_AT_decl_line
	.long	564                             @ DW_AT_import
	.byte	5                               @ Abbrev [5] 0x247:0xb DW_TAG_typedef
	.long	428                             @ DW_AT_type
	.long	.Linfo_string63                 @ DW_AT_name
	.byte	2                               @ DW_AT_decl_file
	.byte	78                              @ DW_AT_decl_line
	.byte	6                               @ Abbrev [6] 0x252:0x8 DW_TAG_imported_declaration
	.byte	2                               @ DW_AT_decl_file
	.short	288                             @ DW_AT_decl_line
	.long	583                             @ DW_AT_import
	.byte	5                               @ Abbrev [5] 0x25a:0xb DW_TAG_typedef
	.long	280                             @ DW_AT_type
	.long	.Linfo_string64                 @ DW_AT_name
	.byte	2                               @ DW_AT_decl_file
	.byte	79                              @ DW_AT_decl_line
	.byte	6                               @ Abbrev [6] 0x265:0x8 DW_TAG_imported_declaration
	.byte	2                               @ DW_AT_decl_file
	.short	289                             @ DW_AT_decl_line
	.long	602                             @ DW_AT_import
	.byte	5                               @ Abbrev [5] 0x26d:0xb DW_TAG_typedef
	.long	473                             @ DW_AT_type
	.long	.Linfo_string65                 @ DW_AT_name
	.byte	2                               @ DW_AT_decl_file
	.byte	80                              @ DW_AT_decl_line
	.byte	6                               @ Abbrev [6] 0x278:0x8 DW_TAG_imported_declaration
	.byte	2                               @ DW_AT_decl_file
	.short	290                             @ DW_AT_decl_line
	.long	621                             @ DW_AT_import
	.byte	5                               @ Abbrev [5] 0x280:0xb DW_TAG_typedef
	.long	350                             @ DW_AT_type
	.long	.Linfo_string66                 @ DW_AT_name
	.byte	2                               @ DW_AT_decl_file
	.byte	85                              @ DW_AT_decl_line
	.byte	6                               @ Abbrev [6] 0x28b:0x8 DW_TAG_imported_declaration
	.byte	2                               @ DW_AT_decl_file
	.short	291                             @ DW_AT_decl_line
	.long	640                             @ DW_AT_import
	.byte	5                               @ Abbrev [5] 0x293:0xb DW_TAG_typedef
	.long	350                             @ DW_AT_type
	.long	.Linfo_string67                 @ DW_AT_name
	.byte	2                               @ DW_AT_decl_file
	.byte	86                              @ DW_AT_decl_line
	.byte	6                               @ Abbrev [6] 0x29e:0x8 DW_TAG_imported_declaration
	.byte	2                               @ DW_AT_decl_file
	.short	292                             @ DW_AT_decl_line
	.long	659                             @ DW_AT_import
	.byte	5                               @ Abbrev [5] 0x2a6:0xb DW_TAG_typedef
	.long	350                             @ DW_AT_type
	.long	.Linfo_string68                 @ DW_AT_name
	.byte	2                               @ DW_AT_decl_file
	.byte	87                              @ DW_AT_decl_line
	.byte	6                               @ Abbrev [6] 0x2b1:0x8 DW_TAG_imported_declaration
	.byte	2                               @ DW_AT_decl_file
	.short	293                             @ DW_AT_decl_line
	.long	678                             @ DW_AT_import
	.byte	5                               @ Abbrev [5] 0x2b9:0xb DW_TAG_typedef
	.long	376                             @ DW_AT_type
	.long	.Linfo_string69                 @ DW_AT_name
	.byte	2                               @ DW_AT_decl_file
	.byte	88                              @ DW_AT_decl_line
	.byte	6                               @ Abbrev [6] 0x2c4:0x8 DW_TAG_imported_declaration
	.byte	2                               @ DW_AT_decl_file
	.short	294                             @ DW_AT_decl_line
	.long	697                             @ DW_AT_import
	.byte	5                               @ Abbrev [5] 0x2cc:0xb DW_TAG_typedef
	.long	280                             @ DW_AT_type
	.long	.Linfo_string70                 @ DW_AT_name
	.byte	2                               @ DW_AT_decl_file
	.byte	91                              @ DW_AT_decl_line
	.byte	6                               @ Abbrev [6] 0x2d7:0x8 DW_TAG_imported_declaration
	.byte	2                               @ DW_AT_decl_file
	.short	295                             @ DW_AT_decl_line
	.long	716                             @ DW_AT_import
	.byte	5                               @ Abbrev [5] 0x2df:0xb DW_TAG_typedef
	.long	280                             @ DW_AT_type
	.long	.Linfo_string71                 @ DW_AT_name
	.byte	2                               @ DW_AT_decl_file
	.byte	92                              @ DW_AT_decl_line
	.byte	6                               @ Abbrev [6] 0x2ea:0x8 DW_TAG_imported_declaration
	.byte	2                               @ DW_AT_decl_file
	.short	296                             @ DW_AT_decl_line
	.long	735                             @ DW_AT_import
	.byte	5                               @ Abbrev [5] 0x2f2:0xb DW_TAG_typedef
	.long	280                             @ DW_AT_type
	.long	.Linfo_string72                 @ DW_AT_name
	.byte	2                               @ DW_AT_decl_file
	.byte	93                              @ DW_AT_decl_line
	.byte	6                               @ Abbrev [6] 0x2fd:0x8 DW_TAG_imported_declaration
	.byte	2                               @ DW_AT_decl_file
	.short	297                             @ DW_AT_decl_line
	.long	754                             @ DW_AT_import
	.byte	5                               @ Abbrev [5] 0x305:0xb DW_TAG_typedef
	.long	473                             @ DW_AT_type
	.long	.Linfo_string73                 @ DW_AT_name
	.byte	2                               @ DW_AT_decl_file
	.byte	94                              @ DW_AT_decl_line
	.byte	6                               @ Abbrev [6] 0x310:0x8 DW_TAG_imported_declaration
	.byte	2                               @ DW_AT_decl_file
	.short	298                             @ DW_AT_decl_line
	.long	773                             @ DW_AT_import
	.byte	5                               @ Abbrev [5] 0x318:0xb DW_TAG_typedef
	.long	350                             @ DW_AT_type
	.long	.Linfo_string74                 @ DW_AT_name
	.byte	2                               @ DW_AT_decl_file
	.byte	101                             @ DW_AT_decl_line
	.byte	6                               @ Abbrev [6] 0x323:0x8 DW_TAG_imported_declaration
	.byte	2                               @ DW_AT_decl_file
	.short	299                             @ DW_AT_decl_line
	.long	792                             @ DW_AT_import
	.byte	5                               @ Abbrev [5] 0x32b:0xb DW_TAG_typedef
	.long	280                             @ DW_AT_type
	.long	.Linfo_string75                 @ DW_AT_name
	.byte	2                               @ DW_AT_decl_file
	.byte	102                             @ DW_AT_decl_line
	.byte	6                               @ Abbrev [6] 0x336:0x8 DW_TAG_imported_declaration
	.byte	2                               @ DW_AT_decl_file
	.short	300                             @ DW_AT_decl_line
	.long	811                             @ DW_AT_import
	.byte	5                               @ Abbrev [5] 0x33e:0xb DW_TAG_typedef
	.long	376                             @ DW_AT_type
	.long	.Linfo_string76                 @ DW_AT_name
	.byte	2                               @ DW_AT_decl_file
	.byte	106                             @ DW_AT_decl_line
	.byte	6                               @ Abbrev [6] 0x349:0x8 DW_TAG_imported_declaration
	.byte	2                               @ DW_AT_decl_file
	.short	301                             @ DW_AT_decl_line
	.long	830                             @ DW_AT_import
	.byte	5                               @ Abbrev [5] 0x351:0xb DW_TAG_typedef
	.long	473                             @ DW_AT_type
	.long	.Linfo_string77                 @ DW_AT_name
	.byte	2                               @ DW_AT_decl_file
	.byte	107                             @ DW_AT_decl_line
	.byte	6                               @ Abbrev [6] 0x35c:0x8 DW_TAG_imported_declaration
	.byte	2                               @ DW_AT_decl_file
	.short	302                             @ DW_AT_decl_line
	.long	849                             @ DW_AT_import
	.byte	7                               @ Abbrev [7] 0x364:0x1b DW_TAG_namespace
	.long	.Linfo_string78                 @ DW_AT_name
	.byte	8                               @ Abbrev [8] 0x369:0x15 DW_TAG_subprogram
	.long	.Linfo_string79                 @ DW_AT_linkage_name
	.long	.Linfo_string80                 @ DW_AT_name
	.byte	4                               @ DW_AT_decl_file
	.byte	104                             @ DW_AT_decl_line
	.long	946                             @ DW_AT_type
                                        @ DW_AT_declaration
                                        @ DW_AT_external
	.byte	9                               @ Abbrev [9] 0x378:0x5 DW_TAG_formal_parameter
	.long	38                              @ DW_AT_type
	.byte	0                               @ End Of Children Mark
	.byte	0                               @ End Of Children Mark
	.byte	10                              @ Abbrev [10] 0x37f:0x7 DW_TAG_imported_module
	.byte	3                               @ DW_AT_decl_file
	.byte	38                              @ DW_AT_decl_line
	.long	868                             @ DW_AT_import
	.byte	11                              @ Abbrev [11] 0x386:0x2c DW_TAG_subprogram
	.long	.Lfunc_begin0                   @ DW_AT_low_pc
	.long	.Lfunc_end0-.Lfunc_begin0       @ DW_AT_high_pc
	.byte	1                               @ DW_AT_frame_base
	.byte	93
                                        @ DW_AT_GNU_all_call_sites
	.long	.Linfo_string82                 @ DW_AT_name
	.byte	3                               @ DW_AT_decl_file
	.byte	40                              @ DW_AT_decl_line
	.long	946                             @ DW_AT_type
                                        @ DW_AT_external
	.byte	12                              @ Abbrev [12] 0x39b:0xd DW_TAG_formal_parameter
	.byte	1                               @ DW_AT_location
	.byte	80
	.long	.Linfo_string83                 @ DW_AT_name
	.byte	3                               @ DW_AT_decl_file
	.byte	40                              @ DW_AT_decl_line
	.long	963                             @ DW_AT_type
	.byte	13                              @ Abbrev [13] 0x3a8:0x9 DW_TAG_GNU_call_site
	.long	873                             @ DW_AT_abstract_origin
                                        @ DW_AT_GNU_tail_call
	.long	.Ltmp0                          @ DW_AT_low_pc
	.byte	0                               @ End Of Children Mark
	.byte	14                              @ Abbrev [14] 0x3b2:0x5 DW_TAG_pointer_type
	.long	951                             @ DW_AT_type
	.byte	15                              @ Abbrev [15] 0x3b7:0x5 DW_TAG_const_type
	.long	956                             @ DW_AT_type
	.byte	4                               @ Abbrev [4] 0x3bc:0x7 DW_TAG_base_type
	.long	.Linfo_string81                 @ DW_AT_name
	.byte	8                               @ DW_AT_encoding
	.byte	1                               @ DW_AT_byte_size
	.byte	5                               @ Abbrev [5] 0x3c3:0xb DW_TAG_typedef
	.long	38                              @ DW_AT_type
	.long	.Linfo_string42                 @ DW_AT_name
	.byte	1                               @ DW_AT_decl_file
	.byte	251                             @ DW_AT_decl_line
	.byte	0                               @ End Of Children Mark
.Ldebug_info_end0:
	.section	.debug_str,"MS",%progbits,1
.Linfo_string0:
	.asciz	"Component: ARM Compiler 6.16 Tool: armclang [5dfeb700]" @ string offset=0
.Linfo_string1:
	.asciz	"../../../components/network/thread/subg_openthread/src/core/api\\error_api.cpp" @ string offset=55
.Linfo_string2:
	.asciz	"D:\\Rafael-IoT-SDK-Internal-main\\examples\\das_subg_thread\\keil" @ string offset=133
.Linfo_string3:
	.asciz	"unsigned int"                  @ string offset=195
.Linfo_string4:
	.asciz	"OT_ERROR_NONE"                 @ string offset=208
.Linfo_string5:
	.asciz	"OT_ERROR_FAILED"               @ string offset=222
.Linfo_string6:
	.asciz	"OT_ERROR_DROP"                 @ string offset=238
.Linfo_string7:
	.asciz	"OT_ERROR_NO_BUFS"              @ string offset=252
.Linfo_string8:
	.asciz	"OT_ERROR_NO_ROUTE"             @ string offset=269
.Linfo_string9:
	.asciz	"OT_ERROR_BUSY"                 @ string offset=287
.Linfo_string10:
	.asciz	"OT_ERROR_PARSE"                @ string offset=301
.Linfo_string11:
	.asciz	"OT_ERROR_INVALID_ARGS"         @ string offset=316
.Linfo_string12:
	.asciz	"OT_ERROR_SECURITY"             @ string offset=338
.Linfo_string13:
	.asciz	"OT_ERROR_ADDRESS_QUERY"        @ string offset=356
.Linfo_string14:
	.asciz	"OT_ERROR_NO_ADDRESS"           @ string offset=379
.Linfo_string15:
	.asciz	"OT_ERROR_ABORT"                @ string offset=399
.Linfo_string16:
	.asciz	"OT_ERROR_NOT_IMPLEMENTED"      @ string offset=414
.Linfo_string17:
	.asciz	"OT_ERROR_INVALID_STATE"        @ string offset=439
.Linfo_string18:
	.asciz	"OT_ERROR_NO_ACK"               @ string offset=462
.Linfo_string19:
	.asciz	"OT_ERROR_CHANNEL_ACCESS_FAILURE" @ string offset=478
.Linfo_string20:
	.asciz	"OT_ERROR_DETACHED"             @ string offset=510
.Linfo_string21:
	.asciz	"OT_ERROR_FCS"                  @ string offset=528
.Linfo_string22:
	.asciz	"OT_ERROR_NO_FRAME_RECEIVED"    @ string offset=541
.Linfo_string23:
	.asciz	"OT_ERROR_UNKNOWN_NEIGHBOR"     @ string offset=568
.Linfo_string24:
	.asciz	"OT_ERROR_INVALID_SOURCE_ADDRESS" @ string offset=594
.Linfo_string25:
	.asciz	"OT_ERROR_ADDRESS_FILTERED"     @ string offset=626
.Linfo_string26:
	.asciz	"OT_ERROR_DESTINATION_ADDRESS_FILTERED" @ string offset=652
.Linfo_string27:
	.asciz	"OT_ERROR_NOT_FOUND"            @ string offset=690
.Linfo_string28:
	.asciz	"OT_ERROR_ALREADY"              @ string offset=709
.Linfo_string29:
	.asciz	"OT_ERROR_IP6_ADDRESS_CREATION_FAILURE" @ string offset=726
.Linfo_string30:
	.asciz	"OT_ERROR_NOT_CAPABLE"          @ string offset=764
.Linfo_string31:
	.asciz	"OT_ERROR_RESPONSE_TIMEOUT"     @ string offset=785
.Linfo_string32:
	.asciz	"OT_ERROR_DUPLICATED"           @ string offset=811
.Linfo_string33:
	.asciz	"OT_ERROR_REASSEMBLY_TIMEOUT"   @ string offset=831
.Linfo_string34:
	.asciz	"OT_ERROR_NOT_TMF"              @ string offset=859
.Linfo_string35:
	.asciz	"OT_ERROR_NOT_LOWPAN_DATA_FRAME" @ string offset=876
.Linfo_string36:
	.asciz	"OT_ERROR_LINK_MARGIN_LOW"      @ string offset=907
.Linfo_string37:
	.asciz	"OT_ERROR_INVALID_COMMAND"      @ string offset=932
.Linfo_string38:
	.asciz	"OT_ERROR_PENDING"              @ string offset=957
.Linfo_string39:
	.asciz	"OT_ERROR_REJECTED"             @ string offset=974
.Linfo_string40:
	.asciz	"OT_NUM_ERRORS"                 @ string offset=992
.Linfo_string41:
	.asciz	"OT_ERROR_GENERIC"              @ string offset=1006
.Linfo_string42:
	.asciz	"otError"                       @ string offset=1023
.Linfo_string43:
	.asciz	"signed char"                   @ string offset=1031
.Linfo_string44:
	.asciz	"int8_t"                        @ string offset=1043
.Linfo_string45:
	.asciz	"short"                         @ string offset=1050
.Linfo_string46:
	.asciz	"int16_t"                       @ string offset=1056
.Linfo_string47:
	.asciz	"int"                           @ string offset=1064
.Linfo_string48:
	.asciz	"int32_t"                       @ string offset=1068
.Linfo_string49:
	.asciz	"long long int"                 @ string offset=1076
.Linfo_string50:
	.asciz	"int64_t"                       @ string offset=1090
.Linfo_string51:
	.asciz	"unsigned char"                 @ string offset=1098
.Linfo_string52:
	.asciz	"uint8_t"                       @ string offset=1112
.Linfo_string53:
	.asciz	"unsigned short"                @ string offset=1120
.Linfo_string54:
	.asciz	"uint16_t"                      @ string offset=1135
.Linfo_string55:
	.asciz	"uint32_t"                      @ string offset=1144
.Linfo_string56:
	.asciz	"long long unsigned int"        @ string offset=1153
.Linfo_string57:
	.asciz	"uint64_t"                      @ string offset=1176
.Linfo_string58:
	.asciz	"int_least8_t"                  @ string offset=1185
.Linfo_string59:
	.asciz	"int_least16_t"                 @ string offset=1198
.Linfo_string60:
	.asciz	"int_least32_t"                 @ string offset=1212
.Linfo_string61:
	.asciz	"int_least64_t"                 @ string offset=1226
.Linfo_string62:
	.asciz	"uint_least8_t"                 @ string offset=1240
.Linfo_string63:
	.asciz	"uint_least16_t"                @ string offset=1254
.Linfo_string64:
	.asciz	"uint_least32_t"                @ string offset=1269
.Linfo_string65:
	.asciz	"uint_least64_t"                @ string offset=1284
.Linfo_string66:
	.asciz	"int_fast8_t"                   @ string offset=1299
.Linfo_string67:
	.asciz	"int_fast16_t"                  @ string offset=1311
.Linfo_string68:
	.asciz	"int_fast32_t"                  @ string offset=1324
.Linfo_string69:
	.asciz	"int_fast64_t"                  @ string offset=1337
.Linfo_string70:
	.asciz	"uint_fast8_t"                  @ string offset=1350
.Linfo_string71:
	.asciz	"uint_fast16_t"                 @ string offset=1363
.Linfo_string72:
	.asciz	"uint_fast32_t"                 @ string offset=1377
.Linfo_string73:
	.asciz	"uint_fast64_t"                 @ string offset=1391
.Linfo_string74:
	.asciz	"intptr_t"                      @ string offset=1405
.Linfo_string75:
	.asciz	"uintptr_t"                     @ string offset=1414
.Linfo_string76:
	.asciz	"intmax_t"                      @ string offset=1424
.Linfo_string77:
	.asciz	"uintmax_t"                     @ string offset=1433
.Linfo_string78:
	.asciz	"ot"                            @ string offset=1443
.Linfo_string79:
	.asciz	"_ZN2ot13ErrorToStringE7otError" @ string offset=1446
.Linfo_string80:
	.asciz	"ErrorToString"                 @ string offset=1477
.Linfo_string81:
	.asciz	"char"                          @ string offset=1491
.Linfo_string82:
	.asciz	"otThreadErrorToString"         @ string offset=1496
.Linfo_string83:
	.asciz	"aError"                        @ string offset=1518
	.ident	"Component: ARM Compiler 6.16 Tool: armclang [5dfeb700]"
	.section	".note.GNU-stack","",%progbits
	.eabi_attribute	30, 3	@ Tag_ABI_optimization_goals
	.ARM_attribute	16, 1	@ Tag_AV_eba
	.section	.debug_line,"",%progbits
.Lline_table_start0:
