	.text
	.syntax unified
	.eabi_attribute	67, "2.09"	@ Tag_conformance
	.cpu	cortex-m3
	.eabi_attribute	6, 10	@ Tag_CPU_arch
	.eabi_attribute	7, 77	@ Tag_CPU_arch_profile
	.eabi_attribute	8, 0	@ Tag_ARM_ISA_use
	.eabi_attribute	9, 2	@ Tag_THUMB_ISA_use
	.eabi_attribute	34, 1	@ Tag_CPU_unaligned_access
	.eabi_attribute	17, 1	@ Tag_ABI_PCS_GOT_use
	.eabi_attribute	20, 2	@ Tag_ABI_FP_denormal
	.eabi_attribute	21, 0	@ Tag_ABI_FP_exceptions
	.eabi_attribute	23, 1	@ Tag_ABI_FP_number_model
	.eabi_attribute	24, 1	@ Tag_ABI_align_needed
	.eabi_attribute	25, 1	@ Tag_ABI_align_preserved
	.eabi_attribute	38, 1	@ Tag_ABI_FP_16bit_format
	.eabi_attribute	18, 4	@ Tag_ABI_PCS_wchar_t
	.eabi_attribute	26, 2	@ Tag_ABI_enum_size
	.eabi_attribute	14, 0	@ Tag_ABI_PCS_R9_use
	.file	"strntoumax.c"
	.section	.text.strntoumax,"ax",%progbits
	.hidden	strntoumax                      @ -- Begin function strntoumax
	.globl	strntoumax
	.p2align	1
	.type	strntoumax,%function
	.code	16                              @ @strntoumax
	.thumb_func
strntoumax:
.Lfunc_begin0:
	.file	1 "C:\\Users\\testo\\Desktop\\rafael-iot-sdk-das - \350\244\207\350\243\275 (2)\\examples\\das_subg_thread\\keil" "../../../components/platform/soc/rt582/rt582_dongle/dongle/src/strntoumax.c"
	.loc	1 37 0                          @ ../../../components/platform/soc/rt582/rt582_dongle/dongle/src/strntoumax.c:37:0
	.fnstart
	.cfi_sections .debug_frame
	.cfi_startproc
@ %bb.0:
	@DEBUG_VALUE: strntoumax:nptr <- $r0
	@DEBUG_VALUE: strntoumax:endptr <- $r1
	@DEBUG_VALUE: strntoumax:base <- $r2
	@DEBUG_VALUE: strntoumax:n <- $r3
	.save	{r4, r5, r6, r7, r8, r9, lr}
	push.w	{r4, r5, r6, r7, r8, r9, lr}
	.cfi_def_cfa_offset 28
	.cfi_offset lr, -4
	.cfi_offset r9, -8
	.cfi_offset r8, -12
	.cfi_offset r7, -16
	.cfi_offset r6, -20
	.cfi_offset r5, -24
	.cfi_offset r4, -28
	.pad	#4
	sub	sp, #4
	.cfi_def_cfa_offset 32
	mov	r8, r1
.Ltmp0:
	@DEBUG_VALUE: strntoumax:endptr <- $r8
	@DEBUG_VALUE: strntoumax:n <- $r3
	@DEBUG_VALUE: strntoumax:base <- $r2
	@DEBUG_VALUE: strntoumax:endptr <- $r8
	mov	r5, r0
.Ltmp1:
	@DEBUG_VALUE: strntoumax:nptr <- $r5
	@DEBUG_VALUE: strntoumax:v <- 0
	@DEBUG_VALUE: strntoumax:minus <- 0
	@DEBUG_VALUE: strntoumax:nptr <- $r5
	.loc	1 42 14 prologue_end            @ ../../../components/platform/soc/rt582/rt582_dongle/dongle/src/strntoumax.c:42:14
	cbz	r3, .LBB0_5
.Ltmp2:
@ %bb.1:
	@DEBUG_VALUE: strntoumax:endptr <- $r8
	@DEBUG_VALUE: strntoumax:nptr <- $r5
	@DEBUG_VALUE: strntoumax:n <- $r3
	@DEBUG_VALUE: strntoumax:base <- $r2
	@DEBUG_VALUE: strntoumax:minus <- 0
	@DEBUG_VALUE: strntoumax:v <- 0
	.loc	1 0 14 is_stmt 0                @ ../../../components/platform/soc/rt582/rt582_dongle/dongle/src/strntoumax.c:0:14
	mov	r7, r3
.Ltmp3:
	@DEBUG_VALUE: strntoumax:n <- $r7
	@DEBUG_VALUE: strntoumax:n <- $r7
	mov	r9, r2
.Ltmp4:
	@DEBUG_VALUE: strntoumax:base <- $r9
	@DEBUG_VALUE: strntoumax:base <- $r9
	bl	__rt_ctype_table
.Ltmp5:
	ldr	r2, [r0]
	.loc	1 42 14                         @ ../../../components/platform/soc/rt582/rt582_dongle/dongle/src/strntoumax.c:42:14
	adds	r0, r5, r7
	movs	r1, #0
.Ltmp6:
	.p2align	2
.LBB0_2:                                @ =>This Inner Loop Header: Depth=1
	@DEBUG_VALUE: strntoumax:base <- $r9
	@DEBUG_VALUE: strntoumax:endptr <- $r8
	@DEBUG_VALUE: strntoumax:minus <- 0
	@DEBUG_VALUE: strntoumax:v <- 0
	@DEBUG_VALUE: strntoumax:nptr <- undef
	@DEBUG_VALUE: strntoumax:n <- undef
	.loc	1 42 17                         @ ../../../components/platform/soc/rt582/rt582_dongle/dongle/src/strntoumax.c:42:17
	ldrb	r3, [r5, r1]
	ldrb	r4, [r2, r3]
	.loc	1 42 5                          @ ../../../components/platform/soc/rt582/rt582_dongle/dongle/src/strntoumax.c:42:5
	lsls	r4, r4, #31
	beq	.LBB0_8
.Ltmp7:
@ %bb.3:                                @   in Loop: Header=BB0_2 Depth=1
	@DEBUG_VALUE: strntoumax:base <- $r9
	@DEBUG_VALUE: strntoumax:endptr <- $r8
	@DEBUG_VALUE: strntoumax:minus <- 0
	@DEBUG_VALUE: strntoumax:v <- 0
	@DEBUG_VALUE: strntoumax:nptr <- [DW_OP_plus_uconst 1, DW_OP_stack_value] undef
	@DEBUG_VALUE: strntoumax:n <- [DW_OP_constu 1, DW_OP_minus, DW_OP_stack_value] undef
	.loc	1 42 12                         @ ../../../components/platform/soc/rt582/rt582_dongle/dongle/src/strntoumax.c:42:12
	adds	r1, #1
	.loc	1 42 14                         @ ../../../components/platform/soc/rt582/rt582_dongle/dongle/src/strntoumax.c:42:14
	cmp	r7, r1
	bne	.LBB0_2
.Ltmp8:
@ %bb.4:
	@DEBUG_VALUE: strntoumax:base <- $r9
	@DEBUG_VALUE: strntoumax:endptr <- $r8
	@DEBUG_VALUE: strntoumax:minus <- 0
	@DEBUG_VALUE: strntoumax:v <- 0
	.loc	1 0 14                          @ ../../../components/platform/soc/rt582/rt582_dongle/dongle/src/strntoumax.c:0:14
	mov.w	lr, #0
	movs	r3, #0
	movs	r7, #0
	mov	r5, r0
	b	.LBB0_7
.Ltmp9:
.LBB0_5:
	@DEBUG_VALUE: strntoumax:endptr <- $r8
	@DEBUG_VALUE: strntoumax:nptr <- $r5
	@DEBUG_VALUE: strntoumax:n <- $r3
	@DEBUG_VALUE: strntoumax:base <- $r2
	@DEBUG_VALUE: strntoumax:minus <- 0
	@DEBUG_VALUE: strntoumax:v <- 0
	mov.w	lr, #0
.Ltmp10:
.LBB0_6:
	@DEBUG_VALUE: strntoumax:endptr <- $r8
	@DEBUG_VALUE: strntoumax:nptr <- $r5
	@DEBUG_VALUE: strntoumax:v <- 0
	movs	r3, #0
	movs	r7, #0
.Ltmp11:
.LBB0_7:
	@DEBUG_VALUE: strntoumax:endptr <- $r8
	.loc	1 97 9 is_stmt 1                @ ../../../components/platform/soc/rt582/rt582_dongle/dongle/src/strntoumax.c:97:9
	cmp.w	r8, #0
.Ltmp12:
	.loc	1 99 17                         @ ../../../components/platform/soc/rt582/rt582_dongle/dongle/src/strntoumax.c:99:17
	it	ne
	strne.w	r5, [r8]
.Ltmp13:
	.loc	1 102 12                        @ ../../../components/platform/soc/rt582/rt582_dongle/dongle/src/strntoumax.c:102:12
	rsbs	r0, r3, #0
	mov.w	r1, #0
	sbcs	r1, r7
	cmp.w	lr, #0
	itt	eq
	moveq	r0, r3
	moveq	r1, r7
	.loc	1 102 5 is_stmt 0               @ ../../../components/platform/soc/rt582/rt582_dongle/dongle/src/strntoumax.c:102:5
	add	sp, #4
	pop.w	{r4, r5, r6, r7, r8, r9, pc}
.Ltmp14:
.LBB0_8:
	@DEBUG_VALUE: strntoumax:base <- $r9
	@DEBUG_VALUE: strntoumax:endptr <- $r8
	@DEBUG_VALUE: strntoumax:minus <- 0
	@DEBUG_VALUE: strntoumax:v <- 0
	.loc	1 52 15 is_stmt 1               @ ../../../components/platform/soc/rt582/rt582_dongle/dongle/src/strntoumax.c:52:15
	sub.w	r0, r3, #45
	clz	r0, r0
	lsr.w	lr, r0, #5
.Ltmp15:
	@DEBUG_VALUE: strntoumax:minus <- [DW_OP_LLVM_convert 1 7, DW_OP_LLVM_convert 32 7, DW_OP_stack_value] $lr
	.loc	1 0 15 is_stmt 0                @ ../../../components/platform/soc/rt582/rt582_dongle/dongle/src/strntoumax.c:0:15
	sub.w	r0, r3, #43
	clz	r0, r0
	lsrs	r0, r0, #5
	.loc	1 52 22                         @ ../../../components/platform/soc/rt582/rt582_dongle/dongle/src/strntoumax.c:52:22
	orrs.w	r0, r0, lr
	add	r5, r1
	sub.w	r2, r7, r0
	rsb.w	r3, r0, #0
	it	ne
	addne	r5, #1
.Ltmp16:
	@DEBUG_VALUE: strntoumax:n <- undef
	@DEBUG_VALUE: strntoumax:nptr <- $r5
	.loc	1 60 9 is_stmt 1                @ ../../../components/platform/soc/rt582/rt582_dongle/dongle/src/strntoumax.c:60:9
	cmp.w	r9, #0
.Ltmp17:
	@DEBUG_VALUE: c <- undef
	.loc	1 52 22                         @ ../../../components/platform/soc/rt582/rt582_dongle/dongle/src/strntoumax.c:52:22
	sub.w	r0, r2, r1
.Ltmp18:
	.loc	1 60 9                          @ ../../../components/platform/soc/rt582/rt582_dongle/dongle/src/strntoumax.c:60:9
	beq	.LBB0_14
.Ltmp19:
@ %bb.9:
	@DEBUG_VALUE: strntoumax:base <- $r9
	@DEBUG_VALUE: strntoumax:endptr <- $r8
	@DEBUG_VALUE: strntoumax:nptr <- $r5
	@DEBUG_VALUE: strntoumax:minus <- [DW_OP_LLVM_convert 1 7, DW_OP_LLVM_convert 32 7, DW_OP_stack_value] $lr
	@DEBUG_VALUE: strntoumax:v <- 0
	.loc	1 80 14                         @ ../../../components/platform/soc/rt582/rt582_dongle/dongle/src/strntoumax.c:80:14
	cmp.w	r9, #16
	bne	.LBB0_21
.Ltmp20:
@ %bb.10:
	@DEBUG_VALUE: strntoumax:base <- $r9
	@DEBUG_VALUE: strntoumax:endptr <- $r8
	@DEBUG_VALUE: strntoumax:nptr <- $r5
	@DEBUG_VALUE: strntoumax:minus <- [DW_OP_LLVM_convert 1 7, DW_OP_LLVM_convert 32 7, DW_OP_stack_value] $lr
	@DEBUG_VALUE: strntoumax:v <- 0
	cmp	r0, #2
	blo	.LBB0_21
.Ltmp21:
@ %bb.11:
	@DEBUG_VALUE: strntoumax:base <- $r9
	@DEBUG_VALUE: strntoumax:endptr <- $r8
	@DEBUG_VALUE: strntoumax:nptr <- $r5
	@DEBUG_VALUE: strntoumax:minus <- [DW_OP_LLVM_convert 1 7, DW_OP_LLVM_convert 32 7, DW_OP_stack_value] $lr
	@DEBUG_VALUE: strntoumax:v <- 0
	.loc	1 82 23                         @ ../../../components/platform/soc/rt582/rt582_dongle/dongle/src/strntoumax.c:82:23
	ldrb	r2, [r5]
	.loc	1 82 38 is_stmt 0               @ ../../../components/platform/soc/rt582/rt582_dongle/dongle/src/strntoumax.c:82:38
	cmp	r2, #48
	bne	.LBB0_13
.Ltmp22:
@ %bb.12:
	@DEBUG_VALUE: strntoumax:base <- $r9
	@DEBUG_VALUE: strntoumax:endptr <- $r8
	@DEBUG_VALUE: strntoumax:nptr <- $r5
	@DEBUG_VALUE: strntoumax:minus <- [DW_OP_LLVM_convert 1 7, DW_OP_LLVM_convert 32 7, DW_OP_stack_value] $lr
	@DEBUG_VALUE: strntoumax:v <- 0
	.loc	1 83 18 is_stmt 1               @ ../../../components/platform/soc/rt582/rt582_dongle/dongle/src/strntoumax.c:83:18
	ldrb	r2, [r5, #1]
	.loc	1 83 33 is_stmt 0               @ ../../../components/platform/soc/rt582/rt582_dongle/dongle/src/strntoumax.c:83:33
	orr	r2, r2, #32
	cmp	r2, #120
	beq	.LBB0_17
.Ltmp23:
.LBB0_13:
	@DEBUG_VALUE: strntoumax:base <- $r9
	@DEBUG_VALUE: strntoumax:endptr <- $r8
	@DEBUG_VALUE: strntoumax:nptr <- $r5
	@DEBUG_VALUE: strntoumax:minus <- [DW_OP_LLVM_convert 1 7, DW_OP_LLVM_convert 32 7, DW_OP_stack_value] $lr
	@DEBUG_VALUE: strntoumax:v <- 0
	.loc	1 0 33                          @ ../../../components/platform/soc/rt582/rt582_dongle/dongle/src/strntoumax.c:0:33
	mov.w	r9, #16
.Ltmp24:
	@DEBUG_VALUE: strntoumax:base <- [DW_OP_LLVM_entry_value 1] $r2
	b	.LBB0_24
.Ltmp25:
.LBB0_14:
	@DEBUG_VALUE: strntoumax:base <- $r9
	@DEBUG_VALUE: strntoumax:endptr <- $r8
	@DEBUG_VALUE: strntoumax:nptr <- $r5
	@DEBUG_VALUE: strntoumax:minus <- [DW_OP_LLVM_convert 1 7, DW_OP_LLVM_convert 32 7, DW_OP_stack_value] $lr
	@DEBUG_VALUE: strntoumax:v <- 0
	.loc	1 62 20 is_stmt 1               @ ../../../components/platform/soc/rt582/rt582_dongle/dongle/src/strntoumax.c:62:20
	cmp	r0, #2
	blo	.LBB0_18
.Ltmp26:
@ %bb.15:
	@DEBUG_VALUE: strntoumax:base <- $r9
	@DEBUG_VALUE: strntoumax:endptr <- $r8
	@DEBUG_VALUE: strntoumax:nptr <- $r5
	@DEBUG_VALUE: strntoumax:minus <- [DW_OP_LLVM_convert 1 7, DW_OP_LLVM_convert 32 7, DW_OP_stack_value] $lr
	@DEBUG_VALUE: strntoumax:v <- 0
	.loc	1 62 23 is_stmt 0               @ ../../../components/platform/soc/rt582/rt582_dongle/dongle/src/strntoumax.c:62:23
	ldrb	r2, [r5]
	.loc	1 62 38                         @ ../../../components/platform/soc/rt582/rt582_dongle/dongle/src/strntoumax.c:62:38
	cmp	r2, #48
	bne	.LBB0_23
.Ltmp27:
@ %bb.16:
	@DEBUG_VALUE: strntoumax:base <- $r9
	@DEBUG_VALUE: strntoumax:endptr <- $r8
	@DEBUG_VALUE: strntoumax:nptr <- $r5
	@DEBUG_VALUE: strntoumax:minus <- [DW_OP_LLVM_convert 1 7, DW_OP_LLVM_convert 32 7, DW_OP_stack_value] $lr
	@DEBUG_VALUE: strntoumax:v <- 0
	.loc	1 63 18 is_stmt 1               @ ../../../components/platform/soc/rt582/rt582_dongle/dongle/src/strntoumax.c:63:18
	ldrb	r0, [r5, #1]
	.loc	1 63 33 is_stmt 0               @ ../../../components/platform/soc/rt582/rt582_dongle/dongle/src/strntoumax.c:63:33
	orr	r0, r0, #32
	cmp	r0, #120
	bne	.LBB0_20
.Ltmp28:
.LBB0_17:
	@DEBUG_VALUE: strntoumax:base <- $r9
	@DEBUG_VALUE: strntoumax:endptr <- $r8
	@DEBUG_VALUE: strntoumax:nptr <- $r5
	@DEBUG_VALUE: strntoumax:minus <- [DW_OP_LLVM_convert 1 7, DW_OP_LLVM_convert 32 7, DW_OP_stack_value] $lr
	@DEBUG_VALUE: strntoumax:v <- 0
	@DEBUG_VALUE: strntoumax:n <- [DW_OP_constu 2, DW_OP_minus, DW_OP_stack_value] undef
	.loc	1 0 0                           @ ../../../components/platform/soc/rt582/rt582_dongle/dongle/src/strntoumax.c:0:0
	adds	r0, r7, r3
	subs	r0, r0, r1
	subs	r0, #2
	adds	r5, #2
.Ltmp29:
	@DEBUG_VALUE: strntoumax:nptr <- $r5
	mov.w	r9, #16
.Ltmp30:
	@DEBUG_VALUE: strntoumax:base <- [DW_OP_LLVM_entry_value 1] $r2
	b	.LBB0_21
.Ltmp31:
.LBB0_18:
	@DEBUG_VALUE: strntoumax:base <- $r9
	@DEBUG_VALUE: strntoumax:endptr <- $r8
	@DEBUG_VALUE: strntoumax:nptr <- $r5
	@DEBUG_VALUE: strntoumax:minus <- [DW_OP_LLVM_convert 1 7, DW_OP_LLVM_convert 32 7, DW_OP_stack_value] $lr
	@DEBUG_VALUE: strntoumax:v <- 0
	.loc	1 69 25 is_stmt 1               @ ../../../components/platform/soc/rt582/rt582_dongle/dongle/src/strntoumax.c:69:25
	cmp	r2, r1
	beq	.LBB0_6
.Ltmp32:
@ %bb.19:
	@DEBUG_VALUE: strntoumax:base <- $r9
	@DEBUG_VALUE: strntoumax:endptr <- $r8
	@DEBUG_VALUE: strntoumax:nptr <- $r5
	@DEBUG_VALUE: strntoumax:minus <- [DW_OP_LLVM_convert 1 7, DW_OP_LLVM_convert 32 7, DW_OP_stack_value] $lr
	@DEBUG_VALUE: strntoumax:v <- 0
	.loc	1 69 28 is_stmt 0               @ ../../../components/platform/soc/rt582/rt582_dongle/dongle/src/strntoumax.c:69:28
	ldrb	r0, [r5]
.Ltmp33:
	.loc	1 69 18                         @ ../../../components/platform/soc/rt582/rt582_dongle/dongle/src/strntoumax.c:69:18
	cmp	r0, #48
	bne	.LBB0_22
.Ltmp34:
.LBB0_20:
	@DEBUG_VALUE: strntoumax:base <- $r9
	@DEBUG_VALUE: strntoumax:endptr <- $r8
	@DEBUG_VALUE: strntoumax:nptr <- $r5
	@DEBUG_VALUE: strntoumax:minus <- [DW_OP_LLVM_convert 1 7, DW_OP_LLVM_convert 32 7, DW_OP_stack_value] $lr
	@DEBUG_VALUE: strntoumax:v <- 0
	@DEBUG_VALUE: strntoumax:n <- [DW_OP_constu 1, DW_OP_minus, DW_OP_stack_value] undef
	.loc	1 72 17 is_stmt 1               @ ../../../components/platform/soc/rt582/rt582_dongle/dongle/src/strntoumax.c:72:17
	adds	r0, r3, r7
	mvns	r1, r1
	add	r0, r1
	adds	r5, #1
.Ltmp35:
	@DEBUG_VALUE: strntoumax:nptr <- $r5
	.loc	1 0 17 is_stmt 0                @ ../../../components/platform/soc/rt582/rt582_dongle/dongle/src/strntoumax.c:0:17
	mov.w	r9, #8
.Ltmp36:
	@DEBUG_VALUE: strntoumax:base <- [DW_OP_LLVM_entry_value 1] $r2
	@DEBUG_VALUE: strntoumax:base <- 8
.LBB0_21:
	@DEBUG_VALUE: strntoumax:endptr <- $r8
	@DEBUG_VALUE: strntoumax:nptr <- $r5
	@DEBUG_VALUE: strntoumax:minus <- [DW_OP_LLVM_convert 1 7, DW_OP_LLVM_convert 32 7, DW_OP_stack_value] $lr
	@DEBUG_VALUE: strntoumax:v <- 0
	@DEBUG_VALUE: strntoumax:nptr <- $r5
	@DEBUG_VALUE: strntoumax:base <- $r9
	@DEBUG_VALUE: strntoumax:n <- $r0
	@DEBUG_VALUE: strntoumax:v <- 0
	cbnz	r0, .LBB0_24
	b	.LBB0_6
.Ltmp37:
.LBB0_22:
	@DEBUG_VALUE: strntoumax:base <- $r9
	@DEBUG_VALUE: strntoumax:endptr <- $r8
	@DEBUG_VALUE: strntoumax:nptr <- $r5
	@DEBUG_VALUE: strntoumax:minus <- [DW_OP_LLVM_convert 1 7, DW_OP_LLVM_convert 32 7, DW_OP_stack_value] $lr
	@DEBUG_VALUE: strntoumax:v <- 0
	movs	r0, #1
.Ltmp38:
.LBB0_23:
	@DEBUG_VALUE: strntoumax:base <- $r9
	@DEBUG_VALUE: strntoumax:endptr <- $r8
	@DEBUG_VALUE: strntoumax:nptr <- $r5
	@DEBUG_VALUE: strntoumax:minus <- [DW_OP_LLVM_convert 1 7, DW_OP_LLVM_convert 32 7, DW_OP_stack_value] $lr
	@DEBUG_VALUE: strntoumax:v <- 0
	mov.w	r9, #10
.Ltmp39:
	@DEBUG_VALUE: strntoumax:base <- [DW_OP_LLVM_entry_value 1] $r2
.LBB0_24:
	@DEBUG_VALUE: strntoumax:endptr <- $r8
	@DEBUG_VALUE: strntoumax:nptr <- $r5
	@DEBUG_VALUE: strntoumax:minus <- [DW_OP_LLVM_convert 1 7, DW_OP_LLVM_convert 32 7, DW_OP_stack_value] $lr
	@DEBUG_VALUE: strntoumax:v <- 0
	.loc	1 90 14 is_stmt 1               @ ../../../components/platform/soc/rt582/rt582_dongle/dongle/src/strntoumax.c:90:14
	add.w	r12, r5, r0
	movs	r3, #0
	movs	r7, #0
.Ltmp40:
	.p2align	2
.LBB0_25:                               @ =>This Inner Loop Header: Depth=1
	@DEBUG_VALUE: strntoumax:endptr <- $r8
	@DEBUG_VALUE: strntoumax:nptr <- $r5
	@DEBUG_VALUE: strntoumax:minus <- [DW_OP_LLVM_convert 1 7, DW_OP_LLVM_convert 32 7, DW_OP_stack_value] $lr
	@DEBUG_VALUE: strntoumax:nptr <- $r5
	@DEBUG_VALUE: strntoumax:n <- $r0
	@DEBUG_VALUE: strntoumax:v <- [DW_OP_LLVM_fragment 0 32] $r3
	@DEBUG_VALUE: strntoumax:v <- [DW_OP_LLVM_fragment 32 32] $r7
	.loc	1 90 31 is_stmt 0               @ ../../../components/platform/soc/rt582/rt582_dongle/dongle/src/strntoumax.c:90:31
	ldrb	r2, [r5]
.Ltmp41:
	@DEBUG_VALUE: digitval:ch <- $r2
	.loc	1 18 19 is_stmt 1               @ ../../../components/platform/soc/rt582/rt582_dongle/dongle/src/strntoumax.c:18:19
	sub.w	r1, r2, #48
	cmp	r1, #10
	blo	.LBB0_29
.Ltmp42:
@ %bb.26:                               @   in Loop: Header=BB0_25 Depth=1
	@DEBUG_VALUE: strntoumax:endptr <- $r8
	@DEBUG_VALUE: strntoumax:v <- [DW_OP_LLVM_fragment 32 32] $r7
	@DEBUG_VALUE: strntoumax:nptr <- $r5
	@DEBUG_VALUE: strntoumax:v <- [DW_OP_LLVM_fragment 0 32] $r3
	@DEBUG_VALUE: digitval:ch <- $r2
	@DEBUG_VALUE: strntoumax:n <- $r0
	@DEBUG_VALUE: strntoumax:minus <- [DW_OP_LLVM_convert 1 7, DW_OP_LLVM_convert 32 7, DW_OP_stack_value] $lr
	.loc	1 22 24                         @ ../../../components/platform/soc/rt582/rt582_dongle/dongle/src/strntoumax.c:22:24
	sub.w	r1, r2, #65
	cmp	r1, #25
	bhi	.LBB0_28
.Ltmp43:
@ %bb.27:                               @   in Loop: Header=BB0_25 Depth=1
	@DEBUG_VALUE: strntoumax:endptr <- $r8
	@DEBUG_VALUE: strntoumax:v <- [DW_OP_LLVM_fragment 32 32] $r7
	@DEBUG_VALUE: strntoumax:nptr <- $r5
	@DEBUG_VALUE: strntoumax:v <- [DW_OP_LLVM_fragment 0 32] $r3
	@DEBUG_VALUE: digitval:ch <- $r2
	@DEBUG_VALUE: strntoumax:n <- $r0
	@DEBUG_VALUE: strntoumax:minus <- [DW_OP_LLVM_convert 1 7, DW_OP_LLVM_convert 32 7, DW_OP_stack_value] $lr
	.loc	1 24 25                         @ ../../../components/platform/soc/rt582/rt582_dongle/dongle/src/strntoumax.c:24:25
	sub.w	r1, r2, #55
	b	.LBB0_29
.Ltmp44:
	.p2align	2
.LBB0_28:                               @   in Loop: Header=BB0_25 Depth=1
	@DEBUG_VALUE: strntoumax:endptr <- $r8
	@DEBUG_VALUE: strntoumax:v <- [DW_OP_LLVM_fragment 32 32] $r7
	@DEBUG_VALUE: strntoumax:nptr <- $r5
	@DEBUG_VALUE: strntoumax:v <- [DW_OP_LLVM_fragment 0 32] $r3
	@DEBUG_VALUE: digitval:ch <- $r2
	@DEBUG_VALUE: strntoumax:n <- $r0
	@DEBUG_VALUE: strntoumax:minus <- [DW_OP_LLVM_convert 1 7, DW_OP_LLVM_convert 32 7, DW_OP_stack_value] $lr
	.loc	1 26 24                         @ ../../../components/platform/soc/rt582/rt582_dongle/dongle/src/strntoumax.c:26:24
	sub.w	r1, r2, #97
	cmp	r1, #26
	mov.w	r1, #-1
	it	lo
	sublo.w	r1, r2, #87
.Ltmp45:
.LBB0_29:                               @   in Loop: Header=BB0_25 Depth=1
	@DEBUG_VALUE: strntoumax:endptr <- $r8
	@DEBUG_VALUE: strntoumax:v <- [DW_OP_LLVM_fragment 32 32] $r7
	@DEBUG_VALUE: strntoumax:nptr <- $r5
	@DEBUG_VALUE: strntoumax:v <- [DW_OP_LLVM_fragment 0 32] $r3
	@DEBUG_VALUE: strntoumax:n <- $r0
	@DEBUG_VALUE: strntoumax:minus <- [DW_OP_LLVM_convert 1 7, DW_OP_LLVM_convert 32 7, DW_OP_stack_value] $lr
	@DEBUG_VALUE: strntoumax:d <- $r1
	.loc	1 90 44                         @ ../../../components/platform/soc/rt582/rt582_dongle/dongle/src/strntoumax.c:90:44
	cmp	r1, #0
	bmi.w	.LBB0_7
.Ltmp46:
@ %bb.30:                               @   in Loop: Header=BB0_25 Depth=1
	@DEBUG_VALUE: strntoumax:endptr <- $r8
	@DEBUG_VALUE: strntoumax:v <- [DW_OP_LLVM_fragment 32 32] $r7
	@DEBUG_VALUE: strntoumax:nptr <- $r5
	@DEBUG_VALUE: strntoumax:v <- [DW_OP_LLVM_fragment 0 32] $r3
	@DEBUG_VALUE: strntoumax:d <- $r1
	@DEBUG_VALUE: strntoumax:n <- $r0
	@DEBUG_VALUE: strntoumax:minus <- [DW_OP_LLVM_convert 1 7, DW_OP_LLVM_convert 32 7, DW_OP_stack_value] $lr
	cmp	r1, r9
	bge.w	.LBB0_7
.Ltmp47:
@ %bb.31:                               @   in Loop: Header=BB0_25 Depth=1
	@DEBUG_VALUE: strntoumax:endptr <- $r8
	@DEBUG_VALUE: strntoumax:v <- [DW_OP_LLVM_fragment 32 32] $r7
	@DEBUG_VALUE: strntoumax:nptr <- $r5
	@DEBUG_VALUE: strntoumax:v <- [DW_OP_LLVM_fragment 0 32] $r3
	@DEBUG_VALUE: strntoumax:d <- $r1
	@DEBUG_VALUE: strntoumax:n <- $r0
	@DEBUG_VALUE: strntoumax:minus <- [DW_OP_LLVM_convert 1 7, DW_OP_LLVM_convert 32 7, DW_OP_stack_value] $lr
	.loc	1 92 15                         @ ../../../components/platform/soc/rt582/rt582_dongle/dongle/src/strntoumax.c:92:15
	umull	r2, r4, r3, r9
	asr.w	r6, r9, #31
	mla	r4, r3, r6, r4
	mul	r6, r7, r9
	.loc	1 92 22 is_stmt 0               @ ../../../components/platform/soc/rt582/rt582_dongle/dongle/src/strntoumax.c:92:22
	adds	r3, r2, r1
.Ltmp48:
	@DEBUG_VALUE: strntoumax:v <- [DW_OP_LLVM_fragment 0 32] $r3
	adc.w	r7, r4, r6
.Ltmp49:
	@DEBUG_VALUE: strntoumax:v <- [DW_OP_LLVM_fragment 32 32] $r7
	.loc	1 93 10 is_stmt 1               @ ../../../components/platform/soc/rt582/rt582_dongle/dongle/src/strntoumax.c:93:10
	subs	r0, #1
.Ltmp50:
	@DEBUG_VALUE: strntoumax:n <- $r0
	.loc	1 94 13                         @ ../../../components/platform/soc/rt582/rt582_dongle/dongle/src/strntoumax.c:94:13
	add.w	r5, r5, #1
.Ltmp51:
	@DEBUG_VALUE: strntoumax:nptr <- $r5
	.loc	1 90 14                         @ ../../../components/platform/soc/rt582/rt582_dongle/dongle/src/strntoumax.c:90:14
	bne	.LBB0_25
.Ltmp52:
@ %bb.32:
	@DEBUG_VALUE: strntoumax:endptr <- $r8
	@DEBUG_VALUE: strntoumax:v <- [DW_OP_LLVM_fragment 32 32] $r7
	@DEBUG_VALUE: strntoumax:nptr <- $r5
	@DEBUG_VALUE: strntoumax:v <- [DW_OP_LLVM_fragment 0 32] $r3
	@DEBUG_VALUE: strntoumax:d <- $r1
	@DEBUG_VALUE: strntoumax:n <- $r0
	@DEBUG_VALUE: strntoumax:minus <- [DW_OP_LLVM_convert 1 7, DW_OP_LLVM_convert 32 7, DW_OP_stack_value] $lr
	.loc	1 0 0 is_stmt 0                 @ ../../../components/platform/soc/rt582/rt582_dongle/dongle/src/strntoumax.c:0:0
	mov	r5, r12
.Ltmp53:
	b	.LBB0_7
.Ltmp54:
.Lfunc_end0:
	.size	strntoumax, .Lfunc_end0-strntoumax
	.cfi_endproc
	.cantunwind
	.fnend
                                        @ -- End function
	.file	2 "C:\\" "Keil_v5\\ARM\\ARMCLANG\\Bin\\..\\include\\stdint.h"
	.file	3 "C:\\" "Keil_v5\\ARM\\ARMCLANG\\Bin\\..\\include\\stddef.h"
	.section	.debug_loc,"",%progbits
.Ldebug_loc0:
	.long	.Lfunc_begin0-.Lfunc_begin0
	.long	.Ltmp1-.Lfunc_begin0
	.short	1                               @ Loc expr size
	.byte	80                              @ DW_OP_reg0
	.long	.Ltmp1-.Lfunc_begin0
	.long	.Ltmp6-.Lfunc_begin0
	.short	1                               @ Loc expr size
	.byte	85                              @ DW_OP_reg5
	.long	.Ltmp9-.Lfunc_begin0
	.long	.Ltmp11-.Lfunc_begin0
	.short	1                               @ Loc expr size
	.byte	85                              @ DW_OP_reg5
	.long	.Ltmp16-.Lfunc_begin0
	.long	.Ltmp53-.Lfunc_begin0
	.short	1                               @ Loc expr size
	.byte	85                              @ DW_OP_reg5
	.long	0
	.long	0
.Ldebug_loc1:
	.long	.Lfunc_begin0-.Lfunc_begin0
	.long	.Ltmp0-.Lfunc_begin0
	.short	1                               @ Loc expr size
	.byte	81                              @ DW_OP_reg1
	.long	.Ltmp0-.Lfunc_begin0
	.long	.Lfunc_end0-.Lfunc_begin0
	.short	1                               @ Loc expr size
	.byte	88                              @ DW_OP_reg8
	.long	0
	.long	0
.Ldebug_loc2:
	.long	.Lfunc_begin0-.Lfunc_begin0
	.long	.Ltmp4-.Lfunc_begin0
	.short	1                               @ Loc expr size
	.byte	82                              @ DW_OP_reg2
	.long	.Ltmp4-.Lfunc_begin0
	.long	.Ltmp9-.Lfunc_begin0
	.short	1                               @ Loc expr size
	.byte	89                              @ DW_OP_reg9
	.long	.Ltmp9-.Lfunc_begin0
	.long	.Ltmp10-.Lfunc_begin0
	.short	1                               @ Loc expr size
	.byte	82                              @ DW_OP_reg2
	.long	.Ltmp14-.Lfunc_begin0
	.long	.Ltmp24-.Lfunc_begin0
	.short	1                               @ Loc expr size
	.byte	89                              @ DW_OP_reg9
	.long	.Ltmp24-.Lfunc_begin0
	.long	.Ltmp25-.Lfunc_begin0
	.short	4                               @ Loc expr size
	.byte	243                             @ DW_OP_GNU_entry_value
	.byte	1                               @ 1
	.byte	82                              @ DW_OP_reg2
	.byte	159                             @ DW_OP_stack_value
	.long	.Ltmp25-.Lfunc_begin0
	.long	.Ltmp30-.Lfunc_begin0
	.short	1                               @ Loc expr size
	.byte	89                              @ DW_OP_reg9
	.long	.Ltmp30-.Lfunc_begin0
	.long	.Ltmp31-.Lfunc_begin0
	.short	4                               @ Loc expr size
	.byte	243                             @ DW_OP_GNU_entry_value
	.byte	1                               @ 1
	.byte	82                              @ DW_OP_reg2
	.byte	159                             @ DW_OP_stack_value
	.long	.Ltmp31-.Lfunc_begin0
	.long	.Ltmp39-.Lfunc_begin0
	.short	1                               @ Loc expr size
	.byte	89                              @ DW_OP_reg9
	.long	0
	.long	0
.Ldebug_loc3:
	.long	.Lfunc_begin0-.Lfunc_begin0
	.long	.Ltmp3-.Lfunc_begin0
	.short	1                               @ Loc expr size
	.byte	83                              @ DW_OP_reg3
	.long	.Ltmp3-.Lfunc_begin0
	.long	.Ltmp6-.Lfunc_begin0
	.short	1                               @ Loc expr size
	.byte	87                              @ DW_OP_reg7
	.long	.Ltmp9-.Lfunc_begin0
	.long	.Ltmp10-.Lfunc_begin0
	.short	1                               @ Loc expr size
	.byte	83                              @ DW_OP_reg3
	.long	.Ltmp36-.Lfunc_begin0
	.long	.Ltmp37-.Lfunc_begin0
	.short	1                               @ Loc expr size
	.byte	80                              @ DW_OP_reg0
	.long	.Ltmp40-.Lfunc_begin0
	.long	.Lfunc_end0-.Lfunc_begin0
	.short	1                               @ Loc expr size
	.byte	80                              @ DW_OP_reg0
	.long	0
	.long	0
.Ldebug_loc4:
	.long	.Ltmp1-.Lfunc_begin0
	.long	.Ltmp11-.Lfunc_begin0
	.short	2                               @ Loc expr size
	.byte	48                              @ DW_OP_lit0
	.byte	159                             @ DW_OP_stack_value
	.long	.Ltmp14-.Lfunc_begin0
	.long	.Ltmp40-.Lfunc_begin0
	.short	2                               @ Loc expr size
	.byte	48                              @ DW_OP_lit0
	.byte	159                             @ DW_OP_stack_value
	.long	.Ltmp40-.Lfunc_begin0
	.long	.Lfunc_end0-.Lfunc_begin0
	.short	6                               @ Loc expr size
	.byte	83                              @ DW_OP_reg3
	.byte	147                             @ DW_OP_piece
	.byte	4                               @ 4
	.byte	87                              @ DW_OP_reg7
	.byte	147                             @ DW_OP_piece
	.byte	4                               @ 4
	.long	0
	.long	0
.Ldebug_loc5:
	.long	.Ltmp1-.Lfunc_begin0
	.long	.Ltmp10-.Lfunc_begin0
	.short	3                               @ Loc expr size
	.byte	17                              @ DW_OP_consts
	.byte	0                               @ 0
	.byte	159                             @ DW_OP_stack_value
	.long	.Ltmp14-.Lfunc_begin0
	.long	.Ltmp15-.Lfunc_begin0
	.short	3                               @ Loc expr size
	.byte	17                              @ DW_OP_consts
	.byte	0                               @ 0
	.byte	159                             @ DW_OP_stack_value
	.long	.Ltmp15-.Lfunc_begin0
	.long	.Lfunc_end0-.Lfunc_begin0
	.short	6                               @ Loc expr size
	.byte	126                             @ DW_OP_breg14
	.byte	0                               @ 0
	.byte	16                              @ DW_OP_constu
	.byte	1                               @ 1
	.byte	26                              @ DW_OP_and
	.byte	159                             @ DW_OP_stack_value
	.long	0
	.long	0
.Ldebug_loc6:
	.long	.Ltmp45-.Lfunc_begin0
	.long	.Lfunc_end0-.Lfunc_begin0
	.short	1                               @ Loc expr size
	.byte	81                              @ DW_OP_reg1
	.long	0
	.long	0
	.section	.debug_abbrev,"",%progbits
	.byte	1                               @ Abbreviation Code
	.byte	17                              @ DW_TAG_compile_unit
	.byte	1                               @ DW_CHILDREN_yes
	.byte	37                              @ DW_AT_producer
	.byte	14                              @ DW_FORM_strp
	.byte	19                              @ DW_AT_language
	.byte	5                               @ DW_FORM_data2
	.byte	3                               @ DW_AT_name
	.byte	14                              @ DW_FORM_strp
	.byte	16                              @ DW_AT_stmt_list
	.byte	23                              @ DW_FORM_sec_offset
	.byte	27                              @ DW_AT_comp_dir
	.byte	14                              @ DW_FORM_strp
	.byte	17                              @ DW_AT_low_pc
	.byte	1                               @ DW_FORM_addr
	.byte	18                              @ DW_AT_high_pc
	.byte	6                               @ DW_FORM_data4
	.byte	0                               @ EOM(1)
	.byte	0                               @ EOM(2)
	.byte	2                               @ Abbreviation Code
	.byte	36                              @ DW_TAG_base_type
	.byte	0                               @ DW_CHILDREN_no
	.byte	3                               @ DW_AT_name
	.byte	14                              @ DW_FORM_strp
	.byte	62                              @ DW_AT_encoding
	.byte	11                              @ DW_FORM_data1
	.byte	11                              @ DW_AT_byte_size
	.byte	11                              @ DW_FORM_data1
	.byte	0                               @ EOM(1)
	.byte	0                               @ EOM(2)
	.byte	3                               @ Abbreviation Code
	.byte	15                              @ DW_TAG_pointer_type
	.byte	0                               @ DW_CHILDREN_no
	.byte	73                              @ DW_AT_type
	.byte	19                              @ DW_FORM_ref4
	.byte	0                               @ EOM(1)
	.byte	0                               @ EOM(2)
	.byte	4                               @ Abbreviation Code
	.byte	46                              @ DW_TAG_subprogram
	.byte	1                               @ DW_CHILDREN_yes
	.byte	3                               @ DW_AT_name
	.byte	14                              @ DW_FORM_strp
	.byte	58                              @ DW_AT_decl_file
	.byte	11                              @ DW_FORM_data1
	.byte	59                              @ DW_AT_decl_line
	.byte	11                              @ DW_FORM_data1
	.byte	39                              @ DW_AT_prototyped
	.byte	25                              @ DW_FORM_flag_present
	.byte	73                              @ DW_AT_type
	.byte	19                              @ DW_FORM_ref4
	.byte	32                              @ DW_AT_inline
	.byte	11                              @ DW_FORM_data1
	.byte	0                               @ EOM(1)
	.byte	0                               @ EOM(2)
	.byte	5                               @ Abbreviation Code
	.byte	5                               @ DW_TAG_formal_parameter
	.byte	0                               @ DW_CHILDREN_no
	.byte	3                               @ DW_AT_name
	.byte	14                              @ DW_FORM_strp
	.byte	58                              @ DW_AT_decl_file
	.byte	11                              @ DW_FORM_data1
	.byte	59                              @ DW_AT_decl_line
	.byte	11                              @ DW_FORM_data1
	.byte	73                              @ DW_AT_type
	.byte	19                              @ DW_FORM_ref4
	.byte	0                               @ EOM(1)
	.byte	0                               @ EOM(2)
	.byte	6                               @ Abbreviation Code
	.byte	46                              @ DW_TAG_subprogram
	.byte	1                               @ DW_CHILDREN_yes
	.byte	17                              @ DW_AT_low_pc
	.byte	1                               @ DW_FORM_addr
	.byte	18                              @ DW_AT_high_pc
	.byte	6                               @ DW_FORM_data4
	.byte	64                              @ DW_AT_frame_base
	.byte	24                              @ DW_FORM_exprloc
	.ascii	"\227B"                         @ DW_AT_GNU_all_call_sites
	.byte	25                              @ DW_FORM_flag_present
	.byte	3                               @ DW_AT_name
	.byte	14                              @ DW_FORM_strp
	.byte	58                              @ DW_AT_decl_file
	.byte	11                              @ DW_FORM_data1
	.byte	59                              @ DW_AT_decl_line
	.byte	11                              @ DW_FORM_data1
	.byte	39                              @ DW_AT_prototyped
	.byte	25                              @ DW_FORM_flag_present
	.byte	73                              @ DW_AT_type
	.byte	19                              @ DW_FORM_ref4
	.byte	63                              @ DW_AT_external
	.byte	25                              @ DW_FORM_flag_present
	.byte	0                               @ EOM(1)
	.byte	0                               @ EOM(2)
	.byte	7                               @ Abbreviation Code
	.byte	5                               @ DW_TAG_formal_parameter
	.byte	0                               @ DW_CHILDREN_no
	.byte	2                               @ DW_AT_location
	.byte	23                              @ DW_FORM_sec_offset
	.byte	3                               @ DW_AT_name
	.byte	14                              @ DW_FORM_strp
	.byte	58                              @ DW_AT_decl_file
	.byte	11                              @ DW_FORM_data1
	.byte	59                              @ DW_AT_decl_line
	.byte	11                              @ DW_FORM_data1
	.byte	73                              @ DW_AT_type
	.byte	19                              @ DW_FORM_ref4
	.byte	0                               @ EOM(1)
	.byte	0                               @ EOM(2)
	.byte	8                               @ Abbreviation Code
	.byte	52                              @ DW_TAG_variable
	.byte	0                               @ DW_CHILDREN_no
	.byte	2                               @ DW_AT_location
	.byte	23                              @ DW_FORM_sec_offset
	.byte	3                               @ DW_AT_name
	.byte	14                              @ DW_FORM_strp
	.byte	58                              @ DW_AT_decl_file
	.byte	11                              @ DW_FORM_data1
	.byte	59                              @ DW_AT_decl_line
	.byte	11                              @ DW_FORM_data1
	.byte	73                              @ DW_AT_type
	.byte	19                              @ DW_FORM_ref4
	.byte	0                               @ EOM(1)
	.byte	0                               @ EOM(2)
	.byte	9                               @ Abbreviation Code
	.byte	11                              @ DW_TAG_lexical_block
	.byte	1                               @ DW_CHILDREN_yes
	.byte	85                              @ DW_AT_ranges
	.byte	23                              @ DW_FORM_sec_offset
	.byte	0                               @ EOM(1)
	.byte	0                               @ EOM(2)
	.byte	10                              @ Abbreviation Code
	.byte	52                              @ DW_TAG_variable
	.byte	0                               @ DW_CHILDREN_no
	.byte	3                               @ DW_AT_name
	.byte	14                              @ DW_FORM_strp
	.byte	58                              @ DW_AT_decl_file
	.byte	11                              @ DW_FORM_data1
	.byte	59                              @ DW_AT_decl_line
	.byte	11                              @ DW_FORM_data1
	.byte	73                              @ DW_AT_type
	.byte	19                              @ DW_FORM_ref4
	.byte	0                               @ EOM(1)
	.byte	0                               @ EOM(2)
	.byte	11                              @ Abbreviation Code
	.byte	29                              @ DW_TAG_inlined_subroutine
	.byte	1                               @ DW_CHILDREN_yes
	.byte	49                              @ DW_AT_abstract_origin
	.byte	19                              @ DW_FORM_ref4
	.byte	17                              @ DW_AT_low_pc
	.byte	1                               @ DW_FORM_addr
	.byte	18                              @ DW_AT_high_pc
	.byte	6                               @ DW_FORM_data4
	.byte	88                              @ DW_AT_call_file
	.byte	11                              @ DW_FORM_data1
	.byte	89                              @ DW_AT_call_line
	.byte	11                              @ DW_FORM_data1
	.byte	87                              @ DW_AT_call_column
	.byte	11                              @ DW_FORM_data1
	.byte	0                               @ EOM(1)
	.byte	0                               @ EOM(2)
	.byte	12                              @ Abbreviation Code
	.byte	5                               @ DW_TAG_formal_parameter
	.byte	0                               @ DW_CHILDREN_no
	.byte	2                               @ DW_AT_location
	.byte	24                              @ DW_FORM_exprloc
	.byte	49                              @ DW_AT_abstract_origin
	.byte	19                              @ DW_FORM_ref4
	.byte	0                               @ EOM(1)
	.byte	0                               @ EOM(2)
	.byte	13                              @ Abbreviation Code
	.byte	22                              @ DW_TAG_typedef
	.byte	0                               @ DW_CHILDREN_no
	.byte	73                              @ DW_AT_type
	.byte	19                              @ DW_FORM_ref4
	.byte	3                               @ DW_AT_name
	.byte	14                              @ DW_FORM_strp
	.byte	58                              @ DW_AT_decl_file
	.byte	11                              @ DW_FORM_data1
	.byte	59                              @ DW_AT_decl_line
	.byte	11                              @ DW_FORM_data1
	.byte	0                               @ EOM(1)
	.byte	0                               @ EOM(2)
	.byte	14                              @ Abbreviation Code
	.byte	38                              @ DW_TAG_const_type
	.byte	0                               @ DW_CHILDREN_no
	.byte	73                              @ DW_AT_type
	.byte	19                              @ DW_FORM_ref4
	.byte	0                               @ EOM(1)
	.byte	0                               @ EOM(2)
	.byte	0                               @ EOM(3)
	.section	.debug_info,"",%progbits
.Lcu_begin0:
	.long	.Ldebug_info_end0-.Ldebug_info_start0 @ Length of Unit
.Ldebug_info_start0:
	.short	4                               @ DWARF version number
	.long	.debug_abbrev                   @ Offset Into Abbrev. Section
	.byte	4                               @ Address Size (in bytes)
	.byte	1                               @ Abbrev [1] 0xb:0x129 DW_TAG_compile_unit
	.long	.Linfo_string0                  @ DW_AT_producer
	.short	12                              @ DW_AT_language
	.long	.Linfo_string1                  @ DW_AT_name
	.long	.Lline_table_start0             @ DW_AT_stmt_list
	.long	.Linfo_string2                  @ DW_AT_comp_dir
	.long	.Lfunc_begin0                   @ DW_AT_low_pc
	.long	.Lfunc_end0-.Lfunc_begin0       @ DW_AT_high_pc
	.byte	2                               @ Abbrev [2] 0x26:0x7 DW_TAG_base_type
	.long	.Linfo_string3                  @ DW_AT_name
	.byte	8                               @ DW_AT_encoding
	.byte	1                               @ DW_AT_byte_size
	.byte	3                               @ Abbrev [3] 0x2d:0x5 DW_TAG_pointer_type
	.long	50                              @ DW_AT_type
	.byte	2                               @ Abbrev [2] 0x32:0x7 DW_TAG_base_type
	.long	.Linfo_string4                  @ DW_AT_name
	.byte	8                               @ DW_AT_encoding
	.byte	1                               @ DW_AT_byte_size
	.byte	4                               @ Abbrev [4] 0x39:0x18 DW_TAG_subprogram
	.long	.Linfo_string5                  @ DW_AT_name
	.byte	1                               @ DW_AT_decl_file
	.byte	16                              @ DW_AT_decl_line
                                        @ DW_AT_prototyped
	.long	81                              @ DW_AT_type
	.byte	1                               @ DW_AT_inline
	.byte	5                               @ Abbrev [5] 0x45:0xb DW_TAG_formal_parameter
	.long	.Linfo_string7                  @ DW_AT_name
	.byte	1                               @ DW_AT_decl_file
	.byte	16                              @ DW_AT_decl_line
	.long	81                              @ DW_AT_type
	.byte	0                               @ End Of Children Mark
	.byte	2                               @ Abbrev [2] 0x51:0x7 DW_TAG_base_type
	.long	.Linfo_string6                  @ DW_AT_name
	.byte	5                               @ DW_AT_encoding
	.byte	4                               @ DW_AT_byte_size
	.byte	6                               @ Abbrev [6] 0x58:0xa8 DW_TAG_subprogram
	.long	.Lfunc_begin0                   @ DW_AT_low_pc
	.long	.Lfunc_end0-.Lfunc_begin0       @ DW_AT_high_pc
	.byte	1                               @ DW_AT_frame_base
	.byte	93
                                        @ DW_AT_GNU_all_call_sites
	.long	.Linfo_string8                  @ DW_AT_name
	.byte	1                               @ DW_AT_decl_file
	.byte	36                              @ DW_AT_decl_line
                                        @ DW_AT_prototyped
	.long	256                             @ DW_AT_type
                                        @ DW_AT_external
	.byte	7                               @ Abbrev [7] 0x6d:0xf DW_TAG_formal_parameter
	.long	.Ldebug_loc0                    @ DW_AT_location
	.long	.Linfo_string11                 @ DW_AT_name
	.byte	1                               @ DW_AT_decl_file
	.byte	36                              @ DW_AT_decl_line
	.long	274                             @ DW_AT_type
	.byte	7                               @ Abbrev [7] 0x7c:0xf DW_TAG_formal_parameter
	.long	.Ldebug_loc1                    @ DW_AT_location
	.long	.Linfo_string12                 @ DW_AT_name
	.byte	1                               @ DW_AT_decl_file
	.byte	36                              @ DW_AT_decl_line
	.long	284                             @ DW_AT_type
	.byte	7                               @ Abbrev [7] 0x8b:0xf DW_TAG_formal_parameter
	.long	.Ldebug_loc2                    @ DW_AT_location
	.long	.Linfo_string13                 @ DW_AT_name
	.byte	1                               @ DW_AT_decl_file
	.byte	36                              @ DW_AT_decl_line
	.long	81                              @ DW_AT_type
	.byte	7                               @ Abbrev [7] 0x9a:0xf DW_TAG_formal_parameter
	.long	.Ldebug_loc3                    @ DW_AT_location
	.long	.Linfo_string14                 @ DW_AT_name
	.byte	1                               @ DW_AT_decl_file
	.byte	36                              @ DW_AT_decl_line
	.long	289                             @ DW_AT_type
	.byte	8                               @ Abbrev [8] 0xa9:0xf DW_TAG_variable
	.long	.Ldebug_loc4                    @ DW_AT_location
	.long	.Linfo_string17                 @ DW_AT_name
	.byte	1                               @ DW_AT_decl_file
	.byte	39                              @ DW_AT_decl_line
	.long	256                             @ DW_AT_type
	.byte	8                               @ Abbrev [8] 0xb8:0xf DW_TAG_variable
	.long	.Ldebug_loc5                    @ DW_AT_location
	.long	.Linfo_string18                 @ DW_AT_name
	.byte	1                               @ DW_AT_decl_file
	.byte	38                              @ DW_AT_decl_line
	.long	81                              @ DW_AT_type
	.byte	8                               @ Abbrev [8] 0xc7:0xf DW_TAG_variable
	.long	.Ldebug_loc6                    @ DW_AT_location
	.long	.Linfo_string20                 @ DW_AT_name
	.byte	1                               @ DW_AT_decl_file
	.byte	40                              @ DW_AT_decl_line
	.long	81                              @ DW_AT_type
	.byte	9                               @ Abbrev [9] 0xd6:0x11 DW_TAG_lexical_block
	.long	.Ldebug_ranges0                 @ DW_AT_ranges
	.byte	10                              @ Abbrev [10] 0xdb:0xb DW_TAG_variable
	.long	.Linfo_string19                 @ DW_AT_name
	.byte	1                               @ DW_AT_decl_file
	.byte	51                              @ DW_AT_decl_line
	.long	50                              @ DW_AT_type
	.byte	0                               @ End Of Children Mark
	.byte	11                              @ Abbrev [11] 0xe7:0x18 DW_TAG_inlined_subroutine
	.long	57                              @ DW_AT_abstract_origin
	.long	.Ltmp41                         @ DW_AT_low_pc
	.long	.Ltmp45-.Ltmp41                 @ DW_AT_high_pc
	.byte	1                               @ DW_AT_call_file
	.byte	90                              @ DW_AT_call_line
	.byte	22                              @ DW_AT_call_column
	.byte	12                              @ Abbrev [12] 0xf7:0x7 DW_TAG_formal_parameter
	.byte	1                               @ DW_AT_location
	.byte	82
	.long	69                              @ DW_AT_abstract_origin
	.byte	0                               @ End Of Children Mark
	.byte	0                               @ End Of Children Mark
	.byte	13                              @ Abbrev [13] 0x100:0xb DW_TAG_typedef
	.long	267                             @ DW_AT_type
	.long	.Linfo_string10                 @ DW_AT_name
	.byte	2                               @ DW_AT_decl_file
	.byte	107                             @ DW_AT_decl_line
	.byte	2                               @ Abbrev [2] 0x10b:0x7 DW_TAG_base_type
	.long	.Linfo_string9                  @ DW_AT_name
	.byte	7                               @ DW_AT_encoding
	.byte	8                               @ DW_AT_byte_size
	.byte	3                               @ Abbrev [3] 0x112:0x5 DW_TAG_pointer_type
	.long	279                             @ DW_AT_type
	.byte	14                              @ Abbrev [14] 0x117:0x5 DW_TAG_const_type
	.long	50                              @ DW_AT_type
	.byte	3                               @ Abbrev [3] 0x11c:0x5 DW_TAG_pointer_type
	.long	45                              @ DW_AT_type
	.byte	13                              @ Abbrev [13] 0x121:0xb DW_TAG_typedef
	.long	300                             @ DW_AT_type
	.long	.Linfo_string16                 @ DW_AT_name
	.byte	3                               @ DW_AT_decl_file
	.byte	53                              @ DW_AT_decl_line
	.byte	2                               @ Abbrev [2] 0x12c:0x7 DW_TAG_base_type
	.long	.Linfo_string15                 @ DW_AT_name
	.byte	7                               @ DW_AT_encoding
	.byte	4                               @ DW_AT_byte_size
	.byte	0                               @ End Of Children Mark
.Ldebug_info_end0:
	.section	.debug_ranges,"",%progbits
.Ldebug_ranges0:
	.long	.Ltmp14-.Lfunc_begin0
	.long	.Ltmp16-.Lfunc_begin0
	.long	.Ltmp17-.Lfunc_begin0
	.long	.Ltmp18-.Lfunc_begin0
	.long	0
	.long	0
	.section	.debug_str,"MS",%progbits,1
.Linfo_string0:
	.asciz	"Component: Arm Compiler for Embedded 6.21 Tool: armclang [5dfeb700]" @ string offset=0
.Linfo_string1:
	.asciz	"../../../components/platform/soc/rt582/rt582_dongle/dongle/src\\strntoumax.c" @ string offset=68
.Linfo_string2:
	.asciz	"C:\\Users\\testo\\Desktop\\rafael-iot-sdk-das - \350\244\207\350\243\275 (2)\\examples\\das_subg_thread\\keil" @ string offset=144
.Linfo_string3:
	.asciz	"unsigned char"                 @ string offset=229
.Linfo_string4:
	.asciz	"char"                          @ string offset=243
.Linfo_string5:
	.asciz	"digitval"                      @ string offset=248
.Linfo_string6:
	.asciz	"int"                           @ string offset=257
.Linfo_string7:
	.asciz	"ch"                            @ string offset=261
.Linfo_string8:
	.asciz	"strntoumax"                    @ string offset=264
.Linfo_string9:
	.asciz	"long long unsigned int"        @ string offset=275
.Linfo_string10:
	.asciz	"uintmax_t"                     @ string offset=298
.Linfo_string11:
	.asciz	"nptr"                          @ string offset=308
.Linfo_string12:
	.asciz	"endptr"                        @ string offset=313
.Linfo_string13:
	.asciz	"base"                          @ string offset=320
.Linfo_string14:
	.asciz	"n"                             @ string offset=325
.Linfo_string15:
	.asciz	"unsigned int"                  @ string offset=327
.Linfo_string16:
	.asciz	"size_t"                        @ string offset=340
.Linfo_string17:
	.asciz	"v"                             @ string offset=347
.Linfo_string18:
	.asciz	"minus"                         @ string offset=349
.Linfo_string19:
	.asciz	"c"                             @ string offset=355
.Linfo_string20:
	.asciz	"d"                             @ string offset=357
	.ident	"Component: Arm Compiler for Embedded 6.21 Tool: armclang [5dfeb700]"
	.section	".note.GNU-stack","",%progbits
	.eabi_attribute	30, 3	@ Tag_ABI_optimization_goals
	.ARM_attribute	16, 1	@ Tag_AV_eba
	.section	.debug_line,"",%progbits
.Lline_table_start0:
